Command line invocation:
    /Applications/Xcode.app/Contents/Developer/usr/bin/xcodebuild -project VoiceControlApp.xcodeproj -scheme VoiceControlApp -destination "platform=iOS Simulator,name=iPhone 16 18.5,OS=18.5" -configuration Debug build

Resolve Package Graph


Resolved source packages:
  AppAuth: https://github.com/openid/AppAuth-iOS.git @ 2.0.0
  abseil: https://github.com/google/abseil-cpp-binary.git @ 1.2024072200.0
  GoogleDataTransport: https://github.com/google/GoogleDataTransport.git @ 10.1.0
  leveldb: https://github.com/firebase/leveldb.git @ 1.22.5
  GoogleAppMeasurement: https://github.com/google/GoogleAppMeasurement.git @ 11.15.0
  Firebase: https://github.com/firebase/firebase-ios-sdk.git @ 11.15.0
  GTMSessionFetcher: https://github.com/google/gtm-session-fetcher.git @ 3.5.0
  Starscream: https://github.com/daltoniam/Starscream.git @ 4.0.8
  nanopb: https://github.com/firebase/nanopb.git @ 2.30910.0
  GoogleSignIn: https://github.com/google/GoogleSignIn-iOS @ 9.0.0
  GoogleUtilities: https://github.com/google/GoogleUtilities.git @ 8.1.0
  InteropForGoogle: https://github.com/google/interop-ios-for-google-sdks.git @ 101.0.0
  GoogleAdsOnDeviceConversion: https://github.com/googleads/google-ads-on-device-conversion-ios-sdk @ 2.1.0
  gRPC: https://github.com/google/grpc-binary.git @ 1.69.0
  AppCheck: https://github.com/google/app-check.git @ 11.2.0
  HotSwiftUI: https://github.com/johnno1962/HotSwiftUI @ 1.2.1
  SwiftProtobuf: https://github.com/apple/swift-protobuf.git @ 1.30.0
  Promises: https://github.com/google/promises.git @ 2.4.0
  GTMAppAuth: https://github.com/google/GTMAppAuth.git @ 5.0.0

--- xcodebuild: WARNING: Using the first of multiple matching destinations:
{ platform:iOS Simulator, arch:arm64, id:5B1989A0-1EC8-4187-8A99-466B20CB58F2, OS:18.5, name:iPhone 16 18.5 }
{ platform:iOS Simulator, arch:x86_64, id:5B1989A0-1EC8-4187-8A99-466B20CB58F2, OS:18.5, name:iPhone 16 18.5 }
ComputePackagePrebuildTargetDependencyGraph

Prepare packages

CreateBuildRequest

SendProjectDescription

CreateBuildOperation

ComputeTargetDependencyGraph
note: Building targets in dependency order
note: Target dependency graph (92 targets)
    Target 'VoiceControlApp' in project 'VoiceControlApp'
        ➜ Explicit dependency on target 'GoogleSignInSwift' in project 'GoogleSignIn'
        ➜ Explicit dependency on target 'GoogleSignIn' in project 'GoogleSignIn'
        ➜ Explicit dependency on target 'Starscream' in project 'Starscream'
        ➜ Explicit dependency on target 'FirebaseAuth' in project 'Firebase'
        ➜ Explicit dependency on target 'FirebaseDatabase' in project 'Firebase'
        ➜ Explicit dependency on target 'FirebaseFunctions' in project 'Firebase'
        ➜ Explicit dependency on target 'FirebaseFirestore' in project 'Firebase'
        ➜ Explicit dependency on target 'HotSwiftUI' in project 'HotSwiftUI'
    Target 'HotSwiftUI' in project 'HotSwiftUI'
        ➜ Explicit dependency on target 'HotSwiftUI' in project 'HotSwiftUI'
    Target 'HotSwiftUI' in project 'HotSwiftUI' (no dependencies)
    Target 'FirebaseFirestore' in project 'Firebase'
        ➜ Explicit dependency on target 'FirebaseFirestoreTarget' in project 'Firebase'
        ➜ Explicit dependency on target 'FirebaseFirestoreInternalWrapper' in project 'Firebase'
        ➜ Explicit dependency on target 'FirebaseAppCheckInterop' in project 'Firebase'
        ➜ Explicit dependency on target 'Firebase' in project 'Firebase'
        ➜ Explicit dependency on target 'FirebaseCoreInternal' in project 'Firebase'
        ➜ Explicit dependency on target 'FirebaseCore' in project 'Firebase'
        ➜ Explicit dependency on target 'FirebaseCoreExtension' in project 'Firebase'
        ➜ Explicit dependency on target 'FirebaseSharedSwift' in project 'Firebase'
        ➜ Explicit dependency on target 'FirebaseFirestore' in project 'Firebase'
        ➜ Explicit dependency on target 'GULNSData' in project 'GoogleUtilities'
        ➜ Explicit dependency on target 'GULEnvironment' in project 'GoogleUtilities'
        ➜ Explicit dependency on target 'GULLogger' in project 'GoogleUtilities'
        ➜ Explicit dependency on target 'abseil' in project 'abseil'
        ➜ Explicit dependency on target 'gRPC-C++' in project 'gRPC'
        ➜ Explicit dependency on target 'nanopb' in project 'nanopb'
        ➜ Explicit dependency on target 'leveldb' in project 'leveldb'
    Target 'FirebaseFirestoreTarget' in project 'Firebase'
        ➜ Explicit dependency on target 'FirebaseFirestoreInternalWrapper' in project 'Firebase'
        ➜ Explicit dependency on target 'FirebaseAppCheckInterop' in project 'Firebase'
        ➜ Explicit dependency on target 'Firebase' in project 'Firebase'
        ➜ Explicit dependency on target 'FirebaseCoreInternal' in project 'Firebase'
        ➜ Explicit dependency on target 'FirebaseCore' in project 'Firebase'
        ➜ Explicit dependency on target 'FirebaseCoreExtension' in project 'Firebase'
        ➜ Explicit dependency on target 'FirebaseSharedSwift' in project 'Firebase'
        ➜ Explicit dependency on target 'FirebaseFirestore' in project 'Firebase'
        ➜ Explicit dependency on target 'GULNSData' in project 'GoogleUtilities'
        ➜ Explicit dependency on target 'GULEnvironment' in project 'GoogleUtilities'
        ➜ Explicit dependency on target 'GULLogger' in project 'GoogleUtilities'
        ➜ Explicit dependency on target 'abseil' in project 'abseil'
        ➜ Explicit dependency on target 'gRPC-C++' in project 'gRPC'
        ➜ Explicit dependency on target 'nanopb' in project 'nanopb'
        ➜ Explicit dependency on target 'leveldb' in project 'leveldb'
    Target 'FirebaseFirestore' in project 'Firebase'
        ➜ Explicit dependency on target 'Firebase_FirebaseFirestore' in project 'Firebase'
        ➜ Explicit dependency on target 'FirebaseFirestoreInternalWrapper' in project 'Firebase'
        ➜ Explicit dependency on target 'FirebaseAppCheckInterop' in project 'Firebase'
        ➜ Explicit dependency on target 'Firebase' in project 'Firebase'
        ➜ Explicit dependency on target 'FirebaseCoreInternal' in project 'Firebase'
        ➜ Explicit dependency on target 'FirebaseCore' in project 'Firebase'
        ➜ Explicit dependency on target 'FirebaseCoreExtension' in project 'Firebase'
        ➜ Explicit dependency on target 'FirebaseSharedSwift' in project 'Firebase'
        ➜ Explicit dependency on target 'GULNSData' in project 'GoogleUtilities'
        ➜ Explicit dependency on target 'GULEnvironment' in project 'GoogleUtilities'
        ➜ Explicit dependency on target 'GULLogger' in project 'GoogleUtilities'
        ➜ Explicit dependency on target 'abseil' in project 'abseil'
        ➜ Explicit dependency on target 'gRPC-C++' in project 'gRPC'
        ➜ Explicit dependency on target 'nanopb' in project 'nanopb'
        ➜ Explicit dependency on target 'leveldb' in project 'leveldb'
    Target 'nanopb' in project 'nanopb'
        ➜ Explicit dependency on target 'nanopb' in project 'nanopb'
        ➜ Explicit dependency on target 'nanopb_nanopb' in project 'nanopb'
    Target 'nanopb' in project 'nanopb'
        ➜ Explicit dependency on target 'nanopb_nanopb' in project 'nanopb'
    Target 'nanopb_nanopb' in project 'nanopb' (no dependencies)
    Target 'gRPC-C++' in project 'gRPC'
        ➜ Explicit dependency on target 'grpcppWrapper' in project 'gRPC'
        ➜ Explicit dependency on target 'gRPC_grpcppWrapper' in project 'gRPC'
        ➜ Explicit dependency on target 'grpcWrapper' in project 'gRPC'
        ➜ Explicit dependency on target 'opensslWrapper' in project 'gRPC'
        ➜ Explicit dependency on target 'abseil' in project 'abseil'
    Target 'grpcppWrapper' in project 'gRPC'
        ➜ Explicit dependency on target 'gRPC_grpcppWrapper' in project 'gRPC'
        ➜ Explicit dependency on target 'grpcWrapper' in project 'gRPC'
        ➜ Explicit dependency on target 'opensslWrapper' in project 'gRPC'
        ➜ Explicit dependency on target 'abseil' in project 'abseil'
    Target 'opensslWrapper' in project 'gRPC'
        ➜ Explicit dependency on target 'gRPC_opensslWrapper' in project 'gRPC'
    Target 'gRPC_opensslWrapper' in project 'gRPC' (no dependencies)
    Target 'grpcWrapper' in project 'gRPC'
        ➜ Explicit dependency on target 'gRPC_grpcWrapper' in project 'gRPC'
    Target 'gRPC_grpcWrapper' in project 'gRPC' (no dependencies)
    Target 'gRPC_grpcppWrapper' in project 'gRPC' (no dependencies)
    Target 'abseil' in project 'abseil'
        ➜ Explicit dependency on target 'abslWrapper' in project 'abseil'
        ➜ Explicit dependency on target 'abseil_abslWrapper' in project 'abseil'
    Target 'abslWrapper' in project 'abseil'
        ➜ Explicit dependency on target 'abseil_abslWrapper' in project 'abseil'
    Target 'abseil_abslWrapper' in project 'abseil' (no dependencies)
    Target 'Firebase_FirebaseFirestore' in project 'Firebase' (no dependencies)
    Target 'FirebaseFirestoreInternalWrapper' in project 'Firebase' (no dependencies)
    Target 'FirebaseFunctions' in project 'Firebase'
        ➜ Explicit dependency on target 'FirebaseFunctions' in project 'Firebase'
        ➜ Explicit dependency on target 'FirebaseAppCheckInterop' in project 'Firebase'
        ➜ Explicit dependency on target 'FirebaseAuthInterop' in project 'Firebase'
        ➜ Explicit dependency on target 'Firebase' in project 'Firebase'
        ➜ Explicit dependency on target 'FirebaseCoreInternal' in project 'Firebase'
        ➜ Explicit dependency on target 'FirebaseCore' in project 'Firebase'
        ➜ Explicit dependency on target 'FirebaseCoreExtension' in project 'Firebase'
        ➜ Explicit dependency on target 'FirebaseMessagingInterop' in project 'Firebase'
        ➜ Explicit dependency on target 'FirebaseSharedSwift' in project 'Firebase'
        ➜ Explicit dependency on target 'GULNSData' in project 'GoogleUtilities'
        ➜ Explicit dependency on target 'GULEnvironment' in project 'GoogleUtilities'
        ➜ Explicit dependency on target 'GULLogger' in project 'GoogleUtilities'
        ➜ Explicit dependency on target 'GTMSessionFetcherCore' in project 'GTMSessionFetcher'
    Target 'FirebaseFunctions' in project 'Firebase'
        ➜ Explicit dependency on target 'FirebaseAppCheckInterop' in project 'Firebase'
        ➜ Explicit dependency on target 'FirebaseAuthInterop' in project 'Firebase'
        ➜ Explicit dependency on target 'Firebase' in project 'Firebase'
        ➜ Explicit dependency on target 'FirebaseCoreInternal' in project 'Firebase'
        ➜ Explicit dependency on target 'FirebaseCore' in project 'Firebase'
        ➜ Explicit dependency on target 'FirebaseCoreExtension' in project 'Firebase'
        ➜ Explicit dependency on target 'FirebaseMessagingInterop' in project 'Firebase'
        ➜ Explicit dependency on target 'FirebaseSharedSwift' in project 'Firebase'
        ➜ Explicit dependency on target 'GULNSData' in project 'GoogleUtilities'
        ➜ Explicit dependency on target 'GULEnvironment' in project 'GoogleUtilities'
        ➜ Explicit dependency on target 'GULLogger' in project 'GoogleUtilities'
        ➜ Explicit dependency on target 'GTMSessionFetcherCore' in project 'GTMSessionFetcher'
    Target 'FirebaseMessagingInterop' in project 'Firebase' (no dependencies)
    Target 'FirebaseDatabase' in project 'Firebase'
        ➜ Explicit dependency on target 'FirebaseDatabase' in project 'Firebase'
        ➜ Explicit dependency on target 'FirebaseAppCheckInterop' in project 'Firebase'
        ➜ Explicit dependency on target 'Firebase' in project 'Firebase'
        ➜ Explicit dependency on target 'FirebaseCoreInternal' in project 'Firebase'
        ➜ Explicit dependency on target 'FirebaseCore' in project 'Firebase'
        ➜ Explicit dependency on target 'FirebaseDatabaseInternal' in project 'Firebase'
        ➜ Explicit dependency on target 'FirebaseSharedSwift' in project 'Firebase'
        ➜ Explicit dependency on target 'GULNSData' in project 'GoogleUtilities'
        ➜ Explicit dependency on target 'GULEnvironment' in project 'GoogleUtilities'
        ➜ Explicit dependency on target 'GULLogger' in project 'GoogleUtilities'
        ➜ Explicit dependency on target 'leveldb' in project 'leveldb'
        ➜ Explicit dependency on target 'GULUserDefaults' in project 'GoogleUtilities'
    Target 'FirebaseDatabase' in project 'Firebase'
        ➜ Explicit dependency on target 'FirebaseAppCheckInterop' in project 'Firebase'
        ➜ Explicit dependency on target 'Firebase' in project 'Firebase'
        ➜ Explicit dependency on target 'FirebaseCoreInternal' in project 'Firebase'
        ➜ Explicit dependency on target 'FirebaseCore' in project 'Firebase'
        ➜ Explicit dependency on target 'FirebaseDatabaseInternal' in project 'Firebase'
        ➜ Explicit dependency on target 'FirebaseSharedSwift' in project 'Firebase'
        ➜ Explicit dependency on target 'GULNSData' in project 'GoogleUtilities'
        ➜ Explicit dependency on target 'GULEnvironment' in project 'GoogleUtilities'
        ➜ Explicit dependency on target 'GULLogger' in project 'GoogleUtilities'
        ➜ Explicit dependency on target 'leveldb' in project 'leveldb'
        ➜ Explicit dependency on target 'GULUserDefaults' in project 'GoogleUtilities'
    Target 'FirebaseSharedSwift' in project 'Firebase' (no dependencies)
    Target 'FirebaseDatabaseInternal' in project 'Firebase'
        ➜ Explicit dependency on target 'FirebaseAppCheckInterop' in project 'Firebase'
        ➜ Explicit dependency on target 'Firebase' in project 'Firebase'
        ➜ Explicit dependency on target 'FirebaseCoreInternal' in project 'Firebase'
        ➜ Explicit dependency on target 'FirebaseCore' in project 'Firebase'
        ➜ Explicit dependency on target 'GULNSData' in project 'GoogleUtilities'
        ➜ Explicit dependency on target 'GULEnvironment' in project 'GoogleUtilities'
        ➜ Explicit dependency on target 'GULLogger' in project 'GoogleUtilities'
        ➜ Explicit dependency on target 'leveldb' in project 'leveldb'
        ➜ Explicit dependency on target 'GULUserDefaults' in project 'GoogleUtilities'
    Target 'leveldb' in project 'leveldb'
        ➜ Explicit dependency on target 'leveldb' in project 'leveldb'
        ➜ Explicit dependency on target 'leveldb_leveldb' in project 'leveldb'
    Target 'leveldb' in project 'leveldb'
        ➜ Explicit dependency on target 'leveldb_leveldb' in project 'leveldb'
    Target 'leveldb_leveldb' in project 'leveldb' (no dependencies)
    Target 'FirebaseAuth' in project 'Firebase'
        ➜ Explicit dependency on target 'FirebaseAuth' in project 'Firebase'
        ➜ Explicit dependency on target 'Firebase_FirebaseAuth' in project 'Firebase'
        ➜ Explicit dependency on target 'FirebaseAppCheckInterop' in project 'Firebase'
        ➜ Explicit dependency on target 'FirebaseAuthInterop' in project 'Firebase'
        ➜ Explicit dependency on target 'FirebaseAuthInternal' in project 'Firebase'
        ➜ Explicit dependency on target 'Firebase' in project 'Firebase'
        ➜ Explicit dependency on target 'FirebaseCoreInternal' in project 'Firebase'
        ➜ Explicit dependency on target 'FirebaseCore' in project 'Firebase'
        ➜ Explicit dependency on target 'FirebaseCoreExtension' in project 'Firebase'
        ➜ Explicit dependency on target 'RecaptchaInterop' in project 'InteropForGoogle'
        ➜ Explicit dependency on target 'GULNSData' in project 'GoogleUtilities'
        ➜ Explicit dependency on target 'GULEnvironment' in project 'GoogleUtilities'
        ➜ Explicit dependency on target 'GULLogger' in project 'GoogleUtilities'
        ➜ Explicit dependency on target 'GULAppDelegateSwizzler' in project 'GoogleUtilities'
        ➜ Explicit dependency on target 'GTMSessionFetcherCore' in project 'GTMSessionFetcher'
    Target 'FirebaseAuth' in project 'Firebase'
        ➜ Explicit dependency on target 'Firebase_FirebaseAuth' in project 'Firebase'
        ➜ Explicit dependency on target 'FirebaseAppCheckInterop' in project 'Firebase'
        ➜ Explicit dependency on target 'FirebaseAuthInterop' in project 'Firebase'
        ➜ Explicit dependency on target 'FirebaseAuthInternal' in project 'Firebase'
        ➜ Explicit dependency on target 'Firebase' in project 'Firebase'
        ➜ Explicit dependency on target 'FirebaseCoreInternal' in project 'Firebase'
        ➜ Explicit dependency on target 'FirebaseCore' in project 'Firebase'
        ➜ Explicit dependency on target 'FirebaseCoreExtension' in project 'Firebase'
        ➜ Explicit dependency on target 'RecaptchaInterop' in project 'InteropForGoogle'
        ➜ Explicit dependency on target 'GULNSData' in project 'GoogleUtilities'
        ➜ Explicit dependency on target 'GULEnvironment' in project 'GoogleUtilities'
        ➜ Explicit dependency on target 'GULLogger' in project 'GoogleUtilities'
        ➜ Explicit dependency on target 'GULAppDelegateSwizzler' in project 'GoogleUtilities'
        ➜ Explicit dependency on target 'GTMSessionFetcherCore' in project 'GTMSessionFetcher'
    Target 'GULAppDelegateSwizzler' in project 'GoogleUtilities'
        ➜ Explicit dependency on target 'GoogleUtilities-AppDelegateSwizzler' in project 'GoogleUtilities'
        ➜ Explicit dependency on target 'GoogleUtilities_GoogleUtilities-AppDelegateSwizzler' in project 'GoogleUtilities'
        ➜ Explicit dependency on target 'third-party-IsAppEncrypted' in project 'GoogleUtilities'
        ➜ Explicit dependency on target 'GoogleUtilities-Environment' in project 'GoogleUtilities'
        ➜ Explicit dependency on target 'GoogleUtilities-Logger' in project 'GoogleUtilities'
        ➜ Explicit dependency on target 'GoogleUtilities-NSData' in project 'GoogleUtilities'
        ➜ Explicit dependency on target 'GoogleUtilities-Reachability' in project 'GoogleUtilities'
        ➜ Explicit dependency on target 'GoogleUtilities-Network' in project 'GoogleUtilities'
    Target 'GoogleUtilities-AppDelegateSwizzler' in project 'GoogleUtilities'
        ➜ Explicit dependency on target 'GoogleUtilities_GoogleUtilities-AppDelegateSwizzler' in project 'GoogleUtilities'
        ➜ Explicit dependency on target 'third-party-IsAppEncrypted' in project 'GoogleUtilities'
        ➜ Explicit dependency on target 'GoogleUtilities-Environment' in project 'GoogleUtilities'
        ➜ Explicit dependency on target 'GoogleUtilities-Logger' in project 'GoogleUtilities'
        ➜ Explicit dependency on target 'GoogleUtilities-NSData' in project 'GoogleUtilities'
        ➜ Explicit dependency on target 'GoogleUtilities-Reachability' in project 'GoogleUtilities'
        ➜ Explicit dependency on target 'GoogleUtilities-Network' in project 'GoogleUtilities'
    Target 'GoogleUtilities-Network' in project 'GoogleUtilities'
        ➜ Explicit dependency on target 'GoogleUtilities_GoogleUtilities-Network' in project 'GoogleUtilities'
        ➜ Explicit dependency on target 'third-party-IsAppEncrypted' in project 'GoogleUtilities'
        ➜ Explicit dependency on target 'GoogleUtilities-Environment' in project 'GoogleUtilities'
        ➜ Explicit dependency on target 'GoogleUtilities-Logger' in project 'GoogleUtilities'
        ➜ Explicit dependency on target 'GoogleUtilities-NSData' in project 'GoogleUtilities'
        ➜ Explicit dependency on target 'GoogleUtilities-Reachability' in project 'GoogleUtilities'
    Target 'GoogleUtilities_GoogleUtilities-Network' in project 'GoogleUtilities' (no dependencies)
    Target 'GoogleUtilities-Reachability' in project 'GoogleUtilities'
        ➜ Explicit dependency on target 'GoogleUtilities_GoogleUtilities-Reachability' in project 'GoogleUtilities'
        ➜ Explicit dependency on target 'third-party-IsAppEncrypted' in project 'GoogleUtilities'
        ➜ Explicit dependency on target 'GoogleUtilities-Environment' in project 'GoogleUtilities'
        ➜ Explicit dependency on target 'GoogleUtilities-Logger' in project 'GoogleUtilities'
    Target 'GoogleUtilities_GoogleUtilities-Reachability' in project 'GoogleUtilities' (no dependencies)
    Target 'GoogleUtilities_GoogleUtilities-AppDelegateSwizzler' in project 'GoogleUtilities' (no dependencies)
    Target 'FirebaseCoreExtension' in project 'Firebase'
        ➜ Explicit dependency on target 'Firebase_FirebaseCoreExtension' in project 'Firebase'
    Target 'Firebase_FirebaseCoreExtension' in project 'Firebase' (no dependencies)
    Target 'FirebaseCore' in project 'Firebase'
        ➜ Explicit dependency on target 'Firebase_FirebaseCore' in project 'Firebase'
        ➜ Explicit dependency on target 'Firebase' in project 'Firebase'
        ➜ Explicit dependency on target 'FirebaseCoreInternal' in project 'Firebase'
        ➜ Explicit dependency on target 'GULNSData' in project 'GoogleUtilities'
        ➜ Explicit dependency on target 'GULEnvironment' in project 'GoogleUtilities'
        ➜ Explicit dependency on target 'GULLogger' in project 'GoogleUtilities'
    Target 'GULLogger' in project 'GoogleUtilities'
        ➜ Explicit dependency on target 'GoogleUtilities-Logger' in project 'GoogleUtilities'
        ➜ Explicit dependency on target 'GoogleUtilities_GoogleUtilities-Logger' in project 'GoogleUtilities'
        ➜ Explicit dependency on target 'third-party-IsAppEncrypted' in project 'GoogleUtilities'
        ➜ Explicit dependency on target 'GoogleUtilities-Environment' in project 'GoogleUtilities'
    Target 'Firebase_FirebaseCore' in project 'Firebase' (no dependencies)
    Target 'FirebaseCoreInternal' in project 'Firebase'
        ➜ Explicit dependency on target 'Firebase_FirebaseCoreInternal' in project 'Firebase'
        ➜ Explicit dependency on target 'GULNSData' in project 'GoogleUtilities'
    Target 'GULNSData' in project 'GoogleUtilities'
        ➜ Explicit dependency on target 'GoogleUtilities-NSData' in project 'GoogleUtilities'
        ➜ Explicit dependency on target 'GoogleUtilities_GoogleUtilities-NSData' in project 'GoogleUtilities'
    Target 'GoogleUtilities-NSData' in project 'GoogleUtilities'
        ➜ Explicit dependency on target 'GoogleUtilities_GoogleUtilities-NSData' in project 'GoogleUtilities'
    Target 'GoogleUtilities_GoogleUtilities-NSData' in project 'GoogleUtilities' (no dependencies)
    Target 'Firebase_FirebaseCoreInternal' in project 'Firebase' (no dependencies)
    Target 'Firebase' in project 'Firebase' (no dependencies)
    Target 'FirebaseAuthInternal' in project 'Firebase'
        ➜ Explicit dependency on target 'RecaptchaInterop' in project 'InteropForGoogle'
    Target 'RecaptchaInterop' in project 'InteropForGoogle'
        ➜ Explicit dependency on target 'RecaptchaInterop' in project 'InteropForGoogle'
    Target 'RecaptchaInterop' in project 'InteropForGoogle' (no dependencies)
    Target 'FirebaseAuthInterop' in project 'Firebase' (no dependencies)
    Target 'FirebaseAppCheckInterop' in project 'Firebase' (no dependencies)
    Target 'Firebase_FirebaseAuth' in project 'Firebase' (no dependencies)
    Target 'Starscream' in project 'Starscream'
        ➜ Explicit dependency on target 'Starscream' in project 'Starscream'
        ➜ Explicit dependency on target 'Starscream_Starscream' in project 'Starscream'
    Target 'Starscream' in project 'Starscream'
        ➜ Explicit dependency on target 'Starscream_Starscream' in project 'Starscream'
    Target 'Starscream_Starscream' in project 'Starscream' (no dependencies)
    Target 'GoogleSignIn' in project 'GoogleSignIn'
        ➜ Explicit dependency on target 'GoogleSignIn' in project 'GoogleSignIn'
        ➜ Explicit dependency on target 'GoogleSignIn_GoogleSignIn' in project 'GoogleSignIn'
        ➜ Explicit dependency on target 'AppAuth' in project 'AppAuth'
        ➜ Explicit dependency on target 'AppAuthCore' in project 'AppAuth'
        ➜ Explicit dependency on target 'AppCheckCore' in project 'AppCheck'
        ➜ Explicit dependency on target 'GTMAppAuth' in project 'GTMAppAuth'
        ➜ Explicit dependency on target 'GTMSessionFetcherCore' in project 'GTMSessionFetcher'
    Target 'GoogleSignInSwift' in project 'GoogleSignIn'
        ➜ Explicit dependency on target 'GoogleSignInSwift' in project 'GoogleSignIn'
        ➜ Explicit dependency on target 'GoogleSignIn_GoogleSignInSwift' in project 'GoogleSignIn'
        ➜ Explicit dependency on target 'GoogleSignIn' in project 'GoogleSignIn'
        ➜ Explicit dependency on target 'AppAuth' in project 'AppAuth'
        ➜ Explicit dependency on target 'AppAuthCore' in project 'AppAuth'
        ➜ Explicit dependency on target 'AppCheckCore' in project 'AppCheck'
        ➜ Explicit dependency on target 'GTMAppAuth' in project 'GTMAppAuth'
        ➜ Explicit dependency on target 'GTMSessionFetcherCore' in project 'GTMSessionFetcher'
    Target 'GoogleSignInSwift' in project 'GoogleSignIn'
        ➜ Explicit dependency on target 'GoogleSignIn_GoogleSignInSwift' in project 'GoogleSignIn'
        ➜ Explicit dependency on target 'GoogleSignIn' in project 'GoogleSignIn'
        ➜ Explicit dependency on target 'AppAuth' in project 'AppAuth'
        ➜ Explicit dependency on target 'AppAuthCore' in project 'AppAuth'
        ➜ Explicit dependency on target 'AppCheckCore' in project 'AppCheck'
        ➜ Explicit dependency on target 'GTMAppAuth' in project 'GTMAppAuth'
        ➜ Explicit dependency on target 'GTMSessionFetcherCore' in project 'GTMSessionFetcher'
    Target 'GoogleSignIn' in project 'GoogleSignIn'
        ➜ Explicit dependency on target 'GoogleSignIn_GoogleSignIn' in project 'GoogleSignIn'
        ➜ Explicit dependency on target 'AppAuth' in project 'AppAuth'
        ➜ Explicit dependency on target 'AppAuthCore' in project 'AppAuth'
        ➜ Explicit dependency on target 'AppCheckCore' in project 'AppCheck'
        ➜ Explicit dependency on target 'GTMAppAuth' in project 'GTMAppAuth'
        ➜ Explicit dependency on target 'GTMSessionFetcherCore' in project 'GTMSessionFetcher'
    Target 'GTMAppAuth' in project 'GTMAppAuth'
        ➜ Explicit dependency on target 'GTMAppAuth' in project 'GTMAppAuth'
        ➜ Explicit dependency on target 'GTMAppAuth_GTMAppAuth' in project 'GTMAppAuth'
        ➜ Explicit dependency on target 'GTMSessionFetcherCore' in project 'GTMSessionFetcher'
        ➜ Explicit dependency on target 'AppAuthCore' in project 'AppAuth'
    Target 'GTMAppAuth' in project 'GTMAppAuth'
        ➜ Explicit dependency on target 'GTMAppAuth_GTMAppAuth' in project 'GTMAppAuth'
        ➜ Explicit dependency on target 'GTMSessionFetcherCore' in project 'GTMSessionFetcher'
        ➜ Explicit dependency on target 'AppAuthCore' in project 'AppAuth'
    Target 'GTMSessionFetcherCore' in project 'GTMSessionFetcher'
        ➜ Explicit dependency on target 'GTMSessionFetcherCore' in project 'GTMSessionFetcher'
        ➜ Explicit dependency on target 'GTMSessionFetcher_GTMSessionFetcherCore' in project 'GTMSessionFetcher'
    Target 'GTMSessionFetcherCore' in project 'GTMSessionFetcher'
        ➜ Explicit dependency on target 'GTMSessionFetcher_GTMSessionFetcherCore' in project 'GTMSessionFetcher'
    Target 'GTMSessionFetcher_GTMSessionFetcherCore' in project 'GTMSessionFetcher' (no dependencies)
    Target 'GTMAppAuth_GTMAppAuth' in project 'GTMAppAuth' (no dependencies)
    Target 'AppCheckCore' in project 'AppCheck'
        ➜ Explicit dependency on target 'AppCheckCore' in project 'AppCheck'
        ➜ Explicit dependency on target 'FBLPromises' in project 'Promises'
        ➜ Explicit dependency on target 'GULEnvironment' in project 'GoogleUtilities'
        ➜ Explicit dependency on target 'GULUserDefaults' in project 'GoogleUtilities'
    Target 'AppCheckCore' in project 'AppCheck'
        ➜ Explicit dependency on target 'FBLPromises' in project 'Promises'
        ➜ Explicit dependency on target 'GULEnvironment' in project 'GoogleUtilities'
        ➜ Explicit dependency on target 'GULUserDefaults' in project 'GoogleUtilities'
    Target 'GULUserDefaults' in project 'GoogleUtilities'
        ➜ Explicit dependency on target 'GoogleUtilities-UserDefaults' in project 'GoogleUtilities'
        ➜ Explicit dependency on target 'GoogleUtilities_GoogleUtilities-UserDefaults' in project 'GoogleUtilities'
        ➜ Explicit dependency on target 'third-party-IsAppEncrypted' in project 'GoogleUtilities'
        ➜ Explicit dependency on target 'GoogleUtilities-Environment' in project 'GoogleUtilities'
        ➜ Explicit dependency on target 'GoogleUtilities-Logger' in project 'GoogleUtilities'
    Target 'GoogleUtilities-UserDefaults' in project 'GoogleUtilities'
        ➜ Explicit dependency on target 'GoogleUtilities_GoogleUtilities-UserDefaults' in project 'GoogleUtilities'
        ➜ Explicit dependency on target 'third-party-IsAppEncrypted' in project 'GoogleUtilities'
        ➜ Explicit dependency on target 'GoogleUtilities-Environment' in project 'GoogleUtilities'
        ➜ Explicit dependency on target 'GoogleUtilities-Logger' in project 'GoogleUtilities'
    Target 'GoogleUtilities-Logger' in project 'GoogleUtilities'
        ➜ Explicit dependency on target 'GoogleUtilities_GoogleUtilities-Logger' in project 'GoogleUtilities'
        ➜ Explicit dependency on target 'third-party-IsAppEncrypted' in project 'GoogleUtilities'
        ➜ Explicit dependency on target 'GoogleUtilities-Environment' in project 'GoogleUtilities'
    Target 'GoogleUtilities_GoogleUtilities-Logger' in project 'GoogleUtilities' (no dependencies)
    Target 'GoogleUtilities_GoogleUtilities-UserDefaults' in project 'GoogleUtilities' (no dependencies)
    Target 'GULEnvironment' in project 'GoogleUtilities'
        ➜ Explicit dependency on target 'GoogleUtilities-Environment' in project 'GoogleUtilities'
        ➜ Explicit dependency on target 'GoogleUtilities_GoogleUtilities-Environment' in project 'GoogleUtilities'
        ➜ Explicit dependency on target 'third-party-IsAppEncrypted' in project 'GoogleUtilities'
    Target 'GoogleUtilities-Environment' in project 'GoogleUtilities'
        ➜ Explicit dependency on target 'GoogleUtilities_GoogleUtilities-Environment' in project 'GoogleUtilities'
        ➜ Explicit dependency on target 'third-party-IsAppEncrypted' in project 'GoogleUtilities'
    Target 'third-party-IsAppEncrypted' in project 'GoogleUtilities' (no dependencies)
    Target 'GoogleUtilities_GoogleUtilities-Environment' in project 'GoogleUtilities' (no dependencies)
    Target 'FBLPromises' in project 'Promises'
        ➜ Explicit dependency on target 'FBLPromises' in project 'Promises'
        ➜ Explicit dependency on target 'Promises_FBLPromises' in project 'Promises'
    Target 'FBLPromises' in project 'Promises'
        ➜ Explicit dependency on target 'Promises_FBLPromises' in project 'Promises'
    Target 'Promises_FBLPromises' in project 'Promises' (no dependencies)
    Target 'AppAuthCore' in project 'AppAuth'
        ➜ Explicit dependency on target 'AppAuthCore' in project 'AppAuth'
        ➜ Explicit dependency on target 'AppAuth_AppAuthCore' in project 'AppAuth'
    Target 'AppAuth' in project 'AppAuth'
        ➜ Explicit dependency on target 'AppAuth' in project 'AppAuth'
        ➜ Explicit dependency on target 'AppAuth_AppAuth' in project 'AppAuth'
        ➜ Explicit dependency on target 'AppAuthCore' in project 'AppAuth'
    Target 'AppAuth' in project 'AppAuth'
        ➜ Explicit dependency on target 'AppAuth_AppAuth' in project 'AppAuth'
        ➜ Explicit dependency on target 'AppAuthCore' in project 'AppAuth'
    Target 'AppAuthCore' in project 'AppAuth'
        ➜ Explicit dependency on target 'AppAuth_AppAuthCore' in project 'AppAuth'
    Target 'AppAuth_AppAuthCore' in project 'AppAuth' (no dependencies)
    Target 'AppAuth_AppAuth' in project 'AppAuth' (no dependencies)
    Target 'GoogleSignIn_GoogleSignIn' in project 'GoogleSignIn' (no dependencies)
    Target 'GoogleSignIn_GoogleSignInSwift' in project 'GoogleSignIn' (no dependencies)

GatherProvisioningInputs

CreateBuildDescription

ExecuteExternalTool /Applications/Xcode.app/Contents/Developer/Toolchains/XcodeDefault.xctoolchain/usr/bin/clang -v -E -dM -arch arm64 -isysroot /Applications/Xcode.app/Contents/Developer/Platforms/iPhoneSimulator.platform/Developer/SDKs/iPhoneSimulator18.5.sdk -x objective-c -c /dev/null

ExecuteExternalTool /Applications/Xcode.app/Contents/Developer/Toolchains/XcodeDefault.xctoolchain/usr/bin/swiftc --version

ExecuteExternalTool /Applications/Xcode.app/Contents/Developer/usr/bin/actool --print-asset-tag-combinations --output-format xml1 /Users/colinmignot/Cursor/Ios Voice Control/PRPs-agentic-eng/VoiceControlApp/Preview Content/Preview Assets.xcassets /Users/colinmignot/Cursor/Ios Voice Control/PRPs-agentic-eng/VoiceControlApp/Assets.xcassets

ExecuteExternalTool /Applications/Xcode.app/Contents/Developer/Toolchains/XcodeDefault.xctoolchain/usr/bin/clang -v -E -dM -isysroot /Applications/Xcode.app/Contents/Developer/Platforms/iPhoneSimulator.platform/Developer/SDKs/iPhoneSimulator18.5.sdk -x c -c /dev/null

ExecuteExternalTool /Applications/Xcode.app/Contents/Developer/usr/bin/actool --version --output-format xml1

ExecuteExternalTool /Applications/Xcode.app/Contents/Developer/Toolchains/XcodeDefault.xctoolchain/usr/bin/ld -version_details

ExecuteExternalTool /Applications/Xcode.app/Contents/Developer/Toolchains/XcodeDefault.xctoolchain/usr/bin/clang -v -E -dM -arch arm64 -isysroot /Applications/Xcode.app/Contents/Developer/Platforms/iPhoneSimulator.platform/Developer/SDKs/iPhoneSimulator18.5.sdk -x c++ -c /dev/null

ExecuteExternalTool /Applications/Xcode.app/Contents/Developer/Toolchains/XcodeDefault.xctoolchain/usr/bin/clang -v -E -dM -arch arm64 -isysroot /Applications/Xcode.app/Contents/Developer/Platforms/iPhoneSimulator.platform/Developer/SDKs/iPhoneSimulator18.5.sdk -x c -c /dev/null

ExecuteExternalTool /Applications/Xcode.app/Contents/Developer/Toolchains/XcodeDefault.xctoolchain/usr/bin/clang -v -E -dM -arch arm64 -isysroot /Applications/Xcode.app/Contents/Developer/Platforms/iPhoneSimulator.platform/Developer/SDKs/iPhoneSimulator18.5.sdk -x objective-c++ -c /dev/null

Build description signature: 69d4b1aa8a9ce22689c59ea12d10bfdd
Build description path: /Users/colinmignot/Library/Developer/Xcode/DerivedData/VoiceControlApp-blksosoomtdtwjhjsmxmvltvxzbh/Build/Intermediates.noindex/XCBuildData/69d4b1aa8a9ce22689c59ea12d10bfdd.xcbuilddata
ClangStatCache /Applications/Xcode.app/Contents/Developer/Toolchains/XcodeDefault.xctoolchain/usr/bin/clang-stat-cache /Applications/Xcode.app/Contents/Developer/Platforms/iPhoneSimulator.platform/Developer/SDKs/iPhoneSimulator18.5.sdk /Users/colinmignot/Library/Developer/Xcode/DerivedData/SDKStatCaches.noindex/iphonesimulator18.5-22F76-d5fc8ad4295d2ef488fb7d0f804ce0c4.sdkstatcache
    cd /Users/colinmignot/Cursor/Ios\ Voice\ Control/PRPs-agentic-eng/VoiceControlApp.xcodeproj
    /Applications/Xcode.app/Contents/Developer/Toolchains/XcodeDefault.xctoolchain/usr/bin/clang-stat-cache /Applications/Xcode.app/Contents/Developer/Platforms/iPhoneSimulator.platform/Developer/SDKs/iPhoneSimulator18.5.sdk -o /Users/colinmignot/Library/Developer/Xcode/DerivedData/SDKStatCaches.noindex/iphonesimulator18.5-22F76-d5fc8ad4295d2ef488fb7d0f804ce0c4.sdkstatcache

ProcessInfoPlistFile /Users/colinmignot/Library/Developer/Xcode/DerivedData/VoiceControlApp-blksosoomtdtwjhjsmxmvltvxzbh/Build/Products/Debug-iphonesimulator/Firebase_FirebaseCoreInternal.bundle/Info.plist /Users/colinmignot/Library/Developer/Xcode/DerivedData/VoiceControlApp-blksosoomtdtwjhjsmxmvltvxzbh/Build/Intermediates.noindex/Firebase.build/Debug-iphonesimulator/Firebase_FirebaseCoreInternal.build/empty-Firebase_FirebaseCoreInternal.plist (in target 'Firebase_FirebaseCoreInternal' from project 'Firebase')
    cd /Users/colinmignot/Library/Developer/Xcode/DerivedData/VoiceControlApp-blksosoomtdtwjhjsmxmvltvxzbh/SourcePackages/checkouts/firebase-ios-sdk
    builtin-infoPlistUtility /Users/colinmignot/Library/Developer/Xcode/DerivedData/VoiceControlApp-blksosoomtdtwjhjsmxmvltvxzbh/Build/Intermediates.noindex/Firebase.build/Debug-iphonesimulator/Firebase_FirebaseCoreInternal.build/empty-Firebase_FirebaseCoreInternal.plist -producttype com.apple.product-type.bundle -expandbuildsettings -format binary -platform iphonesimulator -o /Users/colinmignot/Library/Developer/Xcode/DerivedData/VoiceControlApp-blksosoomtdtwjhjsmxmvltvxzbh/Build/Products/Debug-iphonesimulator/Firebase_FirebaseCoreInternal.bundle/Info.plist

ProcessInfoPlistFile /Users/colinmignot/Library/Developer/Xcode/DerivedData/VoiceControlApp-blksosoomtdtwjhjsmxmvltvxzbh/Build/Products/Debug-iphonesimulator/GoogleUtilities_GoogleUtilities-NSData.bundle/Info.plist /Users/colinmignot/Library/Developer/Xcode/DerivedData/VoiceControlApp-blksosoomtdtwjhjsmxmvltvxzbh/Build/Intermediates.noindex/GoogleUtilities.build/Debug-iphonesimulator/GoogleUtilities_GoogleUtilities-NSData.build/empty-GoogleUtilities_GoogleUtilities-NSData.plist (in target 'GoogleUtilities_GoogleUtilities-NSData' from project 'GoogleUtilities')
    cd /Users/colinmignot/Library/Developer/Xcode/DerivedData/VoiceControlApp-blksosoomtdtwjhjsmxmvltvxzbh/SourcePackages/checkouts/GoogleUtilities
    builtin-infoPlistUtility /Users/colinmignot/Library/Developer/Xcode/DerivedData/VoiceControlApp-blksosoomtdtwjhjsmxmvltvxzbh/Build/Intermediates.noindex/GoogleUtilities.build/Debug-iphonesimulator/GoogleUtilities_GoogleUtilities-NSData.build/empty-GoogleUtilities_GoogleUtilities-NSData.plist -producttype com.apple.product-type.bundle -expandbuildsettings -format binary -platform iphonesimulator -o /Users/colinmignot/Library/Developer/Xcode/DerivedData/VoiceControlApp-blksosoomtdtwjhjsmxmvltvxzbh/Build/Products/Debug-iphonesimulator/GoogleUtilities_GoogleUtilities-NSData.bundle/Info.plist

ProcessInfoPlistFile /Users/colinmignot/Library/Developer/Xcode/DerivedData/VoiceControlApp-blksosoomtdtwjhjsmxmvltvxzbh/Build/Products/Debug-iphonesimulator/GoogleUtilities_GoogleUtilities-Logger.bundle/Info.plist /Users/colinmignot/Library/Developer/Xcode/DerivedData/VoiceControlApp-blksosoomtdtwjhjsmxmvltvxzbh/Build/Intermediates.noindex/GoogleUtilities.build/Debug-iphonesimulator/GoogleUtilities_GoogleUtilities-Logger.build/empty-GoogleUtilities_GoogleUtilities-Logger.plist (in target 'GoogleUtilities_GoogleUtilities-Logger' from project 'GoogleUtilities')
    cd /Users/colinmignot/Library/Developer/Xcode/DerivedData/VoiceControlApp-blksosoomtdtwjhjsmxmvltvxzbh/SourcePackages/checkouts/GoogleUtilities
    builtin-infoPlistUtility /Users/colinmignot/Library/Developer/Xcode/DerivedData/VoiceControlApp-blksosoomtdtwjhjsmxmvltvxzbh/Build/Intermediates.noindex/GoogleUtilities.build/Debug-iphonesimulator/GoogleUtilities_GoogleUtilities-Logger.build/empty-GoogleUtilities_GoogleUtilities-Logger.plist -producttype com.apple.product-type.bundle -expandbuildsettings -format binary -platform iphonesimulator -o /Users/colinmignot/Library/Developer/Xcode/DerivedData/VoiceControlApp-blksosoomtdtwjhjsmxmvltvxzbh/Build/Products/Debug-iphonesimulator/GoogleUtilities_GoogleUtilities-Logger.bundle/Info.plist

ProcessInfoPlistFile /Users/colinmignot/Library/Developer/Xcode/DerivedData/VoiceControlApp-blksosoomtdtwjhjsmxmvltvxzbh/Build/Products/Debug-iphonesimulator/GoogleUtilities_GoogleUtilities-Environment.bundle/Info.plist /Users/colinmignot/Library/Developer/Xcode/DerivedData/VoiceControlApp-blksosoomtdtwjhjsmxmvltvxzbh/Build/Intermediates.noindex/GoogleUtilities.build/Debug-iphonesimulator/GoogleUtilities_GoogleUtilities-Environment.build/empty-GoogleUtilities_GoogleUtilities-Environment.plist (in target 'GoogleUtilities_GoogleUtilities-Environment' from project 'GoogleUtilities')
    cd /Users/colinmignot/Library/Developer/Xcode/DerivedData/VoiceControlApp-blksosoomtdtwjhjsmxmvltvxzbh/SourcePackages/checkouts/GoogleUtilities
    builtin-infoPlistUtility /Users/colinmignot/Library/Developer/Xcode/DerivedData/VoiceControlApp-blksosoomtdtwjhjsmxmvltvxzbh/Build/Intermediates.noindex/GoogleUtilities.build/Debug-iphonesimulator/GoogleUtilities_GoogleUtilities-Environment.build/empty-GoogleUtilities_GoogleUtilities-Environment.plist -producttype com.apple.product-type.bundle -expandbuildsettings -format binary -platform iphonesimulator -o /Users/colinmignot/Library/Developer/Xcode/DerivedData/VoiceControlApp-blksosoomtdtwjhjsmxmvltvxzbh/Build/Products/Debug-iphonesimulator/GoogleUtilities_GoogleUtilities-Environment.bundle/Info.plist

ProcessInfoPlistFile /Users/colinmignot/Library/Developer/Xcode/DerivedData/VoiceControlApp-blksosoomtdtwjhjsmxmvltvxzbh/Build/Products/Debug-iphonesimulator/Firebase_FirebaseCore.bundle/Info.plist /Users/colinmignot/Library/Developer/Xcode/DerivedData/VoiceControlApp-blksosoomtdtwjhjsmxmvltvxzbh/Build/Intermediates.noindex/Firebase.build/Debug-iphonesimulator/Firebase_FirebaseCore.build/empty-Firebase_FirebaseCore.plist (in target 'Firebase_FirebaseCore' from project 'Firebase')
    cd /Users/colinmignot/Library/Developer/Xcode/DerivedData/VoiceControlApp-blksosoomtdtwjhjsmxmvltvxzbh/SourcePackages/checkouts/firebase-ios-sdk
    builtin-infoPlistUtility /Users/colinmignot/Library/Developer/Xcode/DerivedData/VoiceControlApp-blksosoomtdtwjhjsmxmvltvxzbh/Build/Intermediates.noindex/Firebase.build/Debug-iphonesimulator/Firebase_FirebaseCore.build/empty-Firebase_FirebaseCore.plist -producttype com.apple.product-type.bundle -expandbuildsettings -format binary -platform iphonesimulator -o /Users/colinmignot/Library/Developer/Xcode/DerivedData/VoiceControlApp-blksosoomtdtwjhjsmxmvltvxzbh/Build/Products/Debug-iphonesimulator/Firebase_FirebaseCore.bundle/Info.plist

ProcessInfoPlistFile /Users/colinmignot/Library/Developer/Xcode/DerivedData/VoiceControlApp-blksosoomtdtwjhjsmxmvltvxzbh/Build/Products/Debug-iphonesimulator/GoogleUtilities_GoogleUtilities-Reachability.bundle/Info.plist /Users/colinmignot/Library/Developer/Xcode/DerivedData/VoiceControlApp-blksosoomtdtwjhjsmxmvltvxzbh/Build/Intermediates.noindex/GoogleUtilities.build/Debug-iphonesimulator/GoogleUtilities_GoogleUtilities-Reachability.build/empty-GoogleUtilities_GoogleUtilities-Reachability.plist (in target 'GoogleUtilities_GoogleUtilities-Reachability' from project 'GoogleUtilities')
    cd /Users/colinmignot/Library/Developer/Xcode/DerivedData/VoiceControlApp-blksosoomtdtwjhjsmxmvltvxzbh/SourcePackages/checkouts/GoogleUtilities
    builtin-infoPlistUtility /Users/colinmignot/Library/Developer/Xcode/DerivedData/VoiceControlApp-blksosoomtdtwjhjsmxmvltvxzbh/Build/Intermediates.noindex/GoogleUtilities.build/Debug-iphonesimulator/GoogleUtilities_GoogleUtilities-Reachability.build/empty-GoogleUtilities_GoogleUtilities-Reachability.plist -producttype com.apple.product-type.bundle -expandbuildsettings -format binary -platform iphonesimulator -o /Users/colinmignot/Library/Developer/Xcode/DerivedData/VoiceControlApp-blksosoomtdtwjhjsmxmvltvxzbh/Build/Products/Debug-iphonesimulator/GoogleUtilities_GoogleUtilities-Reachability.bundle/Info.plist

ProcessInfoPlistFile /Users/colinmignot/Library/Developer/Xcode/DerivedData/VoiceControlApp-blksosoomtdtwjhjsmxmvltvxzbh/Build/Products/Debug-iphonesimulator/GoogleUtilities_GoogleUtilities-Network.bundle/Info.plist /Users/colinmignot/Library/Developer/Xcode/DerivedData/VoiceControlApp-blksosoomtdtwjhjsmxmvltvxzbh/Build/Intermediates.noindex/GoogleUtilities.build/Debug-iphonesimulator/GoogleUtilities_GoogleUtilities-Network.build/empty-GoogleUtilities_GoogleUtilities-Network.plist (in target 'GoogleUtilities_GoogleUtilities-Network' from project 'GoogleUtilities')
    cd /Users/colinmignot/Library/Developer/Xcode/DerivedData/VoiceControlApp-blksosoomtdtwjhjsmxmvltvxzbh/SourcePackages/checkouts/GoogleUtilities
    builtin-infoPlistUtility /Users/colinmignot/Library/Developer/Xcode/DerivedData/VoiceControlApp-blksosoomtdtwjhjsmxmvltvxzbh/Build/Intermediates.noindex/GoogleUtilities.build/Debug-iphonesimulator/GoogleUtilities_GoogleUtilities-Network.build/empty-GoogleUtilities_GoogleUtilities-Network.plist -producttype com.apple.product-type.bundle -expandbuildsettings -format binary -platform iphonesimulator -o /Users/colinmignot/Library/Developer/Xcode/DerivedData/VoiceControlApp-blksosoomtdtwjhjsmxmvltvxzbh/Build/Products/Debug-iphonesimulator/GoogleUtilities_GoogleUtilities-Network.bundle/Info.plist

ProcessInfoPlistFile /Users/colinmignot/Library/Developer/Xcode/DerivedData/VoiceControlApp-blksosoomtdtwjhjsmxmvltvxzbh/Build/Products/Debug-iphonesimulator/GoogleUtilities_GoogleUtilities-AppDelegateSwizzler.bundle/Info.plist /Users/colinmignot/Library/Developer/Xcode/DerivedData/VoiceControlApp-blksosoomtdtwjhjsmxmvltvxzbh/Build/Intermediates.noindex/GoogleUtilities.build/Debug-iphonesimulator/GoogleUtilities_GoogleUtilities-AppDelegateSwizzler.build/empty-GoogleUtilities_GoogleUtilities-AppDelegateSwizzler.plist (in target 'GoogleUtilities_GoogleUtilities-AppDelegateSwizzler' from project 'GoogleUtilities')
    cd /Users/colinmignot/Library/Developer/Xcode/DerivedData/VoiceControlApp-blksosoomtdtwjhjsmxmvltvxzbh/SourcePackages/checkouts/GoogleUtilities
    builtin-infoPlistUtility /Users/colinmignot/Library/Developer/Xcode/DerivedData/VoiceControlApp-blksosoomtdtwjhjsmxmvltvxzbh/Build/Intermediates.noindex/GoogleUtilities.build/Debug-iphonesimulator/GoogleUtilities_GoogleUtilities-AppDelegateSwizzler.build/empty-GoogleUtilities_GoogleUtilities-AppDelegateSwizzler.plist -producttype com.apple.product-type.bundle -expandbuildsettings -format binary -platform iphonesimulator -o /Users/colinmignot/Library/Developer/Xcode/DerivedData/VoiceControlApp-blksosoomtdtwjhjsmxmvltvxzbh/Build/Products/Debug-iphonesimulator/GoogleUtilities_GoogleUtilities-AppDelegateSwizzler.bundle/Info.plist

ProcessInfoPlistFile /Users/colinmignot/Library/Developer/Xcode/DerivedData/VoiceControlApp-blksosoomtdtwjhjsmxmvltvxzbh/Build/Products/Debug-iphonesimulator/Firebase_FirebaseAuth.bundle/Info.plist /Users/colinmignot/Library/Developer/Xcode/DerivedData/VoiceControlApp-blksosoomtdtwjhjsmxmvltvxzbh/Build/Intermediates.noindex/Firebase.build/Debug-iphonesimulator/Firebase_FirebaseAuth.build/empty-Firebase_FirebaseAuth.plist (in target 'Firebase_FirebaseAuth' from project 'Firebase')
    cd /Users/colinmignot/Library/Developer/Xcode/DerivedData/VoiceControlApp-blksosoomtdtwjhjsmxmvltvxzbh/SourcePackages/checkouts/firebase-ios-sdk
    builtin-infoPlistUtility /Users/colinmignot/Library/Developer/Xcode/DerivedData/VoiceControlApp-blksosoomtdtwjhjsmxmvltvxzbh/Build/Intermediates.noindex/Firebase.build/Debug-iphonesimulator/Firebase_FirebaseAuth.build/empty-Firebase_FirebaseAuth.plist -producttype com.apple.product-type.bundle -expandbuildsettings -format binary -platform iphonesimulator -o /Users/colinmignot/Library/Developer/Xcode/DerivedData/VoiceControlApp-blksosoomtdtwjhjsmxmvltvxzbh/Build/Products/Debug-iphonesimulator/Firebase_FirebaseAuth.bundle/Info.plist

ProcessInfoPlistFile /Users/colinmignot/Library/Developer/Xcode/DerivedData/VoiceControlApp-blksosoomtdtwjhjsmxmvltvxzbh/Build/Products/Debug-iphonesimulator/GTMSessionFetcher_GTMSessionFetcherCore.bundle/Info.plist /Users/colinmignot/Library/Developer/Xcode/DerivedData/VoiceControlApp-blksosoomtdtwjhjsmxmvltvxzbh/Build/Intermediates.noindex/GTMSessionFetcher.build/Debug-iphonesimulator/GTMSessionFetcher_GTMSessionFetcherCore.build/empty-GTMSessionFetcher_GTMSessionFetcherCore.plist (in target 'GTMSessionFetcher_GTMSessionFetcherCore' from project 'GTMSessionFetcher')
    cd /Users/colinmignot/Library/Developer/Xcode/DerivedData/VoiceControlApp-blksosoomtdtwjhjsmxmvltvxzbh/SourcePackages/checkouts/gtm-session-fetcher
    builtin-infoPlistUtility /Users/colinmignot/Library/Developer/Xcode/DerivedData/VoiceControlApp-blksosoomtdtwjhjsmxmvltvxzbh/Build/Intermediates.noindex/GTMSessionFetcher.build/Debug-iphonesimulator/GTMSessionFetcher_GTMSessionFetcherCore.build/empty-GTMSessionFetcher_GTMSessionFetcherCore.plist -producttype com.apple.product-type.bundle -expandbuildsettings -format binary -platform iphonesimulator -o /Users/colinmignot/Library/Developer/Xcode/DerivedData/VoiceControlApp-blksosoomtdtwjhjsmxmvltvxzbh/Build/Products/Debug-iphonesimulator/GTMSessionFetcher_GTMSessionFetcherCore.bundle/Info.plist

ProcessInfoPlistFile /Users/colinmignot/Library/Developer/Xcode/DerivedData/VoiceControlApp-blksosoomtdtwjhjsmxmvltvxzbh/Build/Products/Debug-iphonesimulator/Firebase_FirebaseCoreExtension.bundle/Info.plist /Users/colinmignot/Library/Developer/Xcode/DerivedData/VoiceControlApp-blksosoomtdtwjhjsmxmvltvxzbh/Build/Intermediates.noindex/Firebase.build/Debug-iphonesimulator/Firebase_FirebaseCoreExtension.build/empty-Firebase_FirebaseCoreExtension.plist (in target 'Firebase_FirebaseCoreExtension' from project 'Firebase')
    cd /Users/colinmignot/Library/Developer/Xcode/DerivedData/VoiceControlApp-blksosoomtdtwjhjsmxmvltvxzbh/SourcePackages/checkouts/firebase-ios-sdk
    builtin-infoPlistUtility /Users/colinmignot/Library/Developer/Xcode/DerivedData/VoiceControlApp-blksosoomtdtwjhjsmxmvltvxzbh/Build/Intermediates.noindex/Firebase.build/Debug-iphonesimulator/Firebase_FirebaseCoreExtension.build/empty-Firebase_FirebaseCoreExtension.plist -producttype com.apple.product-type.bundle -expandbuildsettings -format binary -platform iphonesimulator -o /Users/colinmignot/Library/Developer/Xcode/DerivedData/VoiceControlApp-blksosoomtdtwjhjsmxmvltvxzbh/Build/Products/Debug-iphonesimulator/Firebase_FirebaseCoreExtension.bundle/Info.plist

ProcessInfoPlistFile /Users/colinmignot/Library/Developer/Xcode/DerivedData/VoiceControlApp-blksosoomtdtwjhjsmxmvltvxzbh/Build/Products/Debug-iphonesimulator/leveldb_leveldb.bundle/Info.plist /Users/colinmignot/Library/Developer/Xcode/DerivedData/VoiceControlApp-blksosoomtdtwjhjsmxmvltvxzbh/Build/Intermediates.noindex/leveldb.build/Debug-iphonesimulator/leveldb_leveldb.build/empty-leveldb_leveldb.plist (in target 'leveldb_leveldb' from project 'leveldb')
    cd /Users/colinmignot/Library/Developer/Xcode/DerivedData/VoiceControlApp-blksosoomtdtwjhjsmxmvltvxzbh/SourcePackages/checkouts/leveldb
    builtin-infoPlistUtility /Users/colinmignot/Library/Developer/Xcode/DerivedData/VoiceControlApp-blksosoomtdtwjhjsmxmvltvxzbh/Build/Intermediates.noindex/leveldb.build/Debug-iphonesimulator/leveldb_leveldb.build/empty-leveldb_leveldb.plist -producttype com.apple.product-type.bundle -expandbuildsettings -format binary -platform iphonesimulator -o /Users/colinmignot/Library/Developer/Xcode/DerivedData/VoiceControlApp-blksosoomtdtwjhjsmxmvltvxzbh/Build/Products/Debug-iphonesimulator/leveldb_leveldb.bundle/Info.plist

ProcessInfoPlistFile /Users/colinmignot/Library/Developer/Xcode/DerivedData/VoiceControlApp-blksosoomtdtwjhjsmxmvltvxzbh/Build/Products/Debug-iphonesimulator/gRPC_opensslWrapper.bundle/Info.plist /Users/colinmignot/Library/Developer/Xcode/DerivedData/VoiceControlApp-blksosoomtdtwjhjsmxmvltvxzbh/Build/Intermediates.noindex/gRPC.build/Debug-iphonesimulator/gRPC_opensslWrapper.build/empty-gRPC_opensslWrapper.plist (in target 'gRPC_opensslWrapper' from project 'gRPC')
    cd /Users/colinmignot/Library/Developer/Xcode/DerivedData/VoiceControlApp-blksosoomtdtwjhjsmxmvltvxzbh/SourcePackages/checkouts/grpc-binary
    builtin-infoPlistUtility /Users/colinmignot/Library/Developer/Xcode/DerivedData/VoiceControlApp-blksosoomtdtwjhjsmxmvltvxzbh/Build/Intermediates.noindex/gRPC.build/Debug-iphonesimulator/gRPC_opensslWrapper.build/empty-gRPC_opensslWrapper.plist -producttype com.apple.product-type.bundle -expandbuildsettings -format binary -platform iphonesimulator -o /Users/colinmignot/Library/Developer/Xcode/DerivedData/VoiceControlApp-blksosoomtdtwjhjsmxmvltvxzbh/Build/Products/Debug-iphonesimulator/gRPC_opensslWrapper.bundle/Info.plist

ProcessInfoPlistFile /Users/colinmignot/Library/Developer/Xcode/DerivedData/VoiceControlApp-blksosoomtdtwjhjsmxmvltvxzbh/Build/Products/Debug-iphonesimulator/Starscream_Starscream.bundle/Info.plist /Users/colinmignot/Library/Developer/Xcode/DerivedData/VoiceControlApp-blksosoomtdtwjhjsmxmvltvxzbh/Build/Intermediates.noindex/Starscream.build/Debug-iphonesimulator/Starscream_Starscream.build/empty-Starscream_Starscream.plist (in target 'Starscream_Starscream' from project 'Starscream')
    cd /Users/colinmignot/Library/Developer/Xcode/DerivedData/VoiceControlApp-blksosoomtdtwjhjsmxmvltvxzbh/SourcePackages/checkouts/Starscream
    builtin-infoPlistUtility /Users/colinmignot/Library/Developer/Xcode/DerivedData/VoiceControlApp-blksosoomtdtwjhjsmxmvltvxzbh/Build/Intermediates.noindex/Starscream.build/Debug-iphonesimulator/Starscream_Starscream.build/empty-Starscream_Starscream.plist -producttype com.apple.product-type.bundle -expandbuildsettings -format binary -platform iphonesimulator -o /Users/colinmignot/Library/Developer/Xcode/DerivedData/VoiceControlApp-blksosoomtdtwjhjsmxmvltvxzbh/Build/Products/Debug-iphonesimulator/Starscream_Starscream.bundle/Info.plist

ProcessInfoPlistFile /Users/colinmignot/Library/Developer/Xcode/DerivedData/VoiceControlApp-blksosoomtdtwjhjsmxmvltvxzbh/Build/Products/Debug-iphonesimulator/AppAuth_AppAuthCore.bundle/Info.plist /Users/colinmignot/Library/Developer/Xcode/DerivedData/VoiceControlApp-blksosoomtdtwjhjsmxmvltvxzbh/Build/Intermediates.noindex/AppAuth.build/Debug-iphonesimulator/AppAuth_AppAuthCore.build/empty-AppAuth_AppAuthCore.plist (in target 'AppAuth_AppAuthCore' from project 'AppAuth')
    cd /Users/colinmignot/Library/Developer/Xcode/DerivedData/VoiceControlApp-blksosoomtdtwjhjsmxmvltvxzbh/SourcePackages/checkouts/AppAuth-iOS
    builtin-infoPlistUtility /Users/colinmignot/Library/Developer/Xcode/DerivedData/VoiceControlApp-blksosoomtdtwjhjsmxmvltvxzbh/Build/Intermediates.noindex/AppAuth.build/Debug-iphonesimulator/AppAuth_AppAuthCore.build/empty-AppAuth_AppAuthCore.plist -producttype com.apple.product-type.bundle -expandbuildsettings -format binary -platform iphonesimulator -o /Users/colinmignot/Library/Developer/Xcode/DerivedData/VoiceControlApp-blksosoomtdtwjhjsmxmvltvxzbh/Build/Products/Debug-iphonesimulator/AppAuth_AppAuthCore.bundle/Info.plist

ProcessInfoPlistFile /Users/colinmignot/Library/Developer/Xcode/DerivedData/VoiceControlApp-blksosoomtdtwjhjsmxmvltvxzbh/Build/Products/Debug-iphonesimulator/nanopb_nanopb.bundle/Info.plist /Users/colinmignot/Library/Developer/Xcode/DerivedData/VoiceControlApp-blksosoomtdtwjhjsmxmvltvxzbh/Build/Intermediates.noindex/nanopb.build/Debug-iphonesimulator/nanopb_nanopb.build/empty-nanopb_nanopb.plist (in target 'nanopb_nanopb' from project 'nanopb')
    cd /Users/colinmignot/Library/Developer/Xcode/DerivedData/VoiceControlApp-blksosoomtdtwjhjsmxmvltvxzbh/SourcePackages/checkouts/nanopb
    builtin-infoPlistUtility /Users/colinmignot/Library/Developer/Xcode/DerivedData/VoiceControlApp-blksosoomtdtwjhjsmxmvltvxzbh/Build/Intermediates.noindex/nanopb.build/Debug-iphonesimulator/nanopb_nanopb.build/empty-nanopb_nanopb.plist -producttype com.apple.product-type.bundle -expandbuildsettings -format binary -platform iphonesimulator -o /Users/colinmignot/Library/Developer/Xcode/DerivedData/VoiceControlApp-blksosoomtdtwjhjsmxmvltvxzbh/Build/Products/Debug-iphonesimulator/nanopb_nanopb.bundle/Info.plist

ProcessInfoPlistFile /Users/colinmignot/Library/Developer/Xcode/DerivedData/VoiceControlApp-blksosoomtdtwjhjsmxmvltvxzbh/Build/Products/Debug-iphonesimulator/abseil_abslWrapper.bundle/Info.plist /Users/colinmignot/Library/Developer/Xcode/DerivedData/VoiceControlApp-blksosoomtdtwjhjsmxmvltvxzbh/Build/Intermediates.noindex/abseil.build/Debug-iphonesimulator/abseil_abslWrapper.build/empty-abseil_abslWrapper.plist (in target 'abseil_abslWrapper' from project 'abseil')
    cd /Users/colinmignot/Library/Developer/Xcode/DerivedData/VoiceControlApp-blksosoomtdtwjhjsmxmvltvxzbh/SourcePackages/checkouts/abseil-cpp-binary
    builtin-infoPlistUtility /Users/colinmignot/Library/Developer/Xcode/DerivedData/VoiceControlApp-blksosoomtdtwjhjsmxmvltvxzbh/Build/Intermediates.noindex/abseil.build/Debug-iphonesimulator/abseil_abslWrapper.build/empty-abseil_abslWrapper.plist -producttype com.apple.product-type.bundle -expandbuildsettings -format binary -platform iphonesimulator -o /Users/colinmignot/Library/Developer/Xcode/DerivedData/VoiceControlApp-blksosoomtdtwjhjsmxmvltvxzbh/Build/Products/Debug-iphonesimulator/abseil_abslWrapper.bundle/Info.plist

ProcessInfoPlistFile /Users/colinmignot/Library/Developer/Xcode/DerivedData/VoiceControlApp-blksosoomtdtwjhjsmxmvltvxzbh/Build/Products/Debug-iphonesimulator/GoogleUtilities_GoogleUtilities-UserDefaults.bundle/Info.plist /Users/colinmignot/Library/Developer/Xcode/DerivedData/VoiceControlApp-blksosoomtdtwjhjsmxmvltvxzbh/Build/Intermediates.noindex/GoogleUtilities.build/Debug-iphonesimulator/GoogleUtilities_GoogleUtilities-UserDefaults.build/empty-GoogleUtilities_GoogleUtilities-UserDefaults.plist (in target 'GoogleUtilities_GoogleUtilities-UserDefaults' from project 'GoogleUtilities')
    cd /Users/colinmignot/Library/Developer/Xcode/DerivedData/VoiceControlApp-blksosoomtdtwjhjsmxmvltvxzbh/SourcePackages/checkouts/GoogleUtilities
    builtin-infoPlistUtility /Users/colinmignot/Library/Developer/Xcode/DerivedData/VoiceControlApp-blksosoomtdtwjhjsmxmvltvxzbh/Build/Intermediates.noindex/GoogleUtilities.build/Debug-iphonesimulator/GoogleUtilities_GoogleUtilities-UserDefaults.build/empty-GoogleUtilities_GoogleUtilities-UserDefaults.plist -producttype com.apple.product-type.bundle -expandbuildsettings -format binary -platform iphonesimulator -o /Users/colinmignot/Library/Developer/Xcode/DerivedData/VoiceControlApp-blksosoomtdtwjhjsmxmvltvxzbh/Build/Products/Debug-iphonesimulator/GoogleUtilities_GoogleUtilities-UserDefaults.bundle/Info.plist

ProcessInfoPlistFile /Users/colinmignot/Library/Developer/Xcode/DerivedData/VoiceControlApp-blksosoomtdtwjhjsmxmvltvxzbh/Build/Products/Debug-iphonesimulator/gRPC_grpcWrapper.bundle/Info.plist /Users/colinmignot/Library/Developer/Xcode/DerivedData/VoiceControlApp-blksosoomtdtwjhjsmxmvltvxzbh/Build/Intermediates.noindex/gRPC.build/Debug-iphonesimulator/gRPC_grpcWrapper.build/empty-gRPC_grpcWrapper.plist (in target 'gRPC_grpcWrapper' from project 'gRPC')
    cd /Users/colinmignot/Library/Developer/Xcode/DerivedData/VoiceControlApp-blksosoomtdtwjhjsmxmvltvxzbh/SourcePackages/checkouts/grpc-binary
    builtin-infoPlistUtility /Users/colinmignot/Library/Developer/Xcode/DerivedData/VoiceControlApp-blksosoomtdtwjhjsmxmvltvxzbh/Build/Intermediates.noindex/gRPC.build/Debug-iphonesimulator/gRPC_grpcWrapper.build/empty-gRPC_grpcWrapper.plist -producttype com.apple.product-type.bundle -expandbuildsettings -format binary -platform iphonesimulator -o /Users/colinmignot/Library/Developer/Xcode/DerivedData/VoiceControlApp-blksosoomtdtwjhjsmxmvltvxzbh/Build/Products/Debug-iphonesimulator/gRPC_grpcWrapper.bundle/Info.plist

ProcessInfoPlistFile /Users/colinmignot/Library/Developer/Xcode/DerivedData/VoiceControlApp-blksosoomtdtwjhjsmxmvltvxzbh/Build/Products/Debug-iphonesimulator/Promises_FBLPromises.bundle/Info.plist /Users/colinmignot/Library/Developer/Xcode/DerivedData/VoiceControlApp-blksosoomtdtwjhjsmxmvltvxzbh/Build/Intermediates.noindex/Promises.build/Debug-iphonesimulator/Promises_FBLPromises.build/empty-Promises_FBLPromises.plist (in target 'Promises_FBLPromises' from project 'Promises')
    cd /Users/colinmignot/Library/Developer/Xcode/DerivedData/VoiceControlApp-blksosoomtdtwjhjsmxmvltvxzbh/SourcePackages/checkouts/promises
    builtin-infoPlistUtility /Users/colinmignot/Library/Developer/Xcode/DerivedData/VoiceControlApp-blksosoomtdtwjhjsmxmvltvxzbh/Build/Intermediates.noindex/Promises.build/Debug-iphonesimulator/Promises_FBLPromises.build/empty-Promises_FBLPromises.plist -producttype com.apple.product-type.bundle -expandbuildsettings -format binary -platform iphonesimulator -o /Users/colinmignot/Library/Developer/Xcode/DerivedData/VoiceControlApp-blksosoomtdtwjhjsmxmvltvxzbh/Build/Products/Debug-iphonesimulator/Promises_FBLPromises.bundle/Info.plist

ProcessInfoPlistFile /Users/colinmignot/Library/Developer/Xcode/DerivedData/VoiceControlApp-blksosoomtdtwjhjsmxmvltvxzbh/Build/Products/Debug-iphonesimulator/GTMAppAuth_GTMAppAuth.bundle/Info.plist /Users/colinmignot/Library/Developer/Xcode/DerivedData/VoiceControlApp-blksosoomtdtwjhjsmxmvltvxzbh/Build/Intermediates.noindex/GTMAppAuth.build/Debug-iphonesimulator/GTMAppAuth_GTMAppAuth.build/empty-GTMAppAuth_GTMAppAuth.plist (in target 'GTMAppAuth_GTMAppAuth' from project 'GTMAppAuth')
    cd /Users/colinmignot/Library/Developer/Xcode/DerivedData/VoiceControlApp-blksosoomtdtwjhjsmxmvltvxzbh/SourcePackages/checkouts/GTMAppAuth
    builtin-infoPlistUtility /Users/colinmignot/Library/Developer/Xcode/DerivedData/VoiceControlApp-blksosoomtdtwjhjsmxmvltvxzbh/Build/Intermediates.noindex/GTMAppAuth.build/Debug-iphonesimulator/GTMAppAuth_GTMAppAuth.build/empty-GTMAppAuth_GTMAppAuth.plist -producttype com.apple.product-type.bundle -expandbuildsettings -format binary -platform iphonesimulator -o /Users/colinmignot/Library/Developer/Xcode/DerivedData/VoiceControlApp-blksosoomtdtwjhjsmxmvltvxzbh/Build/Products/Debug-iphonesimulator/GTMAppAuth_GTMAppAuth.bundle/Info.plist

ProcessInfoPlistFile /Users/colinmignot/Library/Developer/Xcode/DerivedData/VoiceControlApp-blksosoomtdtwjhjsmxmvltvxzbh/Build/Products/Debug-iphonesimulator/AppAuth_AppAuth.bundle/Info.plist /Users/colinmignot/Library/Developer/Xcode/DerivedData/VoiceControlApp-blksosoomtdtwjhjsmxmvltvxzbh/Build/Intermediates.noindex/AppAuth.build/Debug-iphonesimulator/AppAuth_AppAuth.build/empty-AppAuth_AppAuth.plist (in target 'AppAuth_AppAuth' from project 'AppAuth')
    cd /Users/colinmignot/Library/Developer/Xcode/DerivedData/VoiceControlApp-blksosoomtdtwjhjsmxmvltvxzbh/SourcePackages/checkouts/AppAuth-iOS
    builtin-infoPlistUtility /Users/colinmignot/Library/Developer/Xcode/DerivedData/VoiceControlApp-blksosoomtdtwjhjsmxmvltvxzbh/Build/Intermediates.noindex/AppAuth.build/Debug-iphonesimulator/AppAuth_AppAuth.build/empty-AppAuth_AppAuth.plist -producttype com.apple.product-type.bundle -expandbuildsettings -format binary -platform iphonesimulator -o /Users/colinmignot/Library/Developer/Xcode/DerivedData/VoiceControlApp-blksosoomtdtwjhjsmxmvltvxzbh/Build/Products/Debug-iphonesimulator/AppAuth_AppAuth.bundle/Info.plist

SwiftDriver\ Compilation\ Requirements VoiceControlApp normal arm64 com.apple.xcode.tools.swift.compiler (in target 'VoiceControlApp' from project 'VoiceControlApp')
    cd /Users/colinmignot/Cursor/Ios\ Voice\ Control/PRPs-agentic-eng
    builtin-Swift-Compilation-Requirements -- /Applications/Xcode.app/Contents/Developer/Toolchains/XcodeDefault.xctoolchain/usr/bin/swiftc -module-name VoiceControlApp -Onone -enforce-exclusivity\=checked @/Users/colinmignot/Library/Developer/Xcode/DerivedData/VoiceControlApp-blksosoomtdtwjhjsmxmvltvxzbh/Build/Intermediates.noindex/VoiceControlApp.build/Debug-iphonesimulator/VoiceControlApp.build/Objects-normal/arm64/VoiceControlApp.SwiftFileList -DDEBUG -Xcc -fmodule-map-file\=/Users/colinmignot/Library/Developer/Xcode/DerivedData/VoiceControlApp-blksosoomtdtwjhjsmxmvltvxzbh/Build/Intermediates.noindex/GeneratedModuleMaps-iphonesimulator/AppAuth.modulemap -Xcc -fmodule-map-file\=/Users/colinmignot/Library/Developer/Xcode/DerivedData/VoiceControlApp-blksosoomtdtwjhjsmxmvltvxzbh/Build/Intermediates.noindex/GeneratedModuleMaps-iphonesimulator/AppAuthCore.modulemap -Xcc -fmodule-map-file\=/Users/colinmignot/Library/Developer/Xcode/DerivedData/VoiceControlApp-blksosoomtdtwjhjsmxmvltvxzbh/Build/Intermediates.noindex/GeneratedModuleMaps-iphonesimulator/AppCheckCore.modulemap -Xcc -fmodule-map-file\=/Users/colinmignot/Library/Developer/Xcode/DerivedData/VoiceControlApp-blksosoomtdtwjhjsmxmvltvxzbh/Build/Intermediates.noindex/GeneratedModuleMaps-iphonesimulator/GoogleSignIn.modulemap -Xcc -fmodule-map-file\=/Users/colinmignot/Library/Developer/Xcode/DerivedData/VoiceControlApp-blksosoomtdtwjhjsmxmvltvxzbh/Build/Intermediates.noindex/GeneratedModuleMaps-iphonesimulator/RecaptchaInterop.modulemap -Xcc -fmodule-map-file\=/Users/colinmignot/Library/Developer/Xcode/DerivedData/VoiceControlApp-blksosoomtdtwjhjsmxmvltvxzbh/Build/Intermediates.noindex/GeneratedModuleMaps-iphonesimulator/GoogleUtilities-Network.modulemap -Xcc -fmodule-map-file\=/Users/colinmignot/Library/Developer/Xcode/DerivedData/VoiceControlApp-blksosoomtdtwjhjsmxmvltvxzbh/Build/Intermediates.noindex/GeneratedModuleMaps-iphonesimulator/GoogleUtilities-Reachability.modulemap -Xcc -fmodule-map-file\=/Users/colinmignot/Library/Developer/Xcode/DerivedData/VoiceControlApp-blksosoomtdtwjhjsmxmvltvxzbh/Build/Intermediates.noindex/GeneratedModuleMaps-iphonesimulator/GoogleUtilities-AppDelegateSwizzler.modulemap -Xcc -fmodule-map-file\=/Users/colinmignot/Library/Developer/Xcode/DerivedData/VoiceControlApp-blksosoomtdtwjhjsmxmvltvxzbh/Build/Intermediates.noindex/GeneratedModuleMaps-iphonesimulator/FirebaseAuthInternal.modulemap -Xcc -fmodule-map-file\=/Users/colinmignot/Library/Developer/Xcode/DerivedData/VoiceControlApp-blksosoomtdtwjhjsmxmvltvxzbh/Build/Intermediates.noindex/GeneratedModuleMaps-iphonesimulator/GoogleUtilities-UserDefaults.modulemap -Xcc -fmodule-map-file\=/Users/colinmignot/Library/Developer/Xcode/DerivedData/VoiceControlApp-blksosoomtdtwjhjsmxmvltvxzbh/Build/Intermediates.noindex/GeneratedModuleMaps-iphonesimulator/FirebaseDatabaseInternal.modulemap -Xcc -fmodule-map-file\=/Users/colinmignot/Library/Developer/Xcode/DerivedData/VoiceControlApp-blksosoomtdtwjhjsmxmvltvxzbh/Build/Intermediates.noindex/GeneratedModuleMaps-iphonesimulator/GTMSessionFetcherCore.modulemap -Xcc -fmodule-map-file\=/Users/colinmignot/Library/Developer/Xcode/DerivedData/VoiceControlApp-blksosoomtdtwjhjsmxmvltvxzbh/Build/Intermediates.noindex/GeneratedModuleMaps-iphonesimulator/FirebaseMessagingInterop.modulemap -Xcc -fmodule-map-file\=/Users/colinmignot/Library/Developer/Xcode/DerivedData/VoiceControlApp-blksosoomtdtwjhjsmxmvltvxzbh/Build/Intermediates.noindex/GeneratedModuleMaps-iphonesimulator/FirebaseAuthInterop.modulemap -Xcc -fmodule-map-file\=/Users/colinmignot/Library/Developer/Xcode/DerivedData/VoiceControlApp-blksosoomtdtwjhjsmxmvltvxzbh/Build/Intermediates.noindex/GeneratedModuleMaps-iphonesimulator/GoogleUtilities-NSData.modulemap -Xcc -fmodule-map-file\=/Users/colinmignot/Library/Developer/Xcode/DerivedData/VoiceControlApp-blksosoomtdtwjhjsmxmvltvxzbh/Build/Intermediates.noindex/GeneratedModuleMaps-iphonesimulator/GoogleUtilities-Environment.modulemap -Xcc -fmodule-map-file\=/Users/colinmignot/Library/Developer/Xcode/DerivedData/VoiceControlApp-blksosoomtdtwjhjsmxmvltvxzbh/Build/Intermediates.noindex/GeneratedModuleMaps-iphonesimulator/third-party-IsAppEncrypted.modulemap -Xcc -fmodule-map-file\=/Users/colinmignot/Library/Developer/Xcode/DerivedData/VoiceControlApp-blksosoomtdtwjhjsmxmvltvxzbh/Build/Intermediates.noindex/GeneratedModuleMaps-iphonesimulator/GoogleUtilities-Logger.modulemap -Xcc -fmodule-map-file\=/Users/colinmignot/Library/Developer/Xcode/DerivedData/VoiceControlApp-blksosoomtdtwjhjsmxmvltvxzbh/Build/Intermediates.noindex/GeneratedModuleMaps-iphonesimulator/abslWrapper.modulemap -Xcc -fmodule-map-file\=/Users/colinmignot/Library/Developer/Xcode/DerivedData/VoiceControlApp-blksosoomtdtwjhjsmxmvltvxzbh/Build/Intermediates.noindex/GeneratedModuleMaps-iphonesimulator/opensslWrapper.modulemap -Xcc -fmodule-map-file\=/Users/colinmignot/Library/Developer/Xcode/DerivedData/VoiceControlApp-blksosoomtdtwjhjsmxmvltvxzbh/Build/Intermediates.noindex/GeneratedModuleMaps-iphonesimulator/grpcWrapper.modulemap -Xcc -fmodule-map-file\=/Users/colinmignot/Library/Developer/Xcode/DerivedData/VoiceControlApp-blksosoomtdtwjhjsmxmvltvxzbh/Build/Intermediates.noindex/GeneratedModuleMaps-iphonesimulator/grpcppWrapper.modulemap -Xcc -fmodule-map-file\=/Users/colinmignot/Library/Developer/Xcode/DerivedData/VoiceControlApp-blksosoomtdtwjhjsmxmvltvxzbh/Build/Intermediates.noindex/GeneratedModuleMaps-iphonesimulator/nanopb.modulemap -Xcc -fmodule-map-file\=/Users/colinmignot/Library/Developer/Xcode/DerivedData/VoiceControlApp-blksosoomtdtwjhjsmxmvltvxzbh/Build/Intermediates.noindex/GeneratedModuleMaps-iphonesimulator/leveldb.modulemap -Xcc -fmodule-map-file\=/Users/colinmignot/Library/Developer/Xcode/DerivedData/VoiceControlApp-blksosoomtdtwjhjsmxmvltvxzbh/Build/Intermediates.noindex/GeneratedModuleMaps-iphonesimulator/FirebaseCoreExtension.modulemap -Xcc -fmodule-map-file\=/Users/colinmignot/Library/Developer/Xcode/DerivedData/VoiceControlApp-blksosoomtdtwjhjsmxmvltvxzbh/Build/Intermediates.noindex/GeneratedModuleMaps-iphonesimulator/FirebaseCore.modulemap -Xcc -fmodule-map-file\=/Users/colinmignot/Library/Developer/Xcode/DerivedData/VoiceControlApp-blksosoomtdtwjhjsmxmvltvxzbh/Build/Intermediates.noindex/GeneratedModuleMaps-iphonesimulator/FirebaseAppCheckInterop.modulemap -Xcc -fmodule-map-file\=/Users/colinmignot/Library/Developer/Xcode/DerivedData/VoiceControlApp-blksosoomtdtwjhjsmxmvltvxzbh/Build/Intermediates.noindex/GeneratedModuleMaps-iphonesimulator/FirebaseFirestoreInternalWrapper.modulemap -Xcc -fmodule-map-file\=/Users/colinmignot/Library/Developer/Xcode/DerivedData/VoiceControlApp-blksosoomtdtwjhjsmxmvltvxzbh/Build/Intermediates.noindex/GeneratedModuleMaps-iphonesimulator/FirebaseFirestoreTarget.modulemap -plugin-path /Applications/Xcode.app/Contents/Developer/Toolchains/XcodeDefault.xctoolchain/usr/lib/swift/host/plugins/testing -enable-bare-slash-regex -enable-experimental-feature DebugDescriptionMacro -sdk /Applications/Xcode.app/Contents/Developer/Platforms/iPhoneSimulator.platform/Developer/SDKs/iPhoneSimulator18.5.sdk -target arm64-apple-ios17.0-simulator -g -module-cache-path /Users/colinmignot/Library/Developer/Xcode/DerivedData/ModuleCache.noindex -Xfrontend -serialize-debugging-options -enable-testing -index-store-path /Users/colinmignot/Library/Developer/Xcode/DerivedData/VoiceControlApp-blksosoomtdtwjhjsmxmvltvxzbh/Index.noindex/DataStore -swift-version 5 -I /Users/colinmignot/Library/Developer/Xcode/DerivedData/VoiceControlApp-blksosoomtdtwjhjsmxmvltvxzbh/Build/Products/Debug-iphonesimulator -I /Applications/Xcode.app/Contents/Developer/Platforms/iPhoneSimulator.platform/Developer/usr/lib -F /Users/colinmignot/Library/Developer/Xcode/DerivedData/VoiceControlApp-blksosoomtdtwjhjsmxmvltvxzbh/Build/Products/Debug-iphonesimulator/PackageFrameworks -F /Users/colinmignot/Library/Developer/Xcode/DerivedData/VoiceControlApp-blksosoomtdtwjhjsmxmvltvxzbh/Build/Products/Debug-iphonesimulator/PackageFrameworks -F /Users/colinmignot/Library/Developer/Xcode/DerivedData/VoiceControlApp-blksosoomtdtwjhjsmxmvltvxzbh/Build/Products/Debug-iphonesimulator/PackageFrameworks -F /Users/colinmignot/Library/Developer/Xcode/DerivedData/VoiceControlApp-blksosoomtdtwjhjsmxmvltvxzbh/Build/Products/Debug-iphonesimulator/PackageFrameworks -F /Users/colinmignot/Library/Developer/Xcode/DerivedData/VoiceControlApp-blksosoomtdtwjhjsmxmvltvxzbh/Build/Products/Debug-iphonesimulator/PackageFrameworks -F /Users/colinmignot/Library/Developer/Xcode/DerivedData/VoiceControlApp-blksosoomtdtwjhjsmxmvltvxzbh/Build/Products/Debug-iphonesimulator/PackageFrameworks -F /Users/colinmignot/Library/Developer/Xcode/DerivedData/VoiceControlApp-blksosoomtdtwjhjsmxmvltvxzbh/Build/Products/Debug-iphonesimulator/PackageFrameworks -F /Users/colinmignot/Library/Developer/Xcode/DerivedData/VoiceControlApp-blksosoomtdtwjhjsmxmvltvxzbh/Build/Products/Debug-iphonesimulator/PackageFrameworks -F /Users/colinmignot/Library/Developer/Xcode/DerivedData/VoiceControlApp-blksosoomtdtwjhjsmxmvltvxzbh/Build/Products/Debug-iphonesimulator/PackageFrameworks -F /Users/colinmignot/Library/Developer/Xcode/DerivedData/VoiceControlApp-blksosoomtdtwjhjsmxmvltvxzbh/Build/Products/Debug-iphonesimulator/PackageFrameworks -F /Users/colinmignot/Library/Developer/Xcode/DerivedData/VoiceControlApp-blksosoomtdtwjhjsmxmvltvxzbh/Build/Products/Debug-iphonesimulator/PackageFrameworks -F /Users/colinmignot/Library/Developer/Xcode/DerivedData/VoiceControlApp-blksosoomtdtwjhjsmxmvltvxzbh/Build/Products/Debug-iphonesimulator/PackageFrameworks -F /Users/colinmignot/Library/Developer/Xcode/DerivedData/VoiceControlApp-blksosoomtdtwjhjsmxmvltvxzbh/Build/Products/Debug-iphonesimulator/PackageFrameworks -F /Users/colinmignot/Library/Developer/Xcode/DerivedData/VoiceControlApp-blksosoomtdtwjhjsmxmvltvxzbh/Build/Products/Debug-iphonesimulator/PackageFrameworks -F /Users/colinmignot/Library/Developer/Xcode/DerivedData/VoiceControlApp-blksosoomtdtwjhjsmxmvltvxzbh/Build/Products/Debug-iphonesimulator/PackageFrameworks -F /Users/colinmignot/Library/Developer/Xcode/DerivedData/VoiceControlApp-blksosoomtdtwjhjsmxmvltvxzbh/Build/Products/Debug-iphonesimulator/PackageFrameworks -F /Users/colinmignot/Library/Developer/Xcode/DerivedData/VoiceControlApp-blksosoomtdtwjhjsmxmvltvxzbh/Build/Products/Debug-iphonesimulator/PackageFrameworks -F /Users/colinmignot/Library/Developer/Xcode/DerivedData/VoiceControlApp-blksosoomtdtwjhjsmxmvltvxzbh/Build/Products/Debug-iphonesimulator/PackageFrameworks -F /Users/colinmignot/Library/Developer/Xcode/DerivedData/VoiceControlApp-blksosoomtdtwjhjsmxmvltvxzbh/Build/Products/Debug-iphonesimulator/PackageFrameworks -F /Users/colinmignot/Library/Developer/Xcode/DerivedData/VoiceControlApp-blksosoomtdtwjhjsmxmvltvxzbh/Build/Products/Debug-iphonesimulator/PackageFrameworks -F /Users/colinmignot/Library/Developer/Xcode/DerivedData/VoiceControlApp-blksosoomtdtwjhjsmxmvltvxzbh/Build/Products/Debug-iphonesimulator/PackageFrameworks -F /Users/colinmignot/Library/Developer/Xcode/DerivedData/VoiceControlApp-blksosoomtdtwjhjsmxmvltvxzbh/Build/Products/Debug-iphonesimulator/PackageFrameworks -F /Users/colinmignot/Library/Developer/Xcode/DerivedData/VoiceControlApp-blksosoomtdtwjhjsmxmvltvxzbh/Build/Products/Debug-iphonesimulator/PackageFrameworks -F /Users/colinmignot/Library/Developer/Xcode/DerivedData/VoiceControlApp-blksosoomtdtwjhjsmxmvltvxzbh/Build/Products/Debug-iphonesimulator/PackageFrameworks -F /Users/colinmignot/Library/Developer/Xcode/DerivedData/VoiceControlApp-blksosoomtdtwjhjsmxmvltvxzbh/Build/Products/Debug-iphonesimulator/PackageFrameworks -F /Users/colinmignot/Library/Developer/Xcode/DerivedData/VoiceControlApp-blksosoomtdtwjhjsmxmvltvxzbh/Build/Products/Debug-iphonesimulator/PackageFrameworks -F /Users/colinmignot/Library/Developer/Xcode/DerivedData/VoiceControlApp-blksosoomtdtwjhjsmxmvltvxzbh/Build/Products/Debug-iphonesimulator/PackageFrameworks -F /Users/colinmignot/Library/Developer/Xcode/DerivedData/VoiceControlApp-blksosoomtdtwjhjsmxmvltvxzbh/Build/Products/Debug-iphonesimulator/PackageFrameworks -F /Users/colinmignot/Library/Developer/Xcode/DerivedData/VoiceControlApp-blksosoomtdtwjhjsmxmvltvxzbh/Build/Products/Debug-iphonesimulator/PackageFrameworks -F /Users/colinmignot/Library/Developer/Xcode/DerivedData/VoiceControlApp-blksosoomtdtwjhjsmxmvltvxzbh/Build/Products/Debug-iphonesimulator/PackageFrameworks -F /Users/colinmignot/Library/Developer/Xcode/DerivedData/VoiceControlApp-blksosoomtdtwjhjsmxmvltvxzbh/Build/Products/Debug-iphonesimulator/PackageFrameworks -F /Users/colinmignot/Library/Developer/Xcode/DerivedData/VoiceControlApp-blksosoomtdtwjhjsmxmvltvxzbh/Build/Products/Debug-iphonesimulator/PackageFrameworks -F /Users/colinmignot/Library/Developer/Xcode/DerivedData/VoiceControlApp-blksosoomtdtwjhjsmxmvltvxzbh/Build/Products/Debug-iphonesimulator/PackageFrameworks -F /Users/colinmignot/Library/Developer/Xcode/DerivedData/VoiceControlApp-blksosoomtdtwjhjsmxmvltvxzbh/Build/Products/Debug-iphonesimulator/PackageFrameworks -F /Users/colinmignot/Library/Developer/Xcode/DerivedData/VoiceControlApp-blksosoomtdtwjhjsmxmvltvxzbh/Build/Products/Debug-iphonesimulator/PackageFrameworks -F /Users/colinmignot/Library/Developer/Xcode/DerivedData/VoiceControlApp-blksosoomtdtwjhjsmxmvltvxzbh/Build/Products/Debug-iphonesimulator/PackageFrameworks -F /Users/colinmignot/Library/Developer/Xcode/DerivedData/VoiceControlApp-blksosoomtdtwjhjsmxmvltvxzbh/Build/Products/Debug-iphonesimulator/PackageFrameworks -F /Users/colinmignot/Library/Developer/Xcode/DerivedData/VoiceControlApp-blksosoomtdtwjhjsmxmvltvxzbh/Build/Products/Debug-iphonesimulator/PackageFrameworks -F /Users/colinmignot/Library/Developer/Xcode/DerivedData/VoiceControlApp-blksosoomtdtwjhjsmxmvltvxzbh/Build/Products/Debug-iphonesimulator/PackageFrameworks -F /Users/colinmignot/Library/Developer/Xcode/DerivedData/VoiceControlApp-blksosoomtdtwjhjsmxmvltvxzbh/Build/Products/Debug-iphonesimulator/PackageFrameworks -F /Users/colinmignot/Library/Developer/Xcode/DerivedData/VoiceControlApp-blksosoomtdtwjhjsmxmvltvxzbh/Build/Products/Debug-iphonesimulator/PackageFrameworks -F /Users/colinmignot/Library/Developer/Xcode/DerivedData/VoiceControlApp-blksosoomtdtwjhjsmxmvltvxzbh/Build/Products/Debug-iphonesimulator -F /Applications/Xcode.app/Contents/Developer/Platforms/iPhoneSimulator.platform/Developer/Library/Frameworks -F /Applications/Xcode.app/Contents/Developer/Platforms/iPhoneSimulator.platform/Developer/SDKs/iPhoneSimulator18.5.sdk/Developer/Library/Frameworks -emit-localized-strings -emit-localized-strings-path /Users/colinmignot/Library/Developer/Xcode/DerivedData/VoiceControlApp-blksosoomtdtwjhjsmxmvltvxzbh/Build/Intermediates.noindex/VoiceControlApp.build/Debug-iphonesimulator/VoiceControlApp.build/Objects-normal/arm64 -c -j8 -enable-batch-mode -incremental -Xcc -ivfsstatcache -Xcc /Users/colinmignot/Library/Developer/Xcode/DerivedData/SDKStatCaches.noindex/iphonesimulator18.5-22F76-d5fc8ad4295d2ef488fb7d0f804ce0c4.sdkstatcache -output-file-map /Users/colinmignot/Library/Developer/Xcode/DerivedData/VoiceControlApp-blksosoomtdtwjhjsmxmvltvxzbh/Build/Intermediates.noindex/VoiceControlApp.build/Debug-iphonesimulator/VoiceControlApp.build/Objects-normal/arm64/VoiceControlApp-OutputFileMap.json -use-frontend-parseable-output -save-temps -no-color-diagnostics -serialize-diagnostics -emit-dependencies -emit-module -emit-module-path /Users/colinmignot/Library/Developer/Xcode/DerivedData/VoiceControlApp-blksosoomtdtwjhjsmxmvltvxzbh/Build/Intermediates.noindex/VoiceControlApp.build/Debug-iphonesimulator/VoiceControlApp.build/Objects-normal/arm64/VoiceControlApp.swiftmodule -validate-clang-modules-once -clang-build-session-file /Users/colinmignot/Library/Developer/Xcode/DerivedData/ModuleCache.noindex/Session.modulevalidation -Xcc -I/Users/colinmignot/Library/Developer/Xcode/DerivedData/VoiceControlApp-blksosoomtdtwjhjsmxmvltvxzbh/Build/Intermediates.noindex/VoiceControlApp.build/Debug-iphonesimulator/VoiceControlApp.build/swift-overrides.hmap -emit-const-values -Xfrontend -const-gather-protocols-file -Xfrontend /Users/colinmignot/Library/Developer/Xcode/DerivedData/VoiceControlApp-blksosoomtdtwjhjsmxmvltvxzbh/Build/Intermediates.noindex/VoiceControlApp.build/Debug-iphonesimulator/VoiceControlApp.build/Objects-normal/arm64/VoiceControlApp_const_extract_protocols.json -Xcc -iquote -Xcc /Users/colinmignot/Library/Developer/Xcode/DerivedData/VoiceControlApp-blksosoomtdtwjhjsmxmvltvxzbh/Build/Intermediates.noindex/VoiceControlApp.build/Debug-iphonesimulator/VoiceControlApp.build/VoiceControlApp-generated-files.hmap -Xcc -I/Users/colinmignot/Library/Developer/Xcode/DerivedData/VoiceControlApp-blksosoomtdtwjhjsmxmvltvxzbh/Build/Intermediates.noindex/VoiceControlApp.build/Debug-iphonesimulator/VoiceControlApp.build/VoiceControlApp-own-target-headers.hmap -Xcc -I/Users/colinmignot/Library/Developer/Xcode/DerivedData/VoiceControlApp-blksosoomtdtwjhjsmxmvltvxzbh/Build/Intermediates.noindex/VoiceControlApp.build/Debug-iphonesimulator/VoiceControlApp.build/VoiceControlApp-all-non-framework-target-headers.hmap -Xcc -ivfsoverlay -Xcc /Users/colinmignot/Library/Developer/Xcode/DerivedData/VoiceControlApp-blksosoomtdtwjhjsmxmvltvxzbh/Build/Intermediates.noindex/VoiceControlApp.build/Debug-iphonesimulator/VoiceControlApp-0c2e10f82cbaa41c3ef8cdc3d26c8253-VFS-iphonesimulator/all-product-headers.yaml -Xcc -iquote -Xcc /Users/colinmignot/Library/Developer/Xcode/DerivedData/VoiceControlApp-blksosoomtdtwjhjsmxmvltvxzbh/Build/Intermediates.noindex/VoiceControlApp.build/Debug-iphonesimulator/VoiceControlApp.build/VoiceControlApp-project-headers.hmap -Xcc -I/Users/colinmignot/Library/Developer/Xcode/DerivedData/VoiceControlApp-blksosoomtdtwjhjsmxmvltvxzbh/SourcePackages/checkouts/AppAuth-iOS/Sources/AppAuth -Xcc -I/Users/colinmignot/Library/Developer/Xcode/DerivedData/VoiceControlApp-blksosoomtdtwjhjsmxmvltvxzbh/SourcePackages/checkouts/AppAuth-iOS/Sources/AppAuthCore -Xcc -I/Users/colinmignot/Library/Developer/Xcode/DerivedData/VoiceControlApp-blksosoomtdtwjhjsmxmvltvxzbh/SourcePackages/checkouts/promises/Sources/FBLPromises/include -Xcc -I/Users/colinmignot/Library/Developer/Xcode/DerivedData/VoiceControlApp-blksosoomtdtwjhjsmxmvltvxzbh/SourcePackages/checkouts/app-check/AppCheckCore/Sources/Public -Xcc -I/Users/colinmignot/Library/Developer/Xcode/DerivedData/VoiceControlApp-blksosoomtdtwjhjsmxmvltvxzbh/SourcePackages/checkouts/GoogleSignIn-iOS/GoogleSignIn/Sources/Public -Xcc -I/Users/colinmignot/Library/Developer/Xcode/DerivedData/VoiceControlApp-blksosoomtdtwjhjsmxmvltvxzbh/SourcePackages/checkouts/interop-ios-for-google-sdks/RecaptchaEnterprise/RecaptchaInterop/Public -Xcc -I/Users/colinmignot/Library/Developer/Xcode/DerivedData/VoiceControlApp-blksosoomtdtwjhjsmxmvltvxzbh/SourcePackages/checkouts/GoogleUtilities/GoogleUtilities/Network/Public -Xcc -I/Users/colinmignot/Library/Developer/Xcode/DerivedData/VoiceControlApp-blksosoomtdtwjhjsmxmvltvxzbh/SourcePackages/checkouts/GoogleUtilities/GoogleUtilities/Reachability/Public -Xcc -I/Users/colinmignot/Library/Developer/Xcode/DerivedData/VoiceControlApp-blksosoomtdtwjhjsmxmvltvxzbh/SourcePackages/checkouts/GoogleUtilities/GoogleUtilities/AppDelegateSwizzler/Public -Xcc -I/Users/colinmignot/Library/Developer/Xcode/DerivedData/VoiceControlApp-blksosoomtdtwjhjsmxmvltvxzbh/SourcePackages/checkouts/firebase-ios-sdk/FirebaseAuth/Sources/Public -Xcc -I/Users/colinmignot/Library/Developer/Xcode/DerivedData/VoiceControlApp-blksosoomtdtwjhjsmxmvltvxzbh/SourcePackages/checkouts/GoogleUtilities/GoogleUtilities/UserDefaults/Public -Xcc -I/Users/colinmignot/Library/Developer/Xcode/DerivedData/VoiceControlApp-blksosoomtdtwjhjsmxmvltvxzbh/SourcePackages/checkouts/firebase-ios-sdk/FirebaseDatabase/Sources/Public -Xcc -I/Users/colinmignot/Library/Developer/Xcode/DerivedData/VoiceControlApp-blksosoomtdtwjhjsmxmvltvxzbh/SourcePackages/checkouts/gtm-session-fetcher/Sources/Core/Public -Xcc -I/Users/colinmignot/Library/Developer/Xcode/DerivedData/VoiceControlApp-blksosoomtdtwjhjsmxmvltvxzbh/SourcePackages/checkouts/firebase-ios-sdk/FirebaseMessaging/Interop -Xcc -I/Users/colinmignot/Library/Developer/Xcode/DerivedData/VoiceControlApp-blksosoomtdtwjhjsmxmvltvxzbh/SourcePackages/checkouts/firebase-ios-sdk/FirebaseAuth/Interop/Public -Xcc -I/Users/colinmignot/Library/Developer/Xcode/DerivedData/VoiceControlApp-blksosoomtdtwjhjsmxmvltvxzbh/SourcePackages/checkouts/GoogleUtilities/GoogleUtilities/NSData+zlib/Public -Xcc -I/Users/colinmignot/Library/Developer/Xcode/DerivedData/VoiceControlApp-blksosoomtdtwjhjsmxmvltvxzbh/SourcePackages/checkouts/GoogleUtilities/GoogleUtilities/Environment/Public -Xcc -I/Users/colinmignot/Library/Developer/Xcode/DerivedData/VoiceControlApp-blksosoomtdtwjhjsmxmvltvxzbh/SourcePackages/checkouts/GoogleUtilities/third_party/IsAppEncrypted/Public -Xcc -I/Users/colinmignot/Library/Developer/Xcode/DerivedData/VoiceControlApp-blksosoomtdtwjhjsmxmvltvxzbh/SourcePackages/checkouts/GoogleUtilities/GoogleUtilities/Logger/Public -Xcc -I/Users/colinmignot/Library/Developer/Xcode/DerivedData/VoiceControlApp-blksosoomtdtwjhjsmxmvltvxzbh/SourcePackages/checkouts/abseil-cpp-binary/absl-Wrapper/include -Xcc -I/Users/colinmignot/Library/Developer/Xcode/DerivedData/VoiceControlApp-blksosoomtdtwjhjsmxmvltvxzbh/SourcePackages/checkouts/grpc-binary/openssl-grpc-Wrapper/include -Xcc -I/Users/colinmignot/Library/Developer/Xcode/DerivedData/VoiceControlApp-blksosoomtdtwjhjsmxmvltvxzbh/SourcePackages/checkouts/grpc-binary/grpc-Wrapper/include -Xcc -I/Users/colinmignot/Library/Developer/Xcode/DerivedData/VoiceControlApp-blksosoomtdtwjhjsmxmvltvxzbh/SourcePackages/checkouts/grpc-binary/grpcpp-Wrapper/include -Xcc -I/Users/colinmignot/Library/Developer/Xcode/DerivedData/VoiceControlApp-blksosoomtdtwjhjsmxmvltvxzbh/SourcePackages/checkouts/nanopb/spm_headers -Xcc -I/Users/colinmignot/Library/Developer/Xcode/DerivedData/VoiceControlApp-blksosoomtdtwjhjsmxmvltvxzbh/SourcePackages/checkouts/leveldb/include -Xcc -I/Users/colinmignot/Library/Developer/Xcode/DerivedData/VoiceControlApp-blksosoomtdtwjhjsmxmvltvxzbh/SourcePackages/checkouts/firebase-ios-sdk/FirebaseCore/Extension -Xcc -I/Users/colinmignot/Library/Developer/Xcode/DerivedData/VoiceControlApp-blksosoomtdtwjhjsmxmvltvxzbh/SourcePackages/checkouts/firebase-ios-sdk/FirebaseCore/Sources/Public -Xcc -I/Users/colinmignot/Library/Developer/Xcode/DerivedData/VoiceControlApp-blksosoomtdtwjhjsmxmvltvxzbh/SourcePackages/checkouts/firebase-ios-sdk/CoreOnly/Sources -Xcc -I/Users/colinmignot/Library/Developer/Xcode/DerivedData/VoiceControlApp-blksosoomtdtwjhjsmxmvltvxzbh/SourcePackages/checkouts/firebase-ios-sdk/FirebaseAppCheck/Interop/Public -Xcc -I/Users/colinmignot/Library/Developer/Xcode/DerivedData/VoiceControlApp-blksosoomtdtwjhjsmxmvltvxzbh/SourcePackages/checkouts/firebase-ios-sdk/FirebaseFirestoreInternal -Xcc -I/Users/colinmignot/Library/Developer/Xcode/DerivedData/VoiceControlApp-blksosoomtdtwjhjsmxmvltvxzbh/SourcePackages/checkouts/firebase-ios-sdk/SwiftPM-PlatformExclude/FirebaseFirestoreWrap/include -Xcc -I/Users/colinmignot/Library/Developer/Xcode/DerivedData/VoiceControlApp-blksosoomtdtwjhjsmxmvltvxzbh/Build/Products/Debug-iphonesimulator/include -Xcc -I/Users/colinmignot/Library/Developer/Xcode/DerivedData/VoiceControlApp-blksosoomtdtwjhjsmxmvltvxzbh/Build/Intermediates.noindex/VoiceControlApp.build/Debug-iphonesimulator/VoiceControlApp.build/DerivedSources-normal/arm64 -Xcc -I/Users/colinmignot/Library/Developer/Xcode/DerivedData/VoiceControlApp-blksosoomtdtwjhjsmxmvltvxzbh/Build/Intermediates.noindex/VoiceControlApp.build/Debug-iphonesimulator/VoiceControlApp.build/DerivedSources/arm64 -Xcc -I/Users/colinmignot/Library/Developer/Xcode/DerivedData/VoiceControlApp-blksosoomtdtwjhjsmxmvltvxzbh/Build/Intermediates.noindex/VoiceControlApp.build/Debug-iphonesimulator/VoiceControlApp.build/DerivedSources -Xcc -DDEBUG\=1 -emit-objc-header -emit-objc-header-path /Users/colinmignot/Library/Developer/Xcode/DerivedData/VoiceControlApp-blksosoomtdtwjhjsmxmvltvxzbh/Build/Intermediates.noindex/VoiceControlApp.build/Debug-iphonesimulator/VoiceControlApp.build/Objects-normal/arm64/VoiceControlApp-Swift.h -working-directory /Users/colinmignot/Cursor/Ios\ Voice\ Control/PRPs-agentic-eng -experimental-emit-module-separately -disable-cmo
error: Build input file cannot be found: '/Users/colinmignot/Cursor/Ios Voice Control/PRPs-agentic-eng/VoiceControlApp/RCPNetworkClient.swift'. Did you forget to declare this file as an output of a script phase or custom build rule which produces it? (in target 'VoiceControlApp' from project 'VoiceControlApp')

SwiftDriver\ Compilation VoiceControlApp normal arm64 com.apple.xcode.tools.swift.compiler (in target 'VoiceControlApp' from project 'VoiceControlApp')
    cd /Users/colinmignot/Cursor/Ios\ Voice\ Control/PRPs-agentic-eng
    builtin-Swift-Compilation -- /Applications/Xcode.app/Contents/Developer/Toolchains/XcodeDefault.xctoolchain/usr/bin/swiftc -module-name VoiceControlApp -Onone -enforce-exclusivity\=checked @/Users/colinmignot/Library/Developer/Xcode/DerivedData/VoiceControlApp-blksosoomtdtwjhjsmxmvltvxzbh/Build/Intermediates.noindex/VoiceControlApp.build/Debug-iphonesimulator/VoiceControlApp.build/Objects-normal/arm64/VoiceControlApp.SwiftFileList -DDEBUG -Xcc -fmodule-map-file\=/Users/colinmignot/Library/Developer/Xcode/DerivedData/VoiceControlApp-blksosoomtdtwjhjsmxmvltvxzbh/Build/Intermediates.noindex/GeneratedModuleMaps-iphonesimulator/AppAuth.modulemap -Xcc -fmodule-map-file\=/Users/colinmignot/Library/Developer/Xcode/DerivedData/VoiceControlApp-blksosoomtdtwjhjsmxmvltvxzbh/Build/Intermediates.noindex/GeneratedModuleMaps-iphonesimulator/AppAuthCore.modulemap -Xcc -fmodule-map-file\=/Users/colinmignot/Library/Developer/Xcode/DerivedData/VoiceControlApp-blksosoomtdtwjhjsmxmvltvxzbh/Build/Intermediates.noindex/GeneratedModuleMaps-iphonesimulator/AppCheckCore.modulemap -Xcc -fmodule-map-file\=/Users/colinmignot/Library/Developer/Xcode/DerivedData/VoiceControlApp-blksosoomtdtwjhjsmxmvltvxzbh/Build/Intermediates.noindex/GeneratedModuleMaps-iphonesimulator/GoogleSignIn.modulemap -Xcc -fmodule-map-file\=/Users/colinmignot/Library/Developer/Xcode/DerivedData/VoiceControlApp-blksosoomtdtwjhjsmxmvltvxzbh/Build/Intermediates.noindex/GeneratedModuleMaps-iphonesimulator/RecaptchaInterop.modulemap -Xcc -fmodule-map-file\=/Users/colinmignot/Library/Developer/Xcode/DerivedData/VoiceControlApp-blksosoomtdtwjhjsmxmvltvxzbh/Build/Intermediates.noindex/GeneratedModuleMaps-iphonesimulator/GoogleUtilities-Network.modulemap -Xcc -fmodule-map-file\=/Users/colinmignot/Library/Developer/Xcode/DerivedData/VoiceControlApp-blksosoomtdtwjhjsmxmvltvxzbh/Build/Intermediates.noindex/GeneratedModuleMaps-iphonesimulator/GoogleUtilities-Reachability.modulemap -Xcc -fmodule-map-file\=/Users/colinmignot/Library/Developer/Xcode/DerivedData/VoiceControlApp-blksosoomtdtwjhjsmxmvltvxzbh/Build/Intermediates.noindex/GeneratedModuleMaps-iphonesimulator/GoogleUtilities-AppDelegateSwizzler.modulemap -Xcc -fmodule-map-file\=/Users/colinmignot/Library/Developer/Xcode/DerivedData/VoiceControlApp-blksosoomtdtwjhjsmxmvltvxzbh/Build/Intermediates.noindex/GeneratedModuleMaps-iphonesimulator/FirebaseAuthInternal.modulemap -Xcc -fmodule-map-file\=/Users/colinmignot/Library/Developer/Xcode/DerivedData/VoiceControlApp-blksosoomtdtwjhjsmxmvltvxzbh/Build/Intermediates.noindex/GeneratedModuleMaps-iphonesimulator/GoogleUtilities-UserDefaults.modulemap -Xcc -fmodule-map-file\=/Users/colinmignot/Library/Developer/Xcode/DerivedData/VoiceControlApp-blksosoomtdtwjhjsmxmvltvxzbh/Build/Intermediates.noindex/GeneratedModuleMaps-iphonesimulator/FirebaseDatabaseInternal.modulemap -Xcc -fmodule-map-file\=/Users/colinmignot/Library/Developer/Xcode/DerivedData/VoiceControlApp-blksosoomtdtwjhjsmxmvltvxzbh/Build/Intermediates.noindex/GeneratedModuleMaps-iphonesimulator/GTMSessionFetcherCore.modulemap -Xcc -fmodule-map-file\=/Users/colinmignot/Library/Developer/Xcode/DerivedData/VoiceControlApp-blksosoomtdtwjhjsmxmvltvxzbh/Build/Intermediates.noindex/GeneratedModuleMaps-iphonesimulator/FirebaseMessagingInterop.modulemap -Xcc -fmodule-map-file\=/Users/colinmignot/Library/Developer/Xcode/DerivedData/VoiceControlApp-blksosoomtdtwjhjsmxmvltvxzbh/Build/Intermediates.noindex/GeneratedModuleMaps-iphonesimulator/FirebaseAuthInterop.modulemap -Xcc -fmodule-map-file\=/Users/colinmignot/Library/Developer/Xcode/DerivedData/VoiceControlApp-blksosoomtdtwjhjsmxmvltvxzbh/Build/Intermediates.noindex/GeneratedModuleMaps-iphonesimulator/GoogleUtilities-NSData.modulemap -Xcc -fmodule-map-file\=/Users/colinmignot/Library/Developer/Xcode/DerivedData/VoiceControlApp-blksosoomtdtwjhjsmxmvltvxzbh/Build/Intermediates.noindex/GeneratedModuleMaps-iphonesimulator/GoogleUtilities-Environment.modulemap -Xcc -fmodule-map-file\=/Users/colinmignot/Library/Developer/Xcode/DerivedData/VoiceControlApp-blksosoomtdtwjhjsmxmvltvxzbh/Build/Intermediates.noindex/GeneratedModuleMaps-iphonesimulator/third-party-IsAppEncrypted.modulemap -Xcc -fmodule-map-file\=/Users/colinmignot/Library/Developer/Xcode/DerivedData/VoiceControlApp-blksosoomtdtwjhjsmxmvltvxzbh/Build/Intermediates.noindex/GeneratedModuleMaps-iphonesimulator/GoogleUtilities-Logger.modulemap -Xcc -fmodule-map-file\=/Users/colinmignot/Library/Developer/Xcode/DerivedData/VoiceControlApp-blksosoomtdtwjhjsmxmvltvxzbh/Build/Intermediates.noindex/GeneratedModuleMaps-iphonesimulator/abslWrapper.modulemap -Xcc -fmodule-map-file\=/Users/colinmignot/Library/Developer/Xcode/DerivedData/VoiceControlApp-blksosoomtdtwjhjsmxmvltvxzbh/Build/Intermediates.noindex/GeneratedModuleMaps-iphonesimulator/opensslWrapper.modulemap -Xcc -fmodule-map-file\=/Users/colinmignot/Library/Developer/Xcode/DerivedData/VoiceControlApp-blksosoomtdtwjhjsmxmvltvxzbh/Build/Intermediates.noindex/GeneratedModuleMaps-iphonesimulator/grpcWrapper.modulemap -Xcc -fmodule-map-file\=/Users/colinmignot/Library/Developer/Xcode/DerivedData/VoiceControlApp-blksosoomtdtwjhjsmxmvltvxzbh/Build/Intermediates.noindex/GeneratedModuleMaps-iphonesimulator/grpcppWrapper.modulemap -Xcc -fmodule-map-file\=/Users/colinmignot/Library/Developer/Xcode/DerivedData/VoiceControlApp-blksosoomtdtwjhjsmxmvltvxzbh/Build/Intermediates.noindex/GeneratedModuleMaps-iphonesimulator/nanopb.modulemap -Xcc -fmodule-map-file\=/Users/colinmignot/Library/Developer/Xcode/DerivedData/VoiceControlApp-blksosoomtdtwjhjsmxmvltvxzbh/Build/Intermediates.noindex/GeneratedModuleMaps-iphonesimulator/leveldb.modulemap -Xcc -fmodule-map-file\=/Users/colinmignot/Library/Developer/Xcode/DerivedData/VoiceControlApp-blksosoomtdtwjhjsmxmvltvxzbh/Build/Intermediates.noindex/GeneratedModuleMaps-iphonesimulator/FirebaseCoreExtension.modulemap -Xcc -fmodule-map-file\=/Users/colinmignot/Library/Developer/Xcode/DerivedData/VoiceControlApp-blksosoomtdtwjhjsmxmvltvxzbh/Build/Intermediates.noindex/GeneratedModuleMaps-iphonesimulator/FirebaseCore.modulemap -Xcc -fmodule-map-file\=/Users/colinmignot/Library/Developer/Xcode/DerivedData/VoiceControlApp-blksosoomtdtwjhjsmxmvltvxzbh/Build/Intermediates.noindex/GeneratedModuleMaps-iphonesimulator/FirebaseAppCheckInterop.modulemap -Xcc -fmodule-map-file\=/Users/colinmignot/Library/Developer/Xcode/DerivedData/VoiceControlApp-blksosoomtdtwjhjsmxmvltvxzbh/Build/Intermediates.noindex/GeneratedModuleMaps-iphonesimulator/FirebaseFirestoreInternalWrapper.modulemap -Xcc -fmodule-map-file\=/Users/colinmignot/Library/Developer/Xcode/DerivedData/VoiceControlApp-blksosoomtdtwjhjsmxmvltvxzbh/Build/Intermediates.noindex/GeneratedModuleMaps-iphonesimulator/FirebaseFirestoreTarget.modulemap -plugin-path /Applications/Xcode.app/Contents/Developer/Toolchains/XcodeDefault.xctoolchain/usr/lib/swift/host/plugins/testing -enable-bare-slash-regex -enable-experimental-feature DebugDescriptionMacro -sdk /Applications/Xcode.app/Contents/Developer/Platforms/iPhoneSimulator.platform/Developer/SDKs/iPhoneSimulator18.5.sdk -target arm64-apple-ios17.0-simulator -g -module-cache-path /Users/colinmignot/Library/Developer/Xcode/DerivedData/ModuleCache.noindex -Xfrontend -serialize-debugging-options -enable-testing -index-store-path /Users/colinmignot/Library/Developer/Xcode/DerivedData/VoiceControlApp-blksosoomtdtwjhjsmxmvltvxzbh/Index.noindex/DataStore -swift-version 5 -I /Users/colinmignot/Library/Developer/Xcode/DerivedData/VoiceControlApp-blksosoomtdtwjhjsmxmvltvxzbh/Build/Products/Debug-iphonesimulator -I /Applications/Xcode.app/Contents/Developer/Platforms/iPhoneSimulator.platform/Developer/usr/lib -F /Users/colinmignot/Library/Developer/Xcode/DerivedData/VoiceControlApp-blksosoomtdtwjhjsmxmvltvxzbh/Build/Products/Debug-iphonesimulator/PackageFrameworks -F /Users/colinmignot/Library/Developer/Xcode/DerivedData/VoiceControlApp-blksosoomtdtwjhjsmxmvltvxzbh/Build/Products/Debug-iphonesimulator/PackageFrameworks -F /Users/colinmignot/Library/Developer/Xcode/DerivedData/VoiceControlApp-blksosoomtdtwjhjsmxmvltvxzbh/Build/Products/Debug-iphonesimulator/PackageFrameworks -F /Users/colinmignot/Library/Developer/Xcode/DerivedData/VoiceControlApp-blksosoomtdtwjhjsmxmvltvxzbh/Build/Products/Debug-iphonesimulator/PackageFrameworks -F /Users/colinmignot/Library/Developer/Xcode/DerivedData/VoiceControlApp-blksosoomtdtwjhjsmxmvltvxzbh/Build/Products/Debug-iphonesimulator/PackageFrameworks -F /Users/colinmignot/Library/Developer/Xcode/DerivedData/VoiceControlApp-blksosoomtdtwjhjsmxmvltvxzbh/Build/Products/Debug-iphonesimulator/PackageFrameworks -F /Users/colinmignot/Library/Developer/Xcode/DerivedData/VoiceControlApp-blksosoomtdtwjhjsmxmvltvxzbh/Build/Products/Debug-iphonesimulator/PackageFrameworks -F /Users/colinmignot/Library/Developer/Xcode/DerivedData/VoiceControlApp-blksosoomtdtwjhjsmxmvltvxzbh/Build/Products/Debug-iphonesimulator/PackageFrameworks -F /Users/colinmignot/Library/Developer/Xcode/DerivedData/VoiceControlApp-blksosoomtdtwjhjsmxmvltvxzbh/Build/Products/Debug-iphonesimulator/PackageFrameworks -F /Users/colinmignot/Library/Developer/Xcode/DerivedData/VoiceControlApp-blksosoomtdtwjhjsmxmvltvxzbh/Build/Products/Debug-iphonesimulator/PackageFrameworks -F /Users/colinmignot/Library/Developer/Xcode/DerivedData/VoiceControlApp-blksosoomtdtwjhjsmxmvltvxzbh/Build/Products/Debug-iphonesimulator/PackageFrameworks -F /Users/colinmignot/Library/Developer/Xcode/DerivedData/VoiceControlApp-blksosoomtdtwjhjsmxmvltvxzbh/Build/Products/Debug-iphonesimulator/PackageFrameworks -F /Users/colinmignot/Library/Developer/Xcode/DerivedData/VoiceControlApp-blksosoomtdtwjhjsmxmvltvxzbh/Build/Products/Debug-iphonesimulator/PackageFrameworks -F /Users/colinmignot/Library/Developer/Xcode/DerivedData/VoiceControlApp-blksosoomtdtwjhjsmxmvltvxzbh/Build/Products/Debug-iphonesimulator/PackageFrameworks -F /Users/colinmignot/Library/Developer/Xcode/DerivedData/VoiceControlApp-blksosoomtdtwjhjsmxmvltvxzbh/Build/Products/Debug-iphonesimulator/PackageFrameworks -F /Users/colinmignot/Library/Developer/Xcode/DerivedData/VoiceControlApp-blksosoomtdtwjhjsmxmvltvxzbh/Build/Products/Debug-iphonesimulator/PackageFrameworks -F /Users/colinmignot/Library/Developer/Xcode/DerivedData/VoiceControlApp-blksosoomtdtwjhjsmxmvltvxzbh/Build/Products/Debug-iphonesimulator/PackageFrameworks -F /Users/colinmignot/Library/Developer/Xcode/DerivedData/VoiceControlApp-blksosoomtdtwjhjsmxmvltvxzbh/Build/Products/Debug-iphonesimulator/PackageFrameworks -F /Users/colinmignot/Library/Developer/Xcode/DerivedData/VoiceControlApp-blksosoomtdtwjhjsmxmvltvxzbh/Build/Products/Debug-iphonesimulator/PackageFrameworks -F /Users/colinmignot/Library/Developer/Xcode/DerivedData/VoiceControlApp-blksosoomtdtwjhjsmxmvltvxzbh/Build/Products/Debug-iphonesimulator/PackageFrameworks -F /Users/colinmignot/Library/Developer/Xcode/DerivedData/VoiceControlApp-blksosoomtdtwjhjsmxmvltvxzbh/Build/Products/Debug-iphonesimulator/PackageFrameworks -F /Users/colinmignot/Library/Developer/Xcode/DerivedData/VoiceControlApp-blksosoomtdtwjhjsmxmvltvxzbh/Build/Products/Debug-iphonesimulator/PackageFrameworks -F /Users/colinmignot/Library/Developer/Xcode/DerivedData/VoiceControlApp-blksosoomtdtwjhjsmxmvltvxzbh/Build/Products/Debug-iphonesimulator/PackageFrameworks -F /Users/colinmignot/Library/Developer/Xcode/DerivedData/VoiceControlApp-blksosoomtdtwjhjsmxmvltvxzbh/Build/Products/Debug-iphonesimulator/PackageFrameworks -F /Users/colinmignot/Library/Developer/Xcode/DerivedData/VoiceControlApp-blksosoomtdtwjhjsmxmvltvxzbh/Build/Products/Debug-iphonesimulator/PackageFrameworks -F /Users/colinmignot/Library/Developer/Xcode/DerivedData/VoiceControlApp-blksosoomtdtwjhjsmxmvltvxzbh/Build/Products/Debug-iphonesimulator/PackageFrameworks -F /Users/colinmignot/Library/Developer/Xcode/DerivedData/VoiceControlApp-blksosoomtdtwjhjsmxmvltvxzbh/Build/Products/Debug-iphonesimulator/PackageFrameworks -F /Users/colinmignot/Library/Developer/Xcode/DerivedData/VoiceControlApp-blksosoomtdtwjhjsmxmvltvxzbh/Build/Products/Debug-iphonesimulator/PackageFrameworks -F /Users/colinmignot/Library/Developer/Xcode/DerivedData/VoiceControlApp-blksosoomtdtwjhjsmxmvltvxzbh/Build/Products/Debug-iphonesimulator/PackageFrameworks -F /Users/colinmignot/Library/Developer/Xcode/DerivedData/VoiceControlApp-blksosoomtdtwjhjsmxmvltvxzbh/Build/Products/Debug-iphonesimulator/PackageFrameworks -F /Users/colinmignot/Library/Developer/Xcode/DerivedData/VoiceControlApp-blksosoomtdtwjhjsmxmvltvxzbh/Build/Products/Debug-iphonesimulator/PackageFrameworks -F /Users/colinmignot/Library/Developer/Xcode/DerivedData/VoiceControlApp-blksosoomtdtwjhjsmxmvltvxzbh/Build/Products/Debug-iphonesimulator/PackageFrameworks -F /Users/colinmignot/Library/Developer/Xcode/DerivedData/VoiceControlApp-blksosoomtdtwjhjsmxmvltvxzbh/Build/Products/Debug-iphonesimulator/PackageFrameworks -F /Users/colinmignot/Library/Developer/Xcode/DerivedData/VoiceControlApp-blksosoomtdtwjhjsmxmvltvxzbh/Build/Products/Debug-iphonesimulator/PackageFrameworks -F /Users/colinmignot/Library/Developer/Xcode/DerivedData/VoiceControlApp-blksosoomtdtwjhjsmxmvltvxzbh/Build/Products/Debug-iphonesimulator/PackageFrameworks -F /Users/colinmignot/Library/Developer/Xcode/DerivedData/VoiceControlApp-blksosoomtdtwjhjsmxmvltvxzbh/Build/Products/Debug-iphonesimulator/PackageFrameworks -F /Users/colinmignot/Library/Developer/Xcode/DerivedData/VoiceControlApp-blksosoomtdtwjhjsmxmvltvxzbh/Build/Products/Debug-iphonesimulator/PackageFrameworks -F /Users/colinmignot/Library/Developer/Xcode/DerivedData/VoiceControlApp-blksosoomtdtwjhjsmxmvltvxzbh/Build/Products/Debug-iphonesimulator/PackageFrameworks -F /Users/colinmignot/Library/Developer/Xcode/DerivedData/VoiceControlApp-blksosoomtdtwjhjsmxmvltvxzbh/Build/Products/Debug-iphonesimulator/PackageFrameworks -F /Users/colinmignot/Library/Developer/Xcode/DerivedData/VoiceControlApp-blksosoomtdtwjhjsmxmvltvxzbh/Build/Products/Debug-iphonesimulator/PackageFrameworks -F /Users/colinmignot/Library/Developer/Xcode/DerivedData/VoiceControlApp-blksosoomtdtwjhjsmxmvltvxzbh/Build/Products/Debug-iphonesimulator/PackageFrameworks -F /Users/colinmignot/Library/Developer/Xcode/DerivedData/VoiceControlApp-blksosoomtdtwjhjsmxmvltvxzbh/Build/Products/Debug-iphonesimulator -F /Applications/Xcode.app/Contents/Developer/Platforms/iPhoneSimulator.platform/Developer/Library/Frameworks -F /Applications/Xcode.app/Contents/Developer/Platforms/iPhoneSimulator.platform/Developer/SDKs/iPhoneSimulator18.5.sdk/Developer/Library/Frameworks -emit-localized-strings -emit-localized-strings-path /Users/colinmignot/Library/Developer/Xcode/DerivedData/VoiceControlApp-blksosoomtdtwjhjsmxmvltvxzbh/Build/Intermediates.noindex/VoiceControlApp.build/Debug-iphonesimulator/VoiceControlApp.build/Objects-normal/arm64 -c -j8 -enable-batch-mode -incremental -Xcc -ivfsstatcache -Xcc /Users/colinmignot/Library/Developer/Xcode/DerivedData/SDKStatCaches.noindex/iphonesimulator18.5-22F76-d5fc8ad4295d2ef488fb7d0f804ce0c4.sdkstatcache -output-file-map /Users/colinmignot/Library/Developer/Xcode/DerivedData/VoiceControlApp-blksosoomtdtwjhjsmxmvltvxzbh/Build/Intermediates.noindex/VoiceControlApp.build/Debug-iphonesimulator/VoiceControlApp.build/Objects-normal/arm64/VoiceControlApp-OutputFileMap.json -use-frontend-parseable-output -save-temps -no-color-diagnostics -serialize-diagnostics -emit-dependencies -emit-module -emit-module-path /Users/colinmignot/Library/Developer/Xcode/DerivedData/VoiceControlApp-blksosoomtdtwjhjsmxmvltvxzbh/Build/Intermediates.noindex/VoiceControlApp.build/Debug-iphonesimulator/VoiceControlApp.build/Objects-normal/arm64/VoiceControlApp.swiftmodule -validate-clang-modules-once -clang-build-session-file /Users/colinmignot/Library/Developer/Xcode/DerivedData/ModuleCache.noindex/Session.modulevalidation -Xcc -I/Users/colinmignot/Library/Developer/Xcode/DerivedData/VoiceControlApp-blksosoomtdtwjhjsmxmvltvxzbh/Build/Intermediates.noindex/VoiceControlApp.build/Debug-iphonesimulator/VoiceControlApp.build/swift-overrides.hmap -emit-const-values -Xfrontend -const-gather-protocols-file -Xfrontend /Users/colinmignot/Library/Developer/Xcode/DerivedData/VoiceControlApp-blksosoomtdtwjhjsmxmvltvxzbh/Build/Intermediates.noindex/VoiceControlApp.build/Debug-iphonesimulator/VoiceControlApp.build/Objects-normal/arm64/VoiceControlApp_const_extract_protocols.json -Xcc -iquote -Xcc /Users/colinmignot/Library/Developer/Xcode/DerivedData/VoiceControlApp-blksosoomtdtwjhjsmxmvltvxzbh/Build/Intermediates.noindex/VoiceControlApp.build/Debug-iphonesimulator/VoiceControlApp.build/VoiceControlApp-generated-files.hmap -Xcc -I/Users/colinmignot/Library/Developer/Xcode/DerivedData/VoiceControlApp-blksosoomtdtwjhjsmxmvltvxzbh/Build/Intermediates.noindex/VoiceControlApp.build/Debug-iphonesimulator/VoiceControlApp.build/VoiceControlApp-own-target-headers.hmap -Xcc -I/Users/colinmignot/Library/Developer/Xcode/DerivedData/VoiceControlApp-blksosoomtdtwjhjsmxmvltvxzbh/Build/Intermediates.noindex/VoiceControlApp.build/Debug-iphonesimulator/VoiceControlApp.build/VoiceControlApp-all-non-framework-target-headers.hmap -Xcc -ivfsoverlay -Xcc /Users/colinmignot/Library/Developer/Xcode/DerivedData/VoiceControlApp-blksosoomtdtwjhjsmxmvltvxzbh/Build/Intermediates.noindex/VoiceControlApp.build/Debug-iphonesimulator/VoiceControlApp-0c2e10f82cbaa41c3ef8cdc3d26c8253-VFS-iphonesimulator/all-product-headers.yaml -Xcc -iquote -Xcc /Users/colinmignot/Library/Developer/Xcode/DerivedData/VoiceControlApp-blksosoomtdtwjhjsmxmvltvxzbh/Build/Intermediates.noindex/VoiceControlApp.build/Debug-iphonesimulator/VoiceControlApp.build/VoiceControlApp-project-headers.hmap -Xcc -I/Users/colinmignot/Library/Developer/Xcode/DerivedData/VoiceControlApp-blksosoomtdtwjhjsmxmvltvxzbh/SourcePackages/checkouts/AppAuth-iOS/Sources/AppAuth -Xcc -I/Users/colinmignot/Library/Developer/Xcode/DerivedData/VoiceControlApp-blksosoomtdtwjhjsmxmvltvxzbh/SourcePackages/checkouts/AppAuth-iOS/Sources/AppAuthCore -Xcc -I/Users/colinmignot/Library/Developer/Xcode/DerivedData/VoiceControlApp-blksosoomtdtwjhjsmxmvltvxzbh/SourcePackages/checkouts/promises/Sources/FBLPromises/include -Xcc -I/Users/colinmignot/Library/Developer/Xcode/DerivedData/VoiceControlApp-blksosoomtdtwjhjsmxmvltvxzbh/SourcePackages/checkouts/app-check/AppCheckCore/Sources/Public -Xcc -I/Users/colinmignot/Library/Developer/Xcode/DerivedData/VoiceControlApp-blksosoomtdtwjhjsmxmvltvxzbh/SourcePackages/checkouts/GoogleSignIn-iOS/GoogleSignIn/Sources/Public -Xcc -I/Users/colinmignot/Library/Developer/Xcode/DerivedData/VoiceControlApp-blksosoomtdtwjhjsmxmvltvxzbh/SourcePackages/checkouts/interop-ios-for-google-sdks/RecaptchaEnterprise/RecaptchaInterop/Public -Xcc -I/Users/colinmignot/Library/Developer/Xcode/DerivedData/VoiceControlApp-blksosoomtdtwjhjsmxmvltvxzbh/SourcePackages/checkouts/GoogleUtilities/GoogleUtilities/Network/Public -Xcc -I/Users/colinmignot/Library/Developer/Xcode/DerivedData/VoiceControlApp-blksosoomtdtwjhjsmxmvltvxzbh/SourcePackages/checkouts/GoogleUtilities/GoogleUtilities/Reachability/Public -Xcc -I/Users/colinmignot/Library/Developer/Xcode/DerivedData/VoiceControlApp-blksosoomtdtwjhjsmxmvltvxzbh/SourcePackages/checkouts/GoogleUtilities/GoogleUtilities/AppDelegateSwizzler/Public -Xcc -I/Users/colinmignot/Library/Developer/Xcode/DerivedData/VoiceControlApp-blksosoomtdtwjhjsmxmvltvxzbh/SourcePackages/checkouts/firebase-ios-sdk/FirebaseAuth/Sources/Public -Xcc -I/Users/colinmignot/Library/Developer/Xcode/DerivedData/VoiceControlApp-blksosoomtdtwjhjsmxmvltvxzbh/SourcePackages/checkouts/GoogleUtilities/GoogleUtilities/UserDefaults/Public -Xcc -I/Users/colinmignot/Library/Developer/Xcode/DerivedData/VoiceControlApp-blksosoomtdtwjhjsmxmvltvxzbh/SourcePackages/checkouts/firebase-ios-sdk/FirebaseDatabase/Sources/Public -Xcc -I/Users/colinmignot/Library/Developer/Xcode/DerivedData/VoiceControlApp-blksosoomtdtwjhjsmxmvltvxzbh/SourcePackages/checkouts/gtm-session-fetcher/Sources/Core/Public -Xcc -I/Users/colinmignot/Library/Developer/Xcode/DerivedData/VoiceControlApp-blksosoomtdtwjhjsmxmvltvxzbh/SourcePackages/checkouts/firebase-ios-sdk/FirebaseMessaging/Interop -Xcc -I/Users/colinmignot/Library/Developer/Xcode/DerivedData/VoiceControlApp-blksosoomtdtwjhjsmxmvltvxzbh/SourcePackages/checkouts/firebase-ios-sdk/FirebaseAuth/Interop/Public -Xcc -I/Users/colinmignot/Library/Developer/Xcode/DerivedData/VoiceControlApp-blksosoomtdtwjhjsmxmvltvxzbh/SourcePackages/checkouts/GoogleUtilities/GoogleUtilities/NSData+zlib/Public -Xcc -I/Users/colinmignot/Library/Developer/Xcode/DerivedData/VoiceControlApp-blksosoomtdtwjhjsmxmvltvxzbh/SourcePackages/checkouts/GoogleUtilities/GoogleUtilities/Environment/Public -Xcc -I/Users/colinmignot/Library/Developer/Xcode/DerivedData/VoiceControlApp-blksosoomtdtwjhjsmxmvltvxzbh/SourcePackages/checkouts/GoogleUtilities/third_party/IsAppEncrypted/Public -Xcc -I/Users/colinmignot/Library/Developer/Xcode/DerivedData/VoiceControlApp-blksosoomtdtwjhjsmxmvltvxzbh/SourcePackages/checkouts/GoogleUtilities/GoogleUtilities/Logger/Public -Xcc -I/Users/colinmignot/Library/Developer/Xcode/DerivedData/VoiceControlApp-blksosoomtdtwjhjsmxmvltvxzbh/SourcePackages/checkouts/abseil-cpp-binary/absl-Wrapper/include -Xcc -I/Users/colinmignot/Library/Developer/Xcode/DerivedData/VoiceControlApp-blksosoomtdtwjhjsmxmvltvxzbh/SourcePackages/checkouts/grpc-binary/openssl-grpc-Wrapper/include -Xcc -I/Users/colinmignot/Library/Developer/Xcode/DerivedData/VoiceControlApp-blksosoomtdtwjhjsmxmvltvxzbh/SourcePackages/checkouts/grpc-binary/grpc-Wrapper/include -Xcc -I/Users/colinmignot/Library/Developer/Xcode/DerivedData/VoiceControlApp-blksosoomtdtwjhjsmxmvltvxzbh/SourcePackages/checkouts/grpc-binary/grpcpp-Wrapper/include -Xcc -I/Users/colinmignot/Library/Developer/Xcode/DerivedData/VoiceControlApp-blksosoomtdtwjhjsmxmvltvxzbh/SourcePackages/checkouts/nanopb/spm_headers -Xcc -I/Users/colinmignot/Library/Developer/Xcode/DerivedData/VoiceControlApp-blksosoomtdtwjhjsmxmvltvxzbh/SourcePackages/checkouts/leveldb/include -Xcc -I/Users/colinmignot/Library/Developer/Xcode/DerivedData/VoiceControlApp-blksosoomtdtwjhjsmxmvltvxzbh/SourcePackages/checkouts/firebase-ios-sdk/FirebaseCore/Extension -Xcc -I/Users/colinmignot/Library/Developer/Xcode/DerivedData/VoiceControlApp-blksosoomtdtwjhjsmxmvltvxzbh/SourcePackages/checkouts/firebase-ios-sdk/FirebaseCore/Sources/Public -Xcc -I/Users/colinmignot/Library/Developer/Xcode/DerivedData/VoiceControlApp-blksosoomtdtwjhjsmxmvltvxzbh/SourcePackages/checkouts/firebase-ios-sdk/CoreOnly/Sources -Xcc -I/Users/colinmignot/Library/Developer/Xcode/DerivedData/VoiceControlApp-blksosoomtdtwjhjsmxmvltvxzbh/SourcePackages/checkouts/firebase-ios-sdk/FirebaseAppCheck/Interop/Public -Xcc -I/Users/colinmignot/Library/Developer/Xcode/DerivedData/VoiceControlApp-blksosoomtdtwjhjsmxmvltvxzbh/SourcePackages/checkouts/firebase-ios-sdk/FirebaseFirestoreInternal -Xcc -I/Users/colinmignot/Library/Developer/Xcode/DerivedData/VoiceControlApp-blksosoomtdtwjhjsmxmvltvxzbh/SourcePackages/checkouts/firebase-ios-sdk/SwiftPM-PlatformExclude/FirebaseFirestoreWrap/include -Xcc -I/Users/colinmignot/Library/Developer/Xcode/DerivedData/VoiceControlApp-blksosoomtdtwjhjsmxmvltvxzbh/Build/Products/Debug-iphonesimulator/include -Xcc -I/Users/colinmignot/Library/Developer/Xcode/DerivedData/VoiceControlApp-blksosoomtdtwjhjsmxmvltvxzbh/Build/Intermediates.noindex/VoiceControlApp.build/Debug-iphonesimulator/VoiceControlApp.build/DerivedSources-normal/arm64 -Xcc -I/Users/colinmignot/Library/Developer/Xcode/DerivedData/VoiceControlApp-blksosoomtdtwjhjsmxmvltvxzbh/Build/Intermediates.noindex/VoiceControlApp.build/Debug-iphonesimulator/VoiceControlApp.build/DerivedSources/arm64 -Xcc -I/Users/colinmignot/Library/Developer/Xcode/DerivedData/VoiceControlApp-blksosoomtdtwjhjsmxmvltvxzbh/Build/Intermediates.noindex/VoiceControlApp.build/Debug-iphonesimulator/VoiceControlApp.build/DerivedSources -Xcc -DDEBUG\=1 -emit-objc-header -emit-objc-header-path /Users/colinmignot/Library/Developer/Xcode/DerivedData/VoiceControlApp-blksosoomtdtwjhjsmxmvltvxzbh/Build/Intermediates.noindex/VoiceControlApp.build/Debug-iphonesimulator/VoiceControlApp.build/Objects-normal/arm64/VoiceControlApp-Swift.h -working-directory /Users/colinmignot/Cursor/Ios\ Voice\ Control/PRPs-agentic-eng -experimental-emit-module-separately -disable-cmo
error: Build input file cannot be found: '/Users/colinmignot/Cursor/Ios Voice Control/PRPs-agentic-eng/VoiceControlApp/RCPNetworkClient.swift'. Did you forget to declare this file as an output of a script phase or custom build rule which produces it? (in target 'VoiceControlApp' from project 'VoiceControlApp')

warning: Skipping duplicate build file in Compile Sources build phase: /Users/colinmignot/Cursor/Ios Voice Control/PRPs-agentic-eng/VoiceControlApp/Authentication/Models/GuestUser.swift (in target 'VoiceControlApp' from project 'VoiceControlApp')
warning: Skipping duplicate build file in Compile Sources build phase: /Users/colinmignot/Cursor/Ios Voice Control/PRPs-agentic-eng/VoiceControlApp/Authentication/Views/WelcomeView.swift (in target 'VoiceControlApp' from project 'VoiceControlApp')
warning: Skipping duplicate build file in Compile Sources build phase: /Users/colinmignot/Cursor/Ios Voice Control/PRPs-agentic-eng/VoiceControlApp/Subscriptions/Models/SubscriptionState.swift (in target 'VoiceControlApp' from project 'VoiceControlApp')
warning: Skipping duplicate build file in Compile Sources build phase: /Users/colinmignot/Cursor/Ios Voice Control/PRPs-agentic-eng/VoiceControlApp/Subscriptions/Models/SubscriptionError.swift (in target 'VoiceControlApp' from project 'VoiceControlApp')
warning: Skipping duplicate build file in Compile Sources build phase: /Users/colinmignot/Cursor/Ios Voice Control/PRPs-agentic-eng/VoiceControlApp/Subscriptions/Models/SubscriptionPlan.swift (in target 'VoiceControlApp' from project 'VoiceControlApp')
warning: Skipping duplicate build file in Compile Sources build phase: /Users/colinmignot/Cursor/Ios Voice Control/PRPs-agentic-eng/VoiceControlApp/Subscriptions/Services/StoreKitService.swift (in target 'VoiceControlApp' from project 'VoiceControlApp')
warning: Skipping duplicate build file in Compile Sources build phase: /Users/colinmignot/Cursor/Ios Voice Control/PRPs-agentic-eng/VoiceControlApp/Subscriptions/ViewModels/SubscriptionManager.swift (in target 'VoiceControlApp' from project 'VoiceControlApp')
warning: Run script build phase 'Run Script' will be run during every build because it does not specify any outputs. To address this issue, either add output dependencies to the script phase, or configure it to run in every build by unchecking "Based on dependency analysis" in the script phase. (in target 'VoiceControlApp' from project 'VoiceControlApp')
note: Run script build phase 'Run Script' will be run during every build because the option to run the script phase "Based on dependency analysis" is unchecked. (in target 'VoiceControlApp' from project 'VoiceControlApp')
warning: Run script build phase 'Run Script' will be run during every build because it does not specify any outputs. To address this issue, either add output dependencies to the script phase, or configure it to run in every build by unchecking "Based on dependency analysis" in the script phase. (in target 'VoiceControlApp' from project 'VoiceControlApp')
** BUILD FAILED **


The following build commands failed:
	SwiftDriver\ Compilation\ Requirements VoiceControlApp normal arm64 com.apple.xcode.tools.swift.compiler (in target 'VoiceControlApp' from project 'VoiceControlApp')
	SwiftDriver\ Compilation VoiceControlApp normal arm64 com.apple.xcode.tools.swift.compiler (in target 'VoiceControlApp' from project 'VoiceControlApp')
	Building project VoiceControlApp with scheme VoiceControlApp and configuration Debug
(3 failures)
