--------- beginning of main
08-08 00:04:32.587  9922 10355 E MediaCodec: Media Quality Service not found.
08-08 00:04:32.593 10372 10372 D nativeloader: Load libframework-connectivity-tiramisu-jni.so using APEX ns com_android_tethering for caller /apex/com.android.tethering/javalib/framework-connectivity-t.jar: ok
08-08 00:04:32.598  9922 10356 E MediaCodec: Media Quality Service not found.
08-08 00:04:32.664  9922 10373 D CCodec  : [c2.android.vorbis.decoder] buffers are bound to CCodec for this session
08-08 00:04:32.677  9922 10379 D CCodec  : [c2.android.vorbis.decoder] buffers are bound to CCodec for this session
08-08 00:04:32.681  9922 10373 D CCodecConfig: no c2 equivalents for durationUs
08-08 00:04:32.681  9922 10373 D CCodecConfig: no c2 equivalents for track-id
08-08 00:04:32.682  9922 10373 D CCodecConfig: no c2 equivalents for csd-1
08-08 00:04:32.683  9922 10373 D CCodecConfig: no c2 equivalents for flags
08-08 00:04:32.685  9922 10379 D CCodecConfig: no c2 equivalents for durationUs
08-08 00:04:32.685  9922 10379 D CCodecConfig: no c2 equivalents for track-id
08-08 00:04:32.685  9922 10379 D CCodecConfig: no c2 equivalents for csd-1
08-08 00:04:32.685  9922 10379 D CCodecConfig: no c2 equivalents for flags
--------- beginning of system
08-08 00:04:32.729  9922  9956 I ActivityManager: Dumping to /data/anr/anr_2025-08-08-00-04-29-599
08-08 00:04:32.748  9922 10373 D CCodecConfig: c2 config diff is   c2::u32 coded.bitrate.value = 96000
08-08 00:04:32.748  9922 10373 D CCodecConfig:   c2::u32 raw.channel-count.value = 2
08-08 00:04:32.757  9922 10379 D CCodecConfig: c2 config diff is   c2::u32 coded.bitrate.value = 140000
08-08 00:04:32.764  9922 10379 W Codec2Client: query -- param skipped: index = 1107298332.
08-08 00:04:32.764  9922 10379 D CCodec  : encoding statistics level = 0
08-08 00:04:32.765  9922 10379 D CCodec  : setup formats input: AMessage(what = 0x00000000) = {
08-08 00:04:32.765  9922 10379 D CCodec  :   int32_t bitrate = 140000
08-08 00:04:32.765  9922 10379 D CCodec  :   int32_t channel-count = 1
08-08 00:04:32.765  9922 10379 D CCodec  :   int32_t max-input-size = 32768
08-08 00:04:32.765  9922 10379 D CCodec  :   string mime = "audio/vorbis"
08-08 00:04:32.765  9922 10379 D CCodec  :   int32_t sample-rate = 48000
08-08 00:04:32.765  9922 10379 D CCodec  : }
08-08 00:04:32.765  9922 10379 D CCodec  : setup formats output: AMessage(what = 0x00000000) = {
08-08 00:04:32.765  9922 10379 D CCodec  :   int32_t buffer-batch-max-output-size = 0
08-08 00:04:32.765  9922 10379 D CCodec  :   int32_t buffer-batch-threshold-output-size = 0
08-08 00:04:32.765  9922 10379 D CCodec  :   int32_t channel-count = 1
08-08 00:04:32.765  9922 10379 D CCodec  :   string mime = "audio/raw"
08-08 00:04:32.765  9922 10379 D CCodec  :   int32_t sample-rate = 48000
08-08 00:04:32.765  9922 10379 D CCodec  :   int32_t channel-mask = 1
08-08 00:04:32.765  9922 10379 D CCodec  :   int32_t android._config-pcm-encoding = 2
08-08 00:04:32.765  9922 10379 D CCodec  : }
08-08 00:04:32.767  9922 10379 I CCodecConfig: query failed after returning 8 values (BAD_INDEX)
08-08 00:04:32.767  9922 10379 E system_server: Failed to query component interface for required system resources: 6
08-08 00:04:32.767  9922 10373 W Codec2Client: query -- param skipped: index = 1107298332.
08-08 00:04:32.767  9922 10373 D CCodec  : encoding statistics level = 0
08-08 00:04:32.768  9922 10373 D CCodec  : setup formats input: AMessage(what = 0x00000000) = {
08-08 00:04:32.768  9922 10373 D CCodec  :   int32_t bitrate = 96000
08-08 00:04:32.768  9922 10373 D CCodec  :   int32_t channel-count = 2
08-08 00:04:32.768  9922 10373 D CCodec  :   int32_t max-input-size = 32768
08-08 00:04:32.768  9922 10373 D CCodec  :   string mime = "audio/vorbis"
08-08 00:04:32.768  9922 10373 D CCodec  :   int32_t sample-rate = 48000
08-08 00:04:32.768  9922 10373 D CCodec  : }
08-08 00:04:32.768  9922 10373 D CCodec  : setup formats output: AMessage(what = 0x00000000) = {
08-08 00:04:32.768  9922 10373 D CCodec  :   int32_t buffer-batch-max-output-size = 0
08-08 00:04:32.768  9922 10373 D CCodec  :   int32_t buffer-batch-threshold-output-size = 0
08-08 00:04:32.768  9922 10373 D CCodec  :   int32_t channel-count = 2
08-08 00:04:32.768  9922 10373 D CCodec  :   string mime = "audio/raw"
08-08 00:04:32.768  9922 10373 D CCodec  :   int32_t sample-rate = 48000
08-08 00:04:32.768  9922 10373 D CCodec  :   int32_t channel-mask = 3
08-08 00:04:32.768  9922 10373 D CCodec  :   int32_t android._config-pcm-encoding = 2
08-08 00:04:32.768  9922 10373 D CCodec  : }
08-08 00:04:32.768  9922 10373 I CCodecConfig: query failed after returning 8 values (BAD_INDEX)
08-08 00:04:32.768  9922 10373 E system_server: Failed to query component interface for required system resources: 6
08-08 00:04:32.782  9922  9956 I ActivityManager: Collecting stacks for pid 9922
08-08 00:04:32.812  9922 10379 W Codec2Client: query -- param skipped: index = 1342179345.
08-08 00:04:32.812  9922 10379 W Codec2Client: query -- param skipped: index = 2415921170.
08-08 00:04:32.819  9922 10379 D C2Store : Using DMABUF Heaps
08-08 00:04:32.826  9922 10373 W Codec2Client: query -- param skipped: index = 1342179345.
08-08 00:04:32.826  9922 10373 W Codec2Client: query -- param skipped: index = 2415921170.
08-08 00:04:32.834  9922 10371 W ZygoteProcess: Got error connecting to zygote, retrying. msg= Connection refused
08-08 00:04:32.874  9922 10379 D CCodecBufferChannel: [c2.android.vorbis.decoder#122] Created input block pool with allocatorID 16 => poolID 17 - OK (0)
08-08 00:04:32.943  9922 10373 D CCodecBufferChannel: [c2.android.vorbis.decoder#381] Created input block pool with allocatorID 16 => poolID 18 - OK (0)
08-08 00:04:32.955  9922 10379 I CCodecBufferChannel: [c2.android.vorbis.decoder#122] Created output block pool with allocatorID 16 => poolID 37 - OK
08-08 00:04:32.955  9922 10379 D CCodecBufferChannel: [c2.android.vorbis.decoder#122] Configured output block pool ids 37 => OK
08-08 00:04:32.959  9922 10373 I CCodecBufferChannel: [c2.android.vorbis.decoder#381] Created output block pool with allocatorID 16 => poolID 38 - OK
08-08 00:04:32.959  9922 10373 D CCodecBufferChannel: [c2.android.vorbis.decoder#381] Configured output block pool ids 38 => OK
08-08 00:04:32.978   595  9809 E Codec2-ComponentInterface: We have a failed config
08-08 00:04:33.037   595   641 E Codec2-ComponentInterface: We have a failed config
08-08 00:04:33.123  9922 10379 I DMABUFHEAPS: Using DMA-BUF heap named: system
08-08 00:04:33.252  9922 10371 W ZygoteProcess: Got error connecting to zygote, retrying. msg= Connection refused
08-08 00:04:33.279  9922 10123 D PermissionMonitor: Users: 1, UidToNetworkPerm: 37
08-08 00:04:33.290   595 10391 D SimpleC2Component: Using output block pool with poolID 38 => got 38 - 0
08-08 00:04:33.299   595 10392 D SimpleC2Component: Using output block pool with poolID 37 => got 37 - 0
08-08 00:04:33.303  9922 10371 W ZygoteProcess: Got error connecting to zygote, retrying. msg= Connection refused
08-08 00:04:33.290  9922  9922 W watchdog: type=1400 audit(0.0:5010): avc:  denied  { read } for  name="transactions" dev="binder" ino=1048587 scontext=u:r:system_server:s0 tcontext=u:object_r:binderfs_logs_transactions:s0 tclass=file permissive=0
08-08 00:04:33.367  9922 10371 W ZygoteProcess: Got error connecting to zygote, retrying. msg= Connection refused
08-08 00:04:33.413  9922  9945 W ActivityManager: Slow operation: 2526ms so far, now at attachApplicationLocked: before bindApplication
08-08 00:04:33.433  9922 10371 W ZygoteProcess: Got error connecting to zygote, retrying. msg= Connection refused
08-08 00:04:33.434  9922  9956 E system_server: Could not open /dev/binderfs/binder_logs/transactions. Likely a permissions issue. errno: 2
08-08 00:04:33.434  9922  9956 E android.os.Debug: Failed to get binder state info for pid: 9922 status: -2: No such file or directory
08-08 00:04:33.452  9922  9922 D SystemServerTiming: MakeVpnManagerServiceReady
08-08 00:04:33.486  9922 10371 W ZygoteProcess: Got error connecting to zygote, retrying. msg= Connection refused
08-08 00:04:33.532 10404 10404 I TestMarker: TEST_AssemblyAI Integration_1754604273
08-08 00:04:33.538  9922 10371 W ZygoteProcess: Got error connecting to zygote, retrying. msg= Connection refused
08-08 00:04:33.606  9922 10371 W ZygoteProcess: Got error connecting to zygote, retrying. msg= Connection refused
08-08 00:04:33.668  9922 10371 W ZygoteProcess: Got error connecting to zygote, retrying. msg= Connection refused
08-08 00:04:33.723  9922 10371 W ZygoteProcess: Got error connecting to zygote, retrying. msg= Connection refused
08-08 00:04:33.734 10394 10394 I WebViewZygoteInit: Starting WebViewZygoteInit
08-08 00:04:33.744  9922 10099 W BestClock: java.time.DateTimeException: No network time available
08-08 00:04:33.761  9922  9945 W ActivityManager: Slow operation: 2874ms so far, now at attachApplicationLocked: immediately before bindApplication
08-08 00:04:33.787  9922 10371 W ZygoteProcess: Got error connecting to zygote, retrying. msg= Connection refused
08-08 00:04:33.823  9922 10100 D InetDiagMessage: Destroyed 0 sockets, proto=IPPROTO_TCP, family=AF_INET, states=14
08-08 00:04:33.847  9922 10371 W ZygoteProcess: Got error connecting to zygote, retrying. msg= Connection refused
08-08 00:04:33.853  9922 10373 D CCodecBufferChannel: [c2.android.vorbis.decoder#381] MediaCodec discarded an unknown buffer
08-08 00:04:33.853  9922 10373 D CCodecBufferChannel: [c2.android.vorbis.decoder#381] MediaCodec discarded an unknown buffer
08-08 00:04:33.854  9922 10100 D InetDiagMessage: Destroyed 0 sockets, proto=IPPROTO_TCP, family=AF_INET6, states=14
08-08 00:04:33.854  9922 10100 D InetDiagMessage: Destroyed live tcp sockets for uids={} in 52ms
08-08 00:04:33.855  9922  9945 D GameManagerService: User ID '0' does not have a Game Mode selected for package: 'com.android.systemui'
08-08 00:04:33.862  9922 10379 I hw-BpHwBinder: onLastStrongRef automatically unlinking death recipients
08-08 00:04:33.863   595  9809 I hw-BpHwBinder: onLastStrongRef automatically unlinking death recipients
08-08 00:04:33.881   595   641 I hw-BpHwBinder: onLastStrongRef automatically unlinking death recipients
08-08 00:04:33.881   595   641 I hw-BpHwBinder: onLastStrongRef automatically unlinking death recipients
08-08 00:04:33.883  9922 10416 I hw-BpHwBinder: onLastStrongRef automatically unlinking death recipients
08-08 00:04:33.882   595   641 D BufferPoolAccessor2.0: Destruction - bufferpool2 0xb400007254bf64d8 cached: 0/0M, 0/0% in use; allocs: 0, 0% recycled; transfers: 0, 0% unfetched
08-08 00:04:33.893   595  9809 D BufferPoolAccessor2.0: Destruction - bufferpool2 0xb400007254bfa348 cached: 0/0M, 0/0% in use; allocs: 0, 0% recycled; transfers: 0, 0% unfetched
08-08 00:04:33.897  9751  9756 D BootAnimation: Playing files = /product/media/bootanimation.zip/part3, Requested repeat = 0, playUntilComplete = false
08-08 00:04:33.911  9922 10371 W ZygoteProcess: Got error connecting to zygote, retrying. msg= Connection refused
08-08 00:04:33.912  9922  9922 D SystemServerTiming: MakeNetworkPolicyServiceReady
08-08 00:04:33.944  9922 10123 D ConnectivityService: NetReassign [no changes] [c 0] [a 1] [i 30]
08-08 00:04:33.994  9922 10123 I SatelliteAccessController: existing users: [UserHandle{0}]
08-08 00:04:34.064  9922 10123 I SatelliteAccessController: currentUser : role_sms_packages: 0 : [com.google.android.apps.messaging]
08-08 00:04:34.098  9922 10356 D MediaCodecList: codecHandlesFormat: no format, so no extra checks
08-08 00:04:34.105  9922 10419 D CCodec  : allocate(c2.android.vorbis.decoder)
08-08 00:04:34.149  9922  9956 E system_server: libdebuggerd_client: failed to read "/proc/9922/task/10373/wchan": No such file or directory
08-08 00:04:34.155  9922  9956 E system_server: libdebuggerd_client: failed to read "/proc/9922/task/10379/wchan": No such file or directory
08-08 00:04:34.167  9922 10419 I CCodec  : setting up 'default' as default (vendor) store
08-08 00:04:34.172  9922  9956 I system_server: libdebuggerd_client: started dumping process 9922
08-08 00:04:34.173  9922 10355 D MediaCodecList: codecHandlesFormat: no format, so no extra checks
08-08 00:04:34.175  9922 10420 D CCodec  : allocate(c2.android.vorbis.decoder)
08-08 00:04:34.197  9922 10420 I CCodec  : setting up 'default' as default (vendor) store
08-08 00:04:34.242   273   273 I tombstoned: registered intercept for pid 9922 and type kDebuggerdJavaBacktrace
08-08 00:04:34.261  9922  9936 I system_server: Thread[2,tid=9936,WaitingInMainSignalCatcherLoop,Thread*=0xb400007837a2af50,peer=0x2008080,"Signal Catcher"]: reacting to signal 3
08-08 00:04:34.262  9922  9936 I system_server: Mutator lock exclusive owner tid: -1
08-08 00:04:34.262  9922  9936 I system_server: ThreadList lock owner tid: 0
08-08 00:04:34.262  9922  9936 I system_server: ClassLinker classes lock owner tid: 0
08-08 00:04:34.262  9922  9936 I system_server: ClassLinker dex lock owner tid: 0
08-08 00:04:34.300  9922 10123 I SatelliteAccessController: satellite_fallback_uid: {10143}
08-08 00:04:34.300  9922 10123 I SatelliteAccessController: merged uid list for multi layer request : {10143}
08-08 00:04:34.300  9922 10419 I CCodec  : Created component [c2.android.vorbis.decoder] for [c2.android.vorbis.decoder]
08-08 00:04:34.301  9922 10420 I CCodec  : Created component [c2.android.vorbis.decoder] for [c2.android.vorbis.decoder]
08-08 00:04:34.302  9922 10419 D CCodecConfig: read media type: audio/vorbis
08-08 00:04:34.310  9922 10420 D CCodecConfig: read media type: audio/vorbis
08-08 00:04:34.376  9922 10420 D ReflectedParamUpdater: extent() != 1 for single value type: algo.buffers.max-count.values
08-08 00:04:34.391  9922 10419 D ReflectedParamUpdater: extent() != 1 for single value type: algo.buffers.max-count.values
08-08 00:04:34.391  9922 10419 D ReflectedParamUpdater: extent() != 1 for single value type: output.subscribed-indices.values
08-08 00:04:34.391  9922 10419 D ReflectedParamUpdater: extent() != 1 for single value type: input.buffers.allocator-ids.values
08-08 00:04:34.391  9922 10419 D ReflectedParamUpdater: extent() != 1 for single value type: output.buffers.allocator-ids.values
08-08 00:04:34.391  9922 10419 D ReflectedParamUpdater: extent() != 1 for single value type: algo.buffers.allocator-ids.values
08-08 00:04:34.391  9922 10419 D ReflectedParamUpdater: extent() != 1 for single value type: output.buffers.pool-ids.values
08-08 00:04:34.391  9922 10419 D ReflectedParamUpdater: extent() != 1 for single value type: algo.buffers.pool-ids.values
08-08 00:04:34.396  9922 10420 D ReflectedParamUpdater: extent() != 1 for single value type: output.subscribed-indices.values
08-08 00:04:34.396  9922 10420 D ReflectedParamUpdater: extent() != 1 for single value type: input.buffers.allocator-ids.values
08-08 00:04:34.397  9922 10420 D ReflectedParamUpdater: extent() != 1 for single value type: output.buffers.allocator-ids.values
08-08 00:04:34.397  9922 10420 D ReflectedParamUpdater: extent() != 1 for single value type: algo.buffers.allocator-ids.values
08-08 00:04:34.397  9922 10420 D ReflectedParamUpdater: extent() != 1 for single value type: output.buffers.pool-ids.values
08-08 00:04:34.397  9922 10420 D ReflectedParamUpdater: extent() != 1 for single value type: algo.buffers.pool-ids.values
08-08 00:04:34.403  9922 10420 I CCodecConfig: query failed after returning 8 values (BAD_INDEX)
08-08 00:04:34.405  9922 10420 D CCodecConfig: c2 config diff is Dict {
08-08 00:04:34.405  9922 10420 D CCodecConfig:   c2::u32 coded.bitrate.value = 64000
08-08 00:04:34.405  9922 10420 D CCodecConfig:   c2::u32 input.buffers.max-size.value = 32768
08-08 00:04:34.405  9922 10420 D CCodecConfig:   c2::u32 input.delay.value = 0
08-08 00:04:34.405  9922 10420 D CCodecConfig:   string input.media-type.value = "audio/vorbis"
08-08 00:04:34.405  9922 10420 D CCodecConfig:   c2::u32 output.large-frame.max-size = 0
08-08 00:04:34.405  9922 10420 D CCodecConfig:   c2::u32 output.large-frame.threshold-size = 0
08-08 00:04:34.405  9922 10420 D CCodecConfig:   string output.media-type.value = "audio/raw"
08-08 00:04:34.405  9922 10420 D CCodecConfig:   c2::u32 raw.channel-count.value = 1
08-08 00:04:34.405  9922 10420 D CCodecConfig:   c2::u32 raw.sample-rate.value = 48000
08-08 00:04:34.405  9922 10420 D CCodecConfig: }
08-08 00:04:34.407  9922 10419 I CCodecConfig: query failed after returning 8 values (BAD_INDEX)
08-08 00:04:34.409  9922 10419 D CCodecConfig: c2 config diff is Dict {
08-08 00:04:34.409  9922 10419 D CCodecConfig:   c2::u32 coded.bitrate.value = 64000
08-08 00:04:34.409  9922 10419 D CCodecConfig:   c2::u32 input.buffers.max-size.value = 32768
08-08 00:04:34.409  9922 10419 D CCodecConfig:   c2::u32 input.delay.value = 0
08-08 00:04:34.409  9922 10419 D CCodecConfig:   string input.media-type.value = "audio/vorbis"
08-08 00:04:34.409  9922 10419 D CCodecConfig:   c2::u32 output.large-frame.max-size = 0
08-08 00:04:34.409  9922 10419 D CCodecConfig:   c2::u32 output.large-frame.threshold-size = 0
08-08 00:04:34.409  9922 10419 D CCodecConfig:   string output.media-type.value = "audio/raw"
08-08 00:04:34.409  9922 10419 D CCodecConfig:   c2::u32 raw.channel-count.value = 1
08-08 00:04:34.409  9922 10419 D CCodecConfig:   c2::u32 raw.sample-rate.value = 48000
08-08 00:04:34.409  9922 10419 D CCodecConfig: }
08-08 00:04:34.429  9922 10356 E MediaCodec: Media Quality Service not found.
08-08 00:04:34.435  9922 10419 D CCodec  : [c2.android.vorbis.decoder] buffers are bound to CCodec for this session
08-08 00:04:34.436  9922 10419 D CCodecConfig: no c2 equivalents for durationUs
08-08 00:04:34.436  9922 10419 D CCodecConfig: no c2 equivalents for track-id
08-08 00:04:34.436  9922 10419 D CCodecConfig: no c2 equivalents for csd-1
08-08 00:04:34.436  9922 10419 D CCodecConfig: no c2 equivalents for flags
08-08 00:04:34.436  9922 10419 D CCodecConfig: c2 config diff is   c2::u32 coded.bitrate.value = 140000
08-08 00:04:34.436  9922 10419 W Codec2Client: query -- param skipped: index = 1107298332.
08-08 00:04:34.436  9922 10419 D CCodec  : encoding statistics level = 0
08-08 00:04:34.436  9922 10419 D CCodec  : setup formats input: AMessage(what = 0x00000000) = {
08-08 00:04:34.436  9922 10419 D CCodec  :   int32_t bitrate = 140000
08-08 00:04:34.436  9922 10419 D CCodec  :   int32_t channel-count = 1
08-08 00:04:34.436  9922 10419 D CCodec  :   int32_t max-input-size = 32768
08-08 00:04:34.436  9922 10419 D CCodec  :   string mime = "audio/vorbis"
08-08 00:04:34.436  9922 10419 D CCodec  :   int32_t sample-rate = 48000
08-08 00:04:34.436  9922 10419 D CCodec  : }
08-08 00:04:34.436  9922 10419 D CCodec  : setup formats output: AMessage(what = 0x00000000) = {
08-08 00:04:34.436  9922 10419 D CCodec  :   int32_t buffer-batch-max-output-size = 0
08-08 00:04:34.436  9922 10419 D CCodec  :   int32_t buffer-batch-threshold-output-size = 0
08-08 00:04:34.436  9922 10419 D CCodec  :   int32_t channel-count = 1
08-08 00:04:34.436  9922 10419 D CCodec  :   string mime = "audio/raw"
08-08 00:04:34.436  9922 10419 D CCodec  :   int32_t sample-rate = 48000
08-08 00:04:34.436  9922 10419 D CCodec  :   int32_t channel-mask = 1
08-08 00:04:34.436  9922 10419 D CCodec  :   int32_t android._config-pcm-encoding = 2
08-08 00:04:34.436  9922 10419 D CCodec  : }
08-08 00:04:34.436  9922 10419 I CCodecConfig: query failed after returning 8 values (BAD_INDEX)
08-08 00:04:34.436  9922 10419 E system_server: Failed to query component interface for required system resources: 6
08-08 00:04:34.437  9922 10355 E MediaCodec: Media Quality Service not found.
08-08 00:04:34.437  9922 10420 D CCodec  : [c2.android.vorbis.decoder] buffers are bound to CCodec for this session
08-08 00:04:34.437  9922 10420 D CCodecConfig: no c2 equivalents for durationUs
08-08 00:04:34.437  9922 10420 D CCodecConfig: no c2 equivalents for track-id
08-08 00:04:34.437  9922 10420 D CCodecConfig: no c2 equivalents for csd-1
08-08 00:04:34.437  9922 10420 D CCodecConfig: no c2 equivalents for flags
08-08 00:04:34.437  9922 10420 D CCodecConfig: c2 config diff is   c2::u32 coded.bitrate.value = 140000
08-08 00:04:34.437  9922 10420 W Codec2Client: query -- param skipped: index = 1107298332.
08-08 00:04:34.437  9922 10420 D CCodec  : encoding statistics level = 0
08-08 00:04:34.437  9922 10420 D CCodec  : setup formats input: AMessage(what = 0x00000000) = {
08-08 00:04:34.437  9922 10420 D CCodec  :   int32_t bitrate = 140000
08-08 00:04:34.437  9922 10420 D CCodec  :   int32_t channel-count = 1
08-08 00:04:34.437  9922 10420 D CCodec  :   int32_t max-input-size = 32768
08-08 00:04:34.437  9922 10420 D CCodec  :   string mime = "audio/vorbis"
08-08 00:04:34.437  9922 10420 D CCodec  :   int32_t sample-rate = 48000
08-08 00:04:34.437  9922 10420 D CCodec  : }
08-08 00:04:34.437  9922 10420 D CCodec  : setup formats output: AMessage(what = 0x00000000) = {
08-08 00:04:34.437  9922 10420 D CCodec  :   int32_t buffer-batch-max-output-size = 0
08-08 00:04:34.437  9922 10420 D CCodec  :   int32_t buffer-batch-threshold-output-size = 0
08-08 00:04:34.437  9922 10420 D CCodec  :   int32_t channel-count = 1
08-08 00:04:34.437  9922 10420 D CCodec  :   string mime = "audio/raw"
08-08 00:04:34.437  9922 10420 D CCodec  :   int32_t sample-rate = 48000
08-08 00:04:34.437  9922 10420 D CCodec  :   int32_t channel-mask = 1
08-08 00:04:34.437  9922 10420 D CCodec  :   int32_t android._config-pcm-encoding = 2
08-08 00:04:34.437  9922 10420 D CCodec  : }
08-08 00:04:34.437  9922 10420 I CCodecConfig: query failed after returning 8 values (BAD_INDEX)
08-08 00:04:34.437  9922 10420 E system_server: Failed to query component interface for required system resources: 6
08-08 00:04:34.444  9922 10420 W Codec2Client: query -- param skipped: index = 1342179345.
08-08 00:04:34.444  9922 10420 W Codec2Client: query -- param skipped: index = 2415921170.
08-08 00:04:34.449  9922 10420 D CCodecBufferChannel: [c2.android.vorbis.decoder#100] Created input block pool with allocatorID 16 => poolID 19 - OK (0)
08-08 00:04:34.453  9922 10420 I CCodecBufferChannel: [c2.android.vorbis.decoder#100] Created output block pool with allocatorID 16 => poolID 41 - OK
08-08 00:04:34.467  9922 10420 D CCodecBufferChannel: [c2.android.vorbis.decoder#100] Configured output block pool ids 41 => OK
08-08 00:04:34.468   595   660 E Codec2-ComponentInterface: We have a failed config
08-08 00:04:34.481  9922 10419 W Codec2Client: query -- param skipped: index = 1342179345.
08-08 00:04:34.481  9922 10419 W Codec2Client: query -- param skipped: index = 2415921170.
08-08 00:04:34.485  9922 10419 D CCodecBufferChannel: [c2.android.vorbis.decoder#469] Created input block pool with allocatorID 16 => poolID 20 - OK (0)
08-08 00:04:34.495   595 10421 D SimpleC2Component: Using output block pool with poolID 41 => got 41 - 0
08-08 00:04:34.533  9922 10419 I CCodecBufferChannel: [c2.android.vorbis.decoder#469] Created output block pool with allocatorID 16 => poolID 42 - OK
08-08 00:04:34.533  9922 10419 D CCodecBufferChannel: [c2.android.vorbis.decoder#469] Configured output block pool ids 42 => OK
08-08 00:04:34.533   595   660 E Codec2-ComponentInterface: We have a failed config
08-08 00:04:34.571   595 10422 D SimpleC2Component: Using output block pool with poolID 42 => got 42 - 0
08-08 00:04:34.633  9922  9945 W ActivityManager: Slow operation: 3746ms so far, now at attachApplicationLocked: immediately after bindApplication
08-08 00:04:34.648  9922  9945 W ActivityManager: Slow operation: 3761ms so far, now at attachApplicationLocked: after updateLruProcessLocked
08-08 00:04:34.655  9922 10099 W BestClock: java.time.DateTimeException: No network time available
08-08 00:04:34.664  9922  9945 D OomAdjuster: Not killing cached processes
08-08 00:04:34.760  9922 10419 D CCodecBufferChannel: [c2.android.vorbis.decoder#469] MediaCodec discarded an unknown buffer
08-08 00:04:34.761  9922 10419 D CCodecBufferChannel: [c2.android.vorbis.decoder#469] MediaCodec discarded an unknown buffer
08-08 00:04:34.788  9922  9945 W ActivityManager: Slow operation: 3901ms so far, now at attachApplicationLocked: after updateOomAdjLocked
08-08 00:04:34.790  9922 10419 I hw-BpHwBinder: onLastStrongRef automatically unlinking death recipients
08-08 00:04:34.790   595   660 I hw-BpHwBinder: onLastStrongRef automatically unlinking death recipients
08-08 00:04:34.806  9922 10420 D CCodecBufferChannel: [c2.android.vorbis.decoder#100] MediaCodec discarded an unknown buffer
08-08 00:04:34.815   595   660 D BufferPoolAccessor2.0: Destruction - bufferpool2 0xb400007254bf64d8 cached: 0/0M, 0/0% in use; allocs: 0, 0% recycled; transfers: 0, 0% unfetched
08-08 00:04:34.837   595   642 I hw-BpHwBinder: onLastStrongRef automatically unlinking death recipients
08-08 00:04:34.837   595   642 I hw-BpHwBinder: onLastStrongRef automatically unlinking death recipients
08-08 00:04:34.839  9922  9951 W Looper  : Slow dispatch took 150ms android.ui app=system_server main=false group=TOP_APP h=com.android.server.am.ActivityManagerService$UiHandler c=com.android.server.am.UidObserverController$$ExternalSyntheticLambda0@5336929 m=0
08-08 00:04:34.840   595   642 D BufferPoolAccessor2.0: Destruction - bufferpool2 0xb400007254bf7068 cached: 0/0M, 0/0% in use; allocs: 0, 0% recycled; transfers: 0, 0% unfetched
08-08 00:04:34.840  9922 10420 I hw-BpHwBinder: onLastStrongRef automatically unlinking death recipients
08-08 00:04:34.984  9922 10355 D MediaCodecList: codecHandlesFormat: no format, so no extra checks
08-08 00:04:34.992  9922 10427 D CCodec  : allocate(c2.android.vorbis.decoder)
08-08 00:04:35.003  9922 10356 D MediaCodecList: codecHandlesFormat: no format, so no extra checks
08-08 00:04:35.004  9922 10428 D CCodec  : allocate(c2.android.vorbis.decoder)
08-08 00:04:35.010  9922 10427 I CCodec  : setting up 'default' as default (vendor) store
08-08 00:04:35.012  9922 10428 I CCodec  : setting up 'default' as default (vendor) store
08-08 00:04:35.002 10394 10394 I WebViewZygoteInit: Beginning application preload for com.google.android.webview
08-08 00:04:35.067  9922 10428 I CCodec  : Created component [c2.android.vorbis.decoder] for [c2.android.vorbis.decoder]
08-08 00:04:35.067  9922 10428 D CCodecConfig: read media type: audio/vorbis
08-08 00:04:35.068  9922 10428 D ReflectedParamUpdater: extent() != 1 for single value type: algo.buffers.max-count.values
08-08 00:04:35.068  9922 10428 D ReflectedParamUpdater: extent() != 1 for single value type: output.subscribed-indices.values
08-08 00:04:35.068  9922 10428 D ReflectedParamUpdater: extent() != 1 for single value type: input.buffers.allocator-ids.values
08-08 00:04:35.068  9922 10428 D ReflectedParamUpdater: extent() != 1 for single value type: output.buffers.allocator-ids.values
08-08 00:04:35.068  9922 10428 D ReflectedParamUpdater: extent() != 1 for single value type: algo.buffers.allocator-ids.values
08-08 00:04:35.068  9922 10428 D ReflectedParamUpdater: extent() != 1 for single value type: output.buffers.pool-ids.values
08-08 00:04:35.068  9922 10428 D ReflectedParamUpdater: extent() != 1 for single value type: algo.buffers.pool-ids.values
08-08 00:04:35.072  9922 10427 I CCodec  : Created component [c2.android.vorbis.decoder] for [c2.android.vorbis.decoder]
08-08 00:04:35.072  9922 10427 D CCodecConfig: read media type: audio/vorbis
08-08 00:04:35.075  9922 10427 D ReflectedParamUpdater: extent() != 1 for single value type: algo.buffers.max-count.values
08-08 00:04:35.075  9922 10427 D ReflectedParamUpdater: extent() != 1 for single value type: output.subscribed-indices.values
08-08 00:04:35.076  9922 10427 D ReflectedParamUpdater: extent() != 1 for single value type: input.buffers.allocator-ids.values
08-08 00:04:35.076  9922 10427 D ReflectedParamUpdater: extent() != 1 for single value type: output.buffers.allocator-ids.values
08-08 00:04:35.076  9922 10427 D ReflectedParamUpdater: extent() != 1 for single value type: algo.buffers.allocator-ids.values
08-08 00:04:35.076  9922 10427 D ReflectedParamUpdater: extent() != 1 for single value type: output.buffers.pool-ids.values
08-08 00:04:35.076  9922 10427 D ReflectedParamUpdater: extent() != 1 for single value type: algo.buffers.pool-ids.values
08-08 00:04:35.078  9922 10427 I CCodecConfig: query failed after returning 8 values (BAD_INDEX)
08-08 00:04:35.079  9922 10427 D CCodecConfig: c2 config diff is Dict {
08-08 00:04:35.079  9922 10427 D CCodecConfig:   c2::u32 coded.bitrate.value = 64000
08-08 00:04:35.079  9922 10427 D CCodecConfig:   c2::u32 input.buffers.max-size.value = 32768
08-08 00:04:35.079  9922 10427 D CCodecConfig:   c2::u32 input.delay.value = 0
08-08 00:04:35.079  9922 10427 D CCodecConfig:   string input.media-type.value = "audio/vorbis"
08-08 00:04:35.079  9922 10427 D CCodecConfig:   c2::u32 output.large-frame.max-size = 0
08-08 00:04:35.079  9922 10427 D CCodecConfig:   c2::u32 output.large-frame.threshold-size = 0
08-08 00:04:35.079  9922 10427 D CCodecConfig:   string output.media-type.value = "audio/raw"
08-08 00:04:35.079  9922 10427 D CCodecConfig:   c2::u32 raw.channel-count.value = 1
08-08 00:04:35.079  9922 10427 D CCodecConfig:   c2::u32 raw.sample-rate.value = 48000
08-08 00:04:35.079  9922 10427 D CCodecConfig: }
08-08 00:04:35.102  9922 10428 I CCodecConfig: query failed after returning 8 values (BAD_INDEX)
08-08 00:04:35.104  9922 10428 D CCodecConfig: c2 config diff is Dict {
08-08 00:04:35.104  9922 10428 D CCodecConfig:   c2::u32 coded.bitrate.value = 64000
08-08 00:04:35.104  9922 10428 D CCodecConfig:   c2::u32 input.buffers.max-size.value = 32768
08-08 00:04:35.104  9922 10428 D CCodecConfig:   c2::u32 input.delay.value = 0
08-08 00:04:35.104  9922 10428 D CCodecConfig:   string input.media-type.value = "audio/vorbis"
08-08 00:04:35.104  9922 10428 D CCodecConfig:   c2::u32 output.large-frame.max-size = 0
08-08 00:04:35.104  9922 10428 D CCodecConfig:   c2::u32 output.large-frame.threshold-size = 0
08-08 00:04:35.104  9922 10428 D CCodecConfig:   string output.media-type.value = "audio/raw"
08-08 00:04:35.104  9922 10428 D CCodecConfig:   c2::u32 raw.channel-count.value = 1
08-08 00:04:35.104  9922 10428 D CCodecConfig:   c2::u32 raw.sample-rate.value = 48000
08-08 00:04:35.104  9922 10428 D CCodecConfig: }
08-08 00:04:35.106  9922  9965 W ActivityManager: Process ProcessRecord{321b4a4 10350:com.android.systemui/u0a185} failed to attach
08-08 00:04:35.108  9922 10355 E MediaCodec: Media Quality Service not found.
08-08 00:04:35.109  9922 10427 D CCodec  : [c2.android.vorbis.decoder] buffers are bound to CCodec for this session
08-08 00:04:35.109  9922 10427 D CCodecConfig: no c2 equivalents for durationUs
08-08 00:04:35.109  9922 10427 D CCodecConfig: no c2 equivalents for track-id
08-08 00:04:35.109  9922 10427 D CCodecConfig: no c2 equivalents for csd-1
08-08 00:04:35.109  9922 10427 D CCodecConfig: no c2 equivalents for flags
08-08 00:04:35.112  9922 10356 E MediaCodec: Media Quality Service not found.
08-08 00:04:35.112  9922 10428 D CCodec  : [c2.android.vorbis.decoder] buffers are bound to CCodec for this session
08-08 00:04:35.112  9922 10428 D CCodecConfig: no c2 equivalents for durationUs
08-08 00:04:35.112  9922 10428 D CCodecConfig: no c2 equivalents for track-id
08-08 00:04:35.112  9922 10428 D CCodecConfig: no c2 equivalents for csd-1
08-08 00:04:35.112  9922 10428 D CCodecConfig: no c2 equivalents for flags
08-08 00:04:35.113  9922 10427 D CCodecConfig: c2 config diff is   c2::u32 coded.bitrate.value = 140000
08-08 00:04:35.120  9922 10427 W Codec2Client: query -- param skipped: index = 1107298332.
08-08 00:04:35.120  9922 10427 D CCodec  : encoding statistics level = 0
08-08 00:04:35.120  9922 10427 D CCodec  : setup formats input: AMessage(what = 0x00000000) = {
08-08 00:04:35.120  9922 10427 D CCodec  :   int32_t bitrate = 140000
08-08 00:04:35.120  9922 10427 D CCodec  :   int32_t channel-count = 1
08-08 00:04:35.120  9922 10427 D CCodec  :   int32_t max-input-size = 32768
08-08 00:04:35.120  9922 10427 D CCodec  :   string mime = "audio/vorbis"
08-08 00:04:35.120  9922 10427 D CCodec  :   int32_t sample-rate = 48000
08-08 00:04:35.120  9922 10427 D CCodec  : }
08-08 00:04:35.120  9922 10427 D CCodec  : setup formats output: AMessage(what = 0x00000000) = {
08-08 00:04:35.120  9922 10427 D CCodec  :   int32_t buffer-batch-max-output-size = 0
08-08 00:04:35.120  9922 10427 D CCodec  :   int32_t buffer-batch-threshold-output-size = 0
08-08 00:04:35.120  9922 10427 D CCodec  :   int32_t channel-count = 1
08-08 00:04:35.120  9922 10427 D CCodec  :   string mime = "audio/raw"
08-08 00:04:35.120  9922 10427 D CCodec  :   int32_t sample-rate = 48000
08-08 00:04:35.120  9922 10427 D CCodec  :   int32_t channel-mask = 1
08-08 00:04:35.120  9922 10427 D CCodec  :   int32_t android._config-pcm-encoding = 2
08-08 00:04:35.120  9922 10427 D CCodec  : }
08-08 00:04:35.120  9922 10427 I CCodecConfig: query failed after returning 8 values (BAD_INDEX)
08-08 00:04:35.120  9922 10427 E system_server: Failed to query component interface for required system resources: 6
08-08 00:04:35.121  9922 10428 D CCodecConfig: c2 config diff is   c2::u32 coded.bitrate.value = 239920
08-08 00:04:35.121  9922 10428 D CCodecConfig:   c2::u32 raw.sample-rate.value = 44100
08-08 00:04:35.122  9922 10427 W Codec2Client: query -- param skipped: index = 1342179345.
08-08 00:04:35.122  9922 10427 W Codec2Client: query -- param skipped: index = 2415921170.
08-08 00:04:35.122  9922 10428 W Codec2Client: query -- param skipped: index = 1107298332.
08-08 00:04:35.122  9922 10428 D CCodec  : encoding statistics level = 0
08-08 00:04:35.122  9922 10428 D CCodec  : setup formats input: AMessage(what = 0x00000000) = {
08-08 00:04:35.122  9922 10428 D CCodec  :   int32_t bitrate = 239920
08-08 00:04:35.122  9922 10428 D CCodec  :   int32_t channel-count = 1
08-08 00:04:35.122  9922 10428 D CCodec  :   int32_t max-input-size = 32768
08-08 00:04:35.122  9922 10428 D CCodec  :   string mime = "audio/vorbis"
08-08 00:04:35.122  9922 10428 D CCodec  :   int32_t sample-rate = 44100
08-08 00:04:35.122  9922 10428 D CCodec  : }
08-08 00:04:35.122  9922 10428 D CCodec  : setup formats output: AMessage(what = 0x00000000) = {
08-08 00:04:35.122  9922 10428 D CCodec  :   int32_t buffer-batch-max-output-size = 0
08-08 00:04:35.122  9922 10428 D CCodec  :   int32_t buffer-batch-threshold-output-size = 0
08-08 00:04:35.122  9922 10428 D CCodec  :   int32_t channel-count = 1
08-08 00:04:35.122  9922 10428 D CCodec  :   string mime = "audio/raw"
08-08 00:04:35.122  9922 10428 D CCodec  :   int32_t sample-rate = 44100
08-08 00:04:35.122  9922 10428 D CCodec  :   int32_t channel-mask = 1
08-08 00:04:35.122  9922 10428 D CCodec  :   int32_t android._config-pcm-encoding = 2
08-08 00:04:35.122  9922 10428 D CCodec  : }
08-08 00:04:35.138  9922 10427 D CCodecBufferChannel: [c2.android.vorbis.decoder#692] Created input block pool with allocatorID 16 => poolID 21 - OK (0)
08-08 00:04:35.139  9922 10428 I CCodecConfig: query failed after returning 8 values (BAD_INDEX)
08-08 00:04:35.139  9922 10428 E system_server: Failed to query component interface for required system resources: 6
08-08 00:04:35.139  9922 10428 W Codec2Client: query -- param skipped: index = 1342179345.
08-08 00:04:35.139  9922 10428 W Codec2Client: query -- param skipped: index = 2415921170.
08-08 00:04:35.180  9922 10428 D CCodecBufferChannel: [c2.android.vorbis.decoder#258] Created input block pool with allocatorID 16 => poolID 22 - OK (0)
08-08 00:04:35.201  9922 10427 I CCodecBufferChannel: [c2.android.vorbis.decoder#692] Created output block pool with allocatorID 16 => poolID 45 - OK
08-08 00:04:35.203  9922 10427 D CCodecBufferChannel: [c2.android.vorbis.decoder#692] Configured output block pool ids 45 => OK
08-08 00:04:35.205   595   660 E Codec2-ComponentInterface: We have a failed config
08-08 00:04:35.206  9922  9965 W ActivityManager: Forcing bringing down service: ServiceRecord{7172c36 u0 com.android.systemui/.wallpapers.ImageWallpaper c:android}
08-08 00:04:35.210  9922 10428 I CCodecBufferChannel: [c2.android.vorbis.decoder#258] Created output block pool with allocatorID 16 => poolID 46 - OK
08-08 00:04:35.210  9922 10428 D CCodecBufferChannel: [c2.android.vorbis.decoder#258] Configured output block pool ids 46 => OK
08-08 00:04:35.210   595   662 E Codec2-ComponentInterface: We have a failed config
08-08 00:04:35.257   595 10430 D SimpleC2Component: Using output block pool with poolID 45 => got 45 - 0
08-08 00:04:35.283   595 10429 D SimpleC2Component: Using output block pool with poolID 46 => got 46 - 0
08-08 00:04:35.313 10394 10394 W webview_zygote: Failed to find entry 'classes.dex': Entry not found
08-08 00:04:35.426  9922 10099 W BestClock: java.time.DateTimeException: No network time available
08-08 00:04:35.561  9922 10123 D ConnectivityService: Switching to new default network for: uid/pid:1000/9922 activeRequest: null callbackRequest: 12 [NetworkRequest [ TRACK_DEFAULT id=12, [ Capabilities: INTERNET&NOT_RESTRICTED&TRUSTED&NOT_VPN&NOT_VCN_MANAGED&NOT_BANDWIDTH_CONSTRAINED Uid: 10143 RequestorUid: 1000 RequestorPkg: android UnderlyingNetworks: Null] ], NetworkRequest [ REQUEST id=13, [ Transports: SATELLITE Capabilities: INTERNET&TRUSTED&NOT_VPN&NOT_VCN_MANAGED Uid: 10143 UnderlyingNetworks: Null] ]] callback flags: 0 order: 40 isUidTracked: false declaredMethods: NONE using NetworkAgentInfo{network{52}  handle{226743996429}  ni{ IDLE} created=2025-08-07T22:03:15.333Z Score(Policies :  ; KeepConnected : 0)   lp{{LinkAddresses: [ ] DnsAddresses: [ ] Domains: null MTU: 0 Routes: [ ]}}  nc{[ Capabilities: NOT_RESTRICTED&TRUSTED&NOT_VPN&NOT_BANDWIDTH_CONSTRAINED UnderlyingNetworks: Null]}  factorySerialNumber=0}
08-08 00:04:35.612  9922  9965 I ActivityManager: Killing 10350:com.android.systemui/u0a185 (adj -800): start timeout
08-08 00:04:35.629  9922 10427 D CCodecBufferChannel: [c2.android.vorbis.decoder#692] MediaCodec discarded an unknown buffer
08-08 00:04:35.630  9922 10427 D CCodecBufferChannel: [c2.android.vorbis.decoder#692] MediaCodec discarded an unknown buffer
08-08 00:04:35.630  9922 10427 D CCodecBufferChannel: [c2.android.vorbis.decoder#692] MediaCodec discarded an unknown buffer
08-08 00:04:35.700  9922 10427 I hw-BpHwBinder: onLastStrongRef automatically unlinking death recipients
08-08 00:04:35.701   595  9809 I hw-BpHwBinder: onLastStrongRef automatically unlinking death recipients
08-08 00:04:35.727  9922  9965 W ActivityManager: Removing persistent process that hasn't been killed: ProcessRecord{321b4a4 10350:com.android.systemui/u0a185}
08-08 00:04:35.735   595  9809 D BufferPoolAccessor2.0: Destruction - bufferpool2 0xb400007254bf64d8 cached: 0/0M, 0/0% in use; allocs: 0, 0% recycled; transfers: 0, 0% unfetched
08-08 00:04:35.758 10417 10417 W screencap: Thread Pool max thread count is 0. Cannot cache binder as linkToDeath cannot be implemented. serviceName: SurfaceFlingerAIDL
08-08 00:04:35.764 10417 10417 W BpBinder: Linking to death on android.gui.ISurfaceComposer but there are no threads (yet?) listening to incoming transactions. See ProcessState::startThreadPool and ProcessState::setThreadPoolMaxThreadCount. Generally you should setup the binder threadpool before other initialization steps.
08-08 00:04:35.764 10417 10417 W ProcessState: Extra binder thread started, but 0 threads requested. Do not use *startThreadPool when zero threads are requested.
08-08 00:04:35.800   504   621 E HwcComposer: getLuts failed Status(-8, EX_SERVICE_SPECIFIC): '8: '
08-08 00:04:35.800   504   621 E HWComposer: getLuts: getLuts failed for display 4619827259835644672: UNSUPPORTED (8)
08-08 00:04:35.849  9922  9960 W ActivityManager: Slow operation: 88ms so far, now at attachApplicationLocked: before bindApplication
08-08 00:04:35.850  9922 10123 D ConnectivityService: NetReassign [12 : null → 52] [c 24] [a 1167] [i 8]
08-08 00:04:35.850  9922 10123 D ConnectivityService: NetReassign [no changes] [c 0] [a 0] [i 0]
08-08 00:04:35.853  9922 10123 D ConnectivityService: Got NetworkProvider Messenger for L2capNetworkProvider
08-08 00:04:35.864  9922 10123 D ConnectivityService: register offer from providerId 3 : NetworkOffer [ Provider Id (3) Score(Policies : EVER_EVALUATED&IS_UNMETERED ; KeepConnected : 0) Caps [ Transports: BLUETOOTH Capabilities: NOT_METERED&NOT_VPN&NOT_ROAMING&NOT_CONGESTED&NOT_SUSPENDED&NOT_VCN_MANAGED&NOT_BANDWIDTH_CONSTRAINED Specifier: <L2capNetworkSpecifier(ROLE_SERVER, HEADER_COMPRESSION_ANY, RemoteAddress=null, PSM=PSM_ANY)> ReservationId: * UnderlyingNetworks: Null] Needed by []]
08-08 00:04:35.864  9922 10123 D ConnectivityService: register offer from providerId 3 : NetworkOffer [ Provider Id (3) Score(Policies : EVER_EVALUATED&IS_UNMETERED ; KeepConnected : 0) Caps [ Transports: BLUETOOTH Capabilities: NOT_METERED&NOT_VPN&NOT_ROAMING&NOT_CONGESTED&NOT_SUSPENDED&NOT_VCN_MANAGED&NOT_BANDWIDTH_CONSTRAINED Specifier: <L2capNetworkSpecifier(ROLE_CLIENT, HEADER_COMPRESSION_ANY, RemoteAddress=null, PSM=PSM_ANY)> UnderlyingNetworks: Null] Needed by []]
08-08 00:04:35.879  9922 10123 D ConnectivityService: NetReassign [no changes] [c 0] [a 0] [i 0]
08-08 00:04:35.880  9922 10123 D ConnectivityService: NetReassign [no changes] [c 0] [a 0] [i 0]
08-08 00:04:35.899  9922  9960 W ActivityManager: Slow operation: 137ms so far, now at attachApplicationLocked: immediately before bindApplication
08-08 00:04:35.909  9922 10123 D InetDiagMessage: Destroyed 0 sockets, proto=IPPROTO_TCP, family=AF_INET, states=14
08-08 00:04:35.913  9922 10123 D InetDiagMessage: Destroyed 0 sockets, proto=IPPROTO_TCP, family=AF_INET6, states=14
08-08 00:04:35.913  9922 10123 D InetDiagMessage: Destroyed live tcp sockets for uids={10185} in 32ms
08-08 00:04:35.913  9922 10123 D InetDiagMessage: Destroyed 0 sockets, proto=IPPROTO_TCP, family=AF_INET, states=14
08-08 00:04:35.914  9922 10123 D InetDiagMessage: Destroyed 0 sockets, proto=IPPROTO_TCP, family=AF_INET6, states=14
08-08 00:04:35.914  9922 10123 D InetDiagMessage: Destroyed live tcp sockets for uids={20185} in 1ms
08-08 00:04:35.917  9922  9960 D GameManagerService: User ID '0' does not have a Game Mode selected for package: 'android'
08-08 00:04:35.919  9922 10099 W BestClock: java.time.DateTimeException: No network time available
08-08 00:04:35.937  9922 10428 D CCodecBufferChannel: [c2.android.vorbis.decoder#258] MediaCodec discarded an unknown buffer
08-08 00:04:35.965   595  9809 I hw-BpHwBinder: onLastStrongRef automatically unlinking death recipients
08-08 00:04:35.965   595  9809 I hw-BpHwBinder: onLastStrongRef automatically unlinking death recipients
08-08 00:04:35.966   595  9809 D BufferPoolAccessor2.0: Destruction - bufferpool2 0xb400007254bf7068 cached: 0/0M, 0/0% in use; allocs: 0, 0% recycled; transfers: 0, 0% unfetched
08-08 00:04:35.967  9922  9960 W ActivityManager: Slow operation: 206ms so far, now at attachApplicationLocked: immediately after bindApplication
08-08 00:04:35.968  9922 10428 I hw-BpHwBinder: onLastStrongRef automatically unlinking death recipients
08-08 00:04:35.968  9922  9960 W ActivityManager: Slow operation: 207ms so far, now at attachApplicationLocked: after updateLruProcessLocked
08-08 00:04:36.036 10394 10394 D nativeloader: Configuring clns-9 for other apk /data/app/~~Rr7O83K_eX_VDd5wqxETTg==/com.google.android.trichromelibrary_694313732-k2CES0mRDBZTzKt_2S9uBA==/TrichromeLibrary.apk. target_sdk_version=34, uses_libraries=ALL, library_path=/data/app/~~WRfPI3OSh8fzO3h223O21w==/com.google.android.webview-7Z0UIUZ-fnv9XxskuZSAEA==/lib/arm64:/data/app/~~WRfPI3OSh8fzO3h223O21w==/com.google.android.webview-7Z0UIUZ-fnv9XxskuZSAEA==/WebViewGoogle.apk!/lib/arm64-v8a:/data/app/~~Rr7O83K_eX_VDd5wqxETTg==/com.google.android.trichromelibrary_694313732-k2CES0mRDBZTzKt_2S9uBA==/TrichromeLibrary.apk!/lib/arm64-v8a, permitted_path=/data:/mnt/expand
08-08 00:04:36.134  9751  9756 D BootAnimation: Playing files = /product/media/bootanimation.zip/part3, Requested repeat = 0, playUntilComplete = false
08-08 00:04:36.168  9922  9960 W ActivityManager: Slow operation: 407ms so far, now at attachApplicationLocked: after updateOomAdjLocked
08-08 00:04:36.234  9922  9951 W Looper  : Slow dispatch took 102ms android.ui app=system_server main=false group=TOP_APP h=com.android.server.am.ActivityManagerService$UiHandler c=com.android.server.am.UidObserverController$$ExternalSyntheticLambda0@5336929 m=0
08-08 00:04:36.325 10394 10394 D ApplicationLoaders: Returning zygote-cached class loader: /system_ext/framework/androidx.window.extensions.jar
08-08 00:04:36.343  9922 10099 W BroadcastLoopers: Found previously unknown looper Thread[NetworkStats,5,main]
08-08 00:04:36.372  9922  9922 D SystemServerTiming: PhaseThirdPartyAppsCanStart
08-08 00:04:36.399  9922  9922 I SystemServiceManager: Starting phase 600
08-08 00:04:36.399  9922  9922 D SystemServerTiming: OnBootPhase_600
08-08 00:04:36.399  9922  9922 D SystemServerTiming: OnBootPhase_600_com.android.server.security.FileIntegrityService
08-08 00:04:36.399  9922  9922 D SystemServerTiming: OnBootPhase_600_com.android.server.pm.Installer
08-08 00:04:36.399  9922  9922 D SystemServerTiming: OnBootPhase_600_com.android.server.os.DeviceIdentifiersPolicyService
08-08 00:04:36.399  9922  9922 D SystemServerTiming: OnBootPhase_600_com.android.server.flags.FeatureFlagsService
08-08 00:04:36.399  9922  9922 D SystemServerTiming: OnBootPhase_600_com.android.server.uri.UriGrantsManagerService$Lifecycle
08-08 00:04:36.399  9922  9922 D SystemServerTiming: OnBootPhase_600_com.android.server.powerstats.PowerStatsService
08-08 00:04:36.399  9922  9922 D SystemServerTiming: OnBootPhase_600_com.android.server.permission.access.AccessCheckingService
08-08 00:04:36.399  9922  9922 D SystemServerTiming: OnBootPhase_600_com.android.server.wm.ActivityTaskManagerService$Lifecycle
08-08 00:04:36.399  9922  9922 D SystemServerTiming: OnBootPhase_600_com.android.server.am.ActivityManagerService$Lifecycle
08-08 00:04:36.432  9922  9922 D ActivityManager: ThemeHomeDelay: Home launch is not delayable, skipping timeout creation
08-08 00:04:36.432  9922  9922 D SystemServerTiming: OnBootPhase_600_com.android.server.pm.DataLoaderManagerService
08-08 00:04:36.432  9922  9922 D SystemServerTiming: OnBootPhase_600_com.android.server.power.PowerManagerService
08-08 00:04:36.573  9922  9922 W SystemServiceManager: Service com.android.server.power.PowerManagerService took 141 ms in onBootPhase
08-08 00:04:36.581  9922  9922 D SystemServerTiming: OnBootPhase_600_com.android.server.power.ThermalManagerService
08-08 00:04:36.582  9922  9922 D SystemServerTiming: OnBootPhase_600_com.android.server.recoverysystem.RecoverySystemService$Lifecycle
08-08 00:04:36.619  9922  9922 D SystemServerTiming: OnBootPhase_600_com.android.server.lights.LightsService
08-08 00:04:36.619  9922  9922 D SystemServerTiming: OnBootPhase_600_com.android.server.display.DisplayManagerService
08-08 00:04:36.619  9922  9922 D SystemServerTiming: OnBootPhase_600_com.android.server.pm.verify.domain.DomainVerificationService
08-08 00:04:36.620  9922  9922 D SystemServerTiming: OnBootPhase_600_com.android.server.pm.PackageInstallerService$Lifecycle
08-08 00:04:36.620  9922  9922 D SystemServerTiming: OnBootPhase_600_com.android.server.pm.UserManagerService$LifeCycle
08-08 00:04:36.622  9922  9922 D SystemServerTiming: OnBootPhase_600_com.android.server.om.OverlayManagerService
08-08 00:04:36.633  9922  9922 D SystemServerTiming: OnBootPhase_600_com.android.server.resources.ResourcesManagerService
08-08 00:04:36.633  9922  9922 D SystemServerTiming: OnBootPhase_600_com.android.server.sensorprivacy.SensorPrivacyService
08-08 00:04:36.633  9922  9922 D SystemServerTiming: OnBootPhase_600_com.android.server.sensors.SensorService
08-08 00:04:36.633  9922  9922 D SystemServerTiming: OnBootPhase_600_com.android.server.SystemConfigService
08-08 00:04:36.633  9922  9922 D SystemServerTiming: OnBootPhase_600_com.android.server.BatteryService
08-08 00:04:36.633  9922  9922 D SystemServerTiming: OnBootPhase_600_com.android.server.usage.UsageStatsService
08-08 00:04:36.634  9922  9922 D SystemServerTiming: OnBootPhase_600_com.android.server.webkit.WebViewUpdateService
08-08 00:04:36.634  9922  9922 D SystemServerTiming: OnBootPhase_600_com.android.server.CachedDeviceStateService
08-08 00:04:36.634  9922  9922 D SystemServerTiming: OnBootPhase_600_com.android.server.BinderCallsStatsService$LifeCycle
08-08 00:04:36.645  9922  9922 D SystemServerTiming: OnBootPhase_600_com.android.server.LooperStatsService$Lifecycle
08-08 00:04:36.645  9922  9922 D SystemServerTiming: OnBootPhase_600_com.android.server.rollback.RollbackManagerService
08-08 00:04:36.645  9922  9922 D SystemServerTiming: OnBootPhase_600_com.android.server.os.NativeTombstoneManagerService
08-08 00:04:36.645  9922  9922 D SystemServerTiming: OnBootPhase_600_com.android.server.os.BugreportManagerService
08-08 00:04:36.652  9922  9922 D SystemServerTiming: OnBootPhase_600_com.android.server.gpu.GpuService
08-08 00:04:36.652  9922  9922 D SystemServerTiming: OnBootPhase_600_com.android.server.security.rkp.RemoteProvisioningService
08-08 00:04:36.653  9922  9922 D SystemServerTiming: OnBootPhase_600_com.android.server.security.KeyChainSystemService
08-08 00:04:36.653  9922  9922 D SystemServerTiming: OnBootPhase_600_com.android.server.BinaryTransparencyService
08-08 00:04:36.653  9922  9922 D SystemServerTiming: OnBootPhase_600_com.android.server.telecom.TelecomLoaderService
08-08 00:04:36.685  9922  9922 D SystemServerTiming: OnBootPhase_600_com.android.server.accounts.AccountManagerService$Lifecycle
08-08 00:04:36.685  9922  9922 D SystemServerTiming: OnBootPhase_600_com.android.server.content.ContentService$Lifecycle
