08-08 00:03:12.852  9922 10066 I InputReader: Device added: id=12, eventHubId=2, name='virtio_input_multi_touch_1', descriptor='43db9dd6fa61939c1b516cd9522f0fe93926a00b',sources=KEYBOARD | TOUCHSCREEN | STYLUS
08-08 00:03:12.852  9922 10066 I InputReader: Device added: id=13, eventHubId=1, name='gpio-keys', descriptor='485d69228e24f5e46da1598745890b214130dbc4',sources=KEYBOARD
08-08 00:03:12.883  9751  9756 D BootAnimation: Playing files = /product/media/bootanimation.zip/part3, Requested repeat = 0, playUntilComplete = false
08-08 00:03:12.940  9922  9922 I WindowManager: SAFE MODE not enabled
08-08 00:03:12.940  9922  9922 D SystemServerTiming: StartInputMethodManagerLifecycle
08-08 00:03:12.952  9922  9922 I SystemServiceManager: Starting com.android.server.inputmethod.InputMethodManagerService$Lifecycle
08-08 00:03:12.979  9922  9922 D InputMethodManagerService: Schedule initialization for users=[0]
08-08 00:03:12.980  9922 10075 D InputMethodManagerService: Start initialization for user=0
08-08 00:03:12.988  9922  9922 D SystemServerTiming: StartAccessibilityManagerService
08-08 00:03:12.992  9922  9922 I SystemServiceManager: Starting com.android.server.accessibility.AccessibilityManagerService$Lifecycle
08-08 00:03:13.128  9922  9922 D SystemServerTiming: MakeDisplayReady
08-08 00:03:13.129  9922  9922 I ActivityTaskManager: Config changes=20005df8 {1.0 ?mcc0mnc [en_US] ldltr sw411dp w411dp h923dp 420dpi nrml long port ?uimode ?night finger qwerty/v/v dpad/v winConfig={ mBounds=Rect(0, 0 - 1080, 2424) mAppBounds=Rect(0, 0 - 1080, 2424) mMaxBounds=Rect(0, 0 - 1080, 2424) mDisplayRotation=ROTATION_0 mWindowingMode=fullscreen mActivityType=undefined mAlwaysOnTop=undefined mRotation=ROTATION_0} s.2 ?fontWeightAdjustment}
08-08 00:03:13.140  9922  9922 I WindowManager: Override config changes=60007dfc {1.0 ?mcc0mnc [en_US] ldltr sw411dp w411dp h923dp 420dpi nrml long port ?uimode ?night finger qwerty/v/v dpad/v winConfig={ mBounds=Rect(0, 0 - 1080, 2424) mAppBounds=Rect(0, 0 - 1080, 2424) mMaxBounds=Rect(0, 0 - 1080, 2424) mDisplayRotation=ROTATION_0 mWindowingMode=fullscreen mActivityType=undefined mAlwaysOnTop=undefined mRotation=ROTATION_0} s.2 ?fontWeightAdjustment} for displayId=0
08-08 00:03:13.156  9922  9922 I DisplayDevice: [0] Layerstack set to 0 for local:4619827259835644672
08-08 00:03:13.167  9922  9922 D DisplayManagerService: supportedStates=[0]
08-08 00:03:13.167  9922  9922 D DisplayManagerService: possibleInfos={DisplayInfo{"Built-in Screen", displayId 0, displayGroupId 0, FLAG_SECURE, FLAG_SUPPORTS_PROTECTED_BUFFERS, FLAG_TRUSTED, real 1080 x 2424, largest app 2424 x 2424, smallest app 1080 x 1080, appVsyncOff 1000000, presDeadline 16666666, mode 1, renderFrameRate 60.000004, hasArrSupport false, frameRateCategoryRate FrameRateCategoryRate {normal=60.0, high=90.0}, supportedRefreshRates [60.000004], defaultMode 1, userPreferredModeId -1, supportedModes [{id=1, width=1080, height=2424, fps=60.000004, vsync=60.000004, synthetic=false, alternativeRefreshRates=[], supportedHdrTypes=[]}], appsSupportedModes [{id=1, width=1080, height=2424, fps=60.000004, vsync=60.000004, synthetic=false, alternativeRefreshRates=[], supportedHdrTypes=[]}], hdrCapabilities HdrCapabilities{mSupportedHdrTypes=[], mMaxLuminance=500.0, mMaxAverageLuminance=500.0, mMinLuminance=0.0}, isForceSdr false, userDisabledHdrTypes [], minimalPostProcessingSupported false, rotation 0, state UNKNOWN, committedState UNKNOWN, type INTERNAL, uniqueId "local:4619827259835644672", app 1080 x 2424, density 420 (420.0 x 420.0) dpi, layerStack 0, colorMode 0, supportedColorModes [0], address {port=0, model=0x401cec6a7a2b7b}, deviceProductInfo DeviceProductInfo{name=EMU_display_0, manufacturerPnpId=GGL, productId=1, modelYear=null, manufactureDate=ManufactureDate{week=27, year=2006}, connectionToSinkType=1}, removeMode 0, refreshRateOverride 0.0, brightnessMinimum 0.035433073, brightnessMaximum 1.0, brightnessDefault 0.39763778, brightnessDim 0.05, installOrientation ROTATION_0, layoutLimitedRefreshRate null, hdrSdrRatio not_available, thermalRefreshRateThrottling {}, thermalBrightnessThrottlingDataId default, canHostTasks true}}
08-08 00:03:13.167  9922  9922 D SystemServerTiming: StartStorageManagerService
08-08 00:03:13.167  9922  9922 I SystemServiceManager: Starting com.android.server.StorageManagerService$Lifecycle
08-08 00:03:13.168  9922  9951 D WindowManager: DeferredDisplayUpdater: applying DisplayInfo(1080 x 2424) immediately
08-08 00:03:13.191   586   794 D installd: Found quota mount /dev/block/dm-53 at /data
08-08 00:03:13.192   586   794 D installd: Found quota mount /dev/block/dm-53 at /data/user/0
08-08 00:03:13.192   586   794 D installd: Found quota mount /dev/block/dm-53 at /mnt/pass_through/0/emulated
08-08 00:03:13.193   586   794 D installd: Found storage mount /dev/block/dm-53 at /mnt/pass_through/0/emulated
08-08 00:03:13.193   586   794 D installd: Found storage mount  at /mnt/pass_through/0/emulated
08-08 00:03:13.211  9922  9953 W BroadcastLoopers: Found previously unknown looper Thread[android.display,5,main]
08-08 00:03:13.212  9922  9953 I InputManager-JNI: Viewport [0] to add: local:4619827259835644672, isActive: false
08-08 00:03:13.214  9922 10066 I InputReader: Reconfiguring input devices, changes=DISPLAY_INFO
08-08 00:03:13.214  9922 10066 I InputReader: Disabling virtio_input_multi_touch_1 (device 12) because the associated viewport is not active
08-08 00:03:13.214  9922 10066 I InputReader: Device reconfigured: id=12, name='virtio_input_multi_touch_1', size 32768x32768, orientation Rotation0, mode DISABLED, display id 0
08-08 00:03:13.214  9922 10066 I InputReader: Touch device 'virtio_input_multi_touch_2' could not query the properties of its associated display.  The device will be inoperable until the display size becomes available.
08-08 00:03:13.214  9922 10066 I InputReader: Touch device 'virtio_input_multi_touch_4' could not query the properties of its associated display.  The device will be inoperable until the display size becomes available.
08-08 00:03:13.214  9922 10066 I InputReader: Touch device 'virtio_input_multi_touch_5' could not query the properties of its associated display.  The device will be inoperable until the display size becomes available.
08-08 00:03:13.214  9922 10066 I InputReader: Touch device 'virtio_input_multi_touch_6' could not query the properties of its associated display.  The device will be inoperable until the display size becomes available.
08-08 00:03:13.214  9922 10066 I InputReader: Touch device 'virtio_input_multi_touch_7' could not query the properties of its associated display.  The device will be inoperable until the display size becomes available.
08-08 00:03:13.214  9922 10066 I InputReader: Touch device 'virtio_input_multi_touch_8' could not query the properties of its associated display.  The device will be inoperable until the display size becomes available.
08-08 00:03:13.214  9922 10066 I InputReader: Touch device 'virtio_input_multi_touch_10' could not query the properties of its associated display.  The device will be inoperable until the display size becomes available.
08-08 00:03:13.214  9922 10066 I InputReader: Touch device 'virtio_input_multi_touch_11' could not query the properties of its associated display.  The device will be inoperable until the display size becomes available.
08-08 00:03:13.214  9922 10066 I InputReader: Touch device 'virtio_input_multi_touch_9' could not query the properties of its associated display.  The device will be inoperable until the display size becomes available.
08-08 00:03:13.214  9922 10066 I InputReader: Touch device 'virtio_input_multi_touch_3' could not query the properties of its associated display.  The device will be inoperable until the display size becomes available.
08-08 00:03:13.223  9922 10079 D StorageManagerService: Thinking about reset, mBootCompleted=false, mDaemonConnected=true
08-08 00:03:13.254  9922  9922 D StorageManagerService: CE storage for users [0] is already unlocked
08-08 00:03:13.254  9922  9922 W SystemServiceManager: Service com.android.server.StorageManagerService$Lifecycle took 87 ms in onStart
08-08 00:03:13.254  9922  9922 D SystemServerTiming: StartStorageStatsService
08-08 00:03:13.254  9922 10079 D StorageManagerService: Thinking about reset, mBootCompleted=false, mDaemonConnected=true
08-08 00:03:13.254  9922  9922 I SystemServiceManager: Starting com.android.server.usage.StorageStatsService$Lifecycle
08-08 00:03:13.257   586   794 D installd: Found quota mount /dev/block/dm-53 at /data
08-08 00:03:13.258   586   794 D installd: Found quota mount /dev/block/dm-53 at /data/user/0
08-08 00:03:13.258   586   794 D installd: Found quota mount /dev/block/dm-53 at /mnt/pass_through/0/emulated
08-08 00:03:13.258   586   794 D installd: Found storage mount /dev/block/dm-53 at /mnt/pass_through/0/emulated
08-08 00:03:13.258   586   794 D installd: Found storage mount  at /mnt/pass_through/0/emulated
08-08 00:03:13.266   586   795 D installd: Found quota mount /dev/block/dm-53 at /data
08-08 00:03:13.267   586   795 D installd: Found quota mount /dev/block/dm-53 at /data/user/0
08-08 00:03:13.267   586   795 D installd: Found quota mount /dev/block/dm-53 at /mnt/pass_through/0/emulated
08-08 00:03:13.270   586   795 D installd: Found storage mount /dev/block/dm-53 at /mnt/pass_through/0/emulated
08-08 00:03:13.270   586   795 D installd: Found storage mount  at /mnt/pass_through/0/emulated
08-08 00:03:13.272  9922  9922 D SystemServerTiming: StartUiModeManager
08-08 00:03:13.272  9922  9922 I SystemServiceManager: Starting com.android.server.UiModeManagerService
08-08 00:03:13.287  9922 10048 D SystemServerTimingAsync: InitThreadPoolExec:UiModeManager.onStart
08-08 00:03:13.288  9922  9922 D SystemServerTiming: StartLocaleManagerService
08-08 00:03:13.288  9922  9922 I SystemServiceManager: Starting com.android.server.locales.LocaleManagerService
08-08 00:03:13.301  9922  9922 D SystemServerTiming: StartGrammarInflectionService
08-08 00:03:13.301  9922  9922 I SystemServiceManager: Starting com.android.server.grammaticalinflection.GrammaticalInflectionService
08-08 00:03:13.313  9922  9922 D SystemServerTiming: StartAppHibernationService
08-08 00:03:13.313  9922  9922 I SystemServiceManager: Starting com.android.server.apphibernation.AppHibernationService
08-08 00:03:13.326  9922  9922 D SystemServerTiming: ArtManagerLocal
08-08 00:03:13.349  9922  9922 D SystemServerTiming: UpdatePackagesIfNeeded
08-08 00:03:13.349  9922  9922 I Watchdog: Pausing HandlerChecker: main thread for reason: dexopt. Pause count: 1
08-08 00:03:13.355  9922  9922 I Watchdog: Resuming HandlerChecker: main thread for reason: dexopt. Pause count: 0
08-08 00:03:13.355  9922  9922 D SystemServerTiming: UpdateMetricsIfNeeded
08-08 00:03:13.356  9922  9922 D SystemServerTiming: PerformFstrimIfNeeded
08-08 00:03:13.356  9922  9922 D SystemServerTiming: StartLockSettingsService
08-08 00:03:13.356  9922  9922 I SystemServiceManager: Starting com.android.server.locksettings.LockSettingsService$Lifecycle
08-08 00:03:13.403  9922 10075 I system_server: AssetManager2(0xb400007767a64678) locale list changing from [] to [en-US]
08-08 00:03:13.467  9922  9922 W SystemServiceManager: Service com.android.server.locksettings.LockSettingsService$Lifecycle took 111 ms in onStart
08-08 00:03:13.467  9922  9922 D SystemServerTiming: StartTestHarnessMode
08-08 00:03:13.467  9922  9922 I SystemServiceManager: Starting com.android.server.testharness.TestHarnessModeService
08-08 00:03:13.477   220   220 I hwservicemanager: getTransport: Cannot find entry android.hardware.oemlock@1.0::IOemLock/default in either framework or device VINTF manifest.
08-08 00:03:13.478  9922  9922 I OemLock : OemLock Hidl HAL not present on device
08-08 00:03:13.478  9922  9922 D SystemServerTiming: StartDeviceIdleController
08-08 00:03:13.481  9922  9922 I SystemServiceManager: Starting com.android.server.DeviceIdleController
08-08 00:03:13.528  9922 10075 I system_server: AssetManager2(0xb400007767a607f8) locale list changing from [] to [en-US]
08-08 00:03:13.528  9922  9922 D SystemServerTiming: StartDevicePolicyManager
08-08 00:03:13.533  9922  9922 I SystemServiceManager: Starting com.android.server.devicepolicy.DevicePolicyManagerService$Lifecycle
08-08 00:03:13.648  9922  9922 I DevicePolicyManager: Current version 6, latest version 6, not upgrading.
08-08 00:03:13.669  9922  9922 D DevicePolicyManagerService: /data/system/updated_resources.xml doesn't exist
08-08 00:03:13.669  9922  9922 D DevicePolicyEngine: Reading device policies from file.
08-08 00:03:13.673  9922  9922 D DevicePolicyEngine: Reading from /data/system/device_policy_state.xml
08-08 00:03:13.679  9922  9922 D SystemServerTiming: StartStatusBarManagerService
08-08 00:03:13.697  9922  9922 D SystemServerTiming: StartMusicRecognitionManagerService
08-08 00:03:13.705  9922  9922 I SystemServiceManager: Starting com.android.server.musicrecognition.MusicRecognitionManagerService
08-08 00:03:13.705  9922 10075 I system_server: AssetManager2(0xb400007767a59778) locale list changing from [] to [en-US]
08-08 00:03:13.711  9922 10075 D InputMethodManagerService: Complete initialization for user=0
08-08 00:03:13.727  9922  9922 D SystemServerTiming: StartContentCaptureService
08-08 00:03:13.731  9922  9922 I SystemServiceManager: Starting com.android.server.contentcapture.ContentCaptureManagerService
08-08 00:03:13.741  9922  9922 I ContentCaptureHelper: Setting logging level to OFF
08-08 00:03:13.756  9922  9922 D SystemServer: AttentionService is not configured on this device
08-08 00:03:13.756  9922  9922 D SystemServer: RotationResolverService is not configured on this device
08-08 00:03:13.756  9922  9922 D SystemServerTiming: StartSystemCaptionsManagerService
08-08 00:03:13.756  9922  9922 I SystemServiceManager: Starting com.android.server.systemcaptions.SystemCaptionsManagerService
08-08 00:03:13.756  9922  9922 D SystemServerTiming: StartTextToSpeechManagerService
08-08 00:03:13.760  9922  9922 I SystemServiceManager: Starting com.android.server.texttospeech.TextToSpeechManagerService
08-08 00:03:13.767  9922  9922 D SystemServerTiming: startWearableSensingService
08-08 00:03:13.767  9922  9922 I SystemServiceManager: Starting com.android.server.wearable.WearableSensingManagerService
08-08 00:03:13.781  9922  9922 D SystemServerTiming: startOnDeviceIntelligenceManagerService
08-08 00:03:13.781  9922  9922 I SystemServiceManager: Starting com.android.server.ondeviceintelligence.OnDeviceIntelligenceManagerService
08-08 00:03:13.798  9922  9922 D SystemServerTiming: StartAmbientContextService
08-08 00:03:13.800  9922  9922 I SystemServiceManager: Starting com.android.server.ambientcontext.AmbientContextManagerService
08-08 00:03:13.805  9922  9922 D SystemServerTiming: StartSpeechRecognitionManagerService
08-08 00:03:13.805  9922  9922 I SystemServiceManager: Starting com.android.server.speech.SpeechRecognitionManagerService
08-08 00:03:13.809  9922  9922 D SystemServerTiming: StartAppPredictionService
08-08 00:03:13.809  9922  9922 I SystemServiceManager: Starting com.android.server.appprediction.AppPredictionManagerService
08-08 00:03:13.814  9922  9922 D SystemServerTiming: StartContentSuggestionsService
08-08 00:03:13.814  9922  9922 I SystemServiceManager: Starting com.android.server.contentsuggestions.ContentSuggestionsManagerService
08-08 00:03:13.817  9922  9922 D SystemServerTiming: StartSearchUiService
08-08 00:03:13.820  9922  9922 I SystemServiceManager: Starting com.android.server.searchui.SearchUiManagerService
08-08 00:03:13.826  9922  9922 D SystemServerTiming: StartSmartspaceService
08-08 00:03:13.826  9922  9922 I SystemServiceManager: Starting com.android.server.smartspace.SmartspaceManagerService
08-08 00:03:13.826  9922  9922 D SystemServerTiming: StartContextualSearchService
08-08 00:03:13.826  9922  9922 I SystemServiceManager: Starting com.android.server.contextualsearch.ContextualSearchManagerService
08-08 00:03:13.833  9922  9922 D SystemServerTiming: InitConnectivityModuleConnector
08-08 00:03:13.833  9922  9922 D ConnectivityModuleConnector: Network stack init
08-08 00:03:13.833  9922  9922 D SystemServerTiming: InitNetworkStackClient
08-08 00:03:13.833  9922  9922 D NetworkStackClient: Network stack init
08-08 00:03:13.833  9922  9922 D SystemServerTiming: StartNetworkManagementService
08-08 00:03:13.935  9922  9922 D SystemServerTiming: StartFontManagerService
08-08 00:03:13.936  9922  9922 I FontManagerService: Using optimized boot-time font loading.
08-08 00:03:13.936  9922  9947 D SystemServerTimingAsync: InitThreadPoolExec:FontManagerService_create
08-08 00:03:13.936  9922  9922 D SystemServerTiming: StartTextServicesManager
08-08 00:03:13.937  9922  9922 I SystemServiceManager: Starting com.android.server.textservices.TextServicesManagerService$Lifecycle
08-08 00:03:13.941  9922  9922 D SystemServerTiming: StartTextClassificationManagerService
08-08 00:03:13.941  9922  9922 I SystemServiceManager: Starting com.android.server.textclassifier.TextClassificationManagerService$Lifecycle
08-08 00:03:13.951  9922  9922 D SystemServerTiming: StartNetworkScoreService
08-08 00:03:13.951  9922  9947 I SystemFonts: Loading font config from /system/etc/font_fallback.xml
08-08 00:03:13.954  9922  9922 I SystemServiceManager: Starting com.android.server.NetworkScoreService$Lifecycle
08-08 00:03:13.962  9922  9922 I NetworkScoreService: Registering network_score
08-08 00:03:13.963  9922  9922 D SystemServerTiming: StartNetworkStatsService
08-08 00:03:13.999  9922  9922 I SystemServiceManager: Starting com.android.server.NetworkStatsServiceInitializer
08-08 00:03:14.189  9922  9922 D nativeloader: Load libservice-connectivity.so using class loader ns clns-shared-15 (caller=/apex/com.android.tethering/javalib/service-connectivity.jar): ok
08-08 00:03:14.331  9922  9922 D nativeloader: Load libandroid_net_connectivity_com_android_net_module_util_jni.so using APEX ns com_android_tethering for caller /apex/com.android.tethering/javalib/framework-connectivity.jar: ok