08-08 00:04:36.686  9922  9922 D SystemServerTiming: OnBootPhase_600_com.android.server.deviceconfig.DeviceConfigInit$Lifecycle
08-08 00:04:36.686  9922  9922 D SystemServerTiming: OnBootPhase_600_com.android.server.DropBoxManagerService
08-08 00:04:36.687  9922  9922 D SystemServerTiming: OnBootPhase_600_com.android.ecm.EnhancedConfirmationService
08-08 00:04:36.687  9922  9922 D SystemServerTiming: OnBootPhase_600_com.android.server.power.hint.HintManagerService
08-08 00:04:36.687  9922  9922 D SystemServerTiming: OnBootPhase_600_com.android.role.RoleService
08-08 00:04:36.687  9922  9922 D SystemServerTiming: OnBootPhase_600_com.android.server.supervision.SupervisionService$Lifecycle
08-08 00:04:36.687  9922  9922 D SystemServerTiming: OnBootPhase_600_com.android.server.vibrator.VibratorManagerService$Lifecycle
08-08 00:04:36.699  9922  9922 D SystemServerTiming: OnBootPhase_600_com.android.server.alarm.AlarmManagerService
08-08 00:04:36.699  9922  9922 D SystemServerTiming: OnBootPhase_600_com.android.server.input.InputManagerService$Lifecycle
08-08 00:04:36.699  9922  9922 D SystemServerTiming: OnBootPhase_600_com.android.server.devicestate.DeviceStateManagerService
08-08 00:04:36.700  9922  9922 D SystemServerTiming: OnBootPhase_600_com.android.server.camera.CameraServiceProxy
08-08 00:04:36.700  9922  9922 D SystemServerTiming: OnBootPhase_600_com.android.server.bluetooth.BluetoothService
08-08 00:04:36.720  9922  9922 D SystemServerTiming: OnBootPhase_600_com.android.server.connectivity.IpConnectivityMetrics
08-08 00:04:36.720  9922  9922 D SystemServerTiming: OnBootPhase_600_com.android.server.net.watchlist.NetworkWatchlistService$Lifecycle
08-08 00:04:36.721  9922  9922 D SystemServerTiming: OnBootPhase_600_com.android.server.pinner.PinnerService
08-08 00:04:36.721  9922  9922 D SystemServerTiming: OnBootPhase_600_com.android.server.integrity.AppIntegrityManagerService
08-08 00:04:36.721  9922  9922 D SystemServerTiming: OnBootPhase_600_com.android.server.logcat.LogcatManagerService
08-08 00:04:36.721  9922  9922 D SystemServerTiming: OnBootPhase_600_com.android.server.security.intrusiondetection.IntrusionDetectionService
08-08 00:04:36.721  9922  9922 D SystemServerTiming: OnBootPhase_600_com.android.server.appfunctions.AppFunctionManagerService
08-08 00:04:36.721  9922  9922 D SystemServerTiming: OnBootPhase_600_com.android.server.security.advancedprotection.AdvancedProtectionService$Lifecycle
08-08 00:04:36.721  9922  9922 D SystemServerTiming: OnBootPhase_600_com.android.server.TradeInModeService
08-08 00:04:36.721  9922  9922 D SystemServerTiming: OnBootPhase_600_com.android.server.inputmethod.InputMethodManagerService$Lifecycle
08-08 00:04:36.721  9922  9922 D SystemServerTiming: OnBootPhase_600_com.android.server.accessibility.AccessibilityManagerService$Lifecycle
08-08 00:04:36.926 10372 10372 V WebViewLibraryLoader: RelroFileCreator (64bit = true), package: com.google.android.webview library: libmonochrome_64.so
08-08 00:04:36.928  9922  9922 W SystemServiceManager: Service com.android.server.accessibility.AccessibilityManagerService$Lifecycle took 207 ms in onBootPhase
08-08 00:04:36.929  9922  9922 D SystemServerTiming: OnBootPhase_600_com.android.server.StorageManagerService$Lifecycle
08-08 00:04:36.929  9922  9922 D SystemServerTiming: OnBootPhase_600_com.android.server.usage.StorageStatsService$Lifecycle
08-08 00:04:36.929  9922  9922 D SystemServerTiming: OnBootPhase_600_com.android.server.UiModeManagerService
08-08 00:04:36.929  9922  9922 D SystemServerTiming: OnBootPhase_600_com.android.server.locales.LocaleManagerService
08-08 00:04:36.929  9922  9922 D SystemServerTiming: OnBootPhase_600_com.android.server.grammaticalinflection.GrammaticalInflectionService
08-08 00:04:36.929  9922  9922 D SystemServerTiming: OnBootPhase_600_com.android.server.apphibernation.AppHibernationService
08-08 00:04:36.929  9922  9922 D SystemServerTiming: OnBootPhase_600_com.android.server.locksettings.LockSettingsService$Lifecycle
08-08 00:04:36.931  9922  9922 D SystemServerTiming: OnBootPhase_600_com.android.server.testharness.TestHarnessModeService
08-08 00:04:36.932  9922  9922 D SystemServerTiming: OnBootPhase_600_com.android.server.DeviceIdleController
08-08 00:04:36.935  9922  9922 D SystemServerTiming: OnBootPhase_600_com.android.server.devicepolicy.DevicePolicyManagerService$Lifecycle
08-08 00:04:36.938  9922  9922 D SystemServerTiming: OnBootPhase_600_com.android.server.musicrecognition.MusicRecognitionManagerService
08-08 00:04:37.510  9922  9922 W SystemServiceManager: Service com.android.server.musicrecognition.MusicRecognitionManagerService took 571 ms in onBootPhase
08-08 00:04:37.515  9922  9922 D SystemServerTiming: OnBootPhase_600_com.android.server.contentcapture.ContentCaptureManagerService
08-08 00:04:37.529  9922  9922 D SystemServerTiming: OnBootPhase_600_com.android.server.systemcaptions.SystemCaptionsManagerService
08-08 00:04:37.530  9922  9922 D SystemServerTiming: OnBootPhase_600_com.android.server.texttospeech.TextToSpeechManagerService
08-08 00:04:37.569  9922  9922 D SystemServerTiming: OnBootPhase_600_com.android.server.wearable.WearableSensingManagerService
08-08 00:04:37.569  9922  9922 D SystemServerTiming: OnBootPhase_600_com.android.server.ondeviceintelligence.OnDeviceIntelligenceManagerService
08-08 00:04:37.569  9922  9922 D SystemServerTiming: OnBootPhase_600_com.android.server.ambientcontext.AmbientContextManagerService
08-08 00:04:37.569  9922  9922 D SystemServerTiming: OnBootPhase_600_com.android.server.speech.SpeechRecognitionManagerService
08-08 00:04:37.570  9922  9922 D SystemServerTiming: OnBootPhase_600_com.android.server.appprediction.AppPredictionManagerService
08-08 00:04:37.571  9922  9922 D SystemServerTiming: OnBootPhase_600_com.android.server.contentsuggestions.ContentSuggestionsManagerService
08-08 00:04:37.571  9922  9922 D SystemServerTiming: OnBootPhase_600_com.android.server.searchui.SearchUiManagerService
08-08 00:04:37.571  9922  9922 D SystemServerTiming: OnBootPhase_600_com.android.server.smartspace.SmartspaceManagerService
08-08 00:04:37.571  9922  9922 D SystemServerTiming: OnBootPhase_600_com.android.server.contextualsearch.ContextualSearchManagerService
08-08 00:04:37.571  9922  9922 D SystemServerTiming: OnBootPhase_600_com.android.server.graphics.fonts.FontManagerService$Lifecycle
08-08 00:04:37.572  9922  9922 D SystemServerTiming: OnBootPhase_600_com.android.server.textservices.TextServicesManagerService$Lifecycle
08-08 00:04:37.572  9922  9922 D SystemServerTiming: OnBootPhase_600_com.android.server.textclassifier.TextClassificationManagerService$Lifecycle
08-08 00:04:37.572  9922  9922 D SystemServerTiming: OnBootPhase_600_com.android.server.NetworkScoreService$Lifecycle
08-08 00:04:37.573  9922  9922 D SystemServerTiming: OnBootPhase_600_com.android.server.NetworkStatsServiceInitializer
08-08 00:04:37.573  9922  9922 D SystemServerTiming: OnBootPhase_600_com.android.server.wifi.WifiService
08-08 00:04:37.573  9922  9922 D SystemServerTiming: OnBootPhase_600_com.android.server.wifi.scanner.WifiScanningService
08-08 00:04:37.574  9922  9922 D SystemServerTiming: OnBootPhase_600_com.android.server.wifi.p2p.WifiP2pService
08-08 00:04:37.575  9922  9922 D SystemServerTiming: OnBootPhase_600_com.android.server.ConnectivityServiceInitializer
08-08 00:04:37.577  9922  9922 D SystemServerTiming: OnBootPhase_600_com.android.server.notification.NotificationManagerService
08-08 00:04:37.791 10394 10394 D nativeloader: Configuring clns-10 for other apk /data/app/~~WRfPI3OSh8fzO3h223O21w==/com.google.android.webview-7Z0UIUZ-fnv9XxskuZSAEA==/WebViewGoogle.apk. target_sdk_version=34, uses_libraries=, library_path=/data/app/~~WRfPI3OSh8fzO3h223O21w==/com.google.android.webview-7Z0UIUZ-fnv9XxskuZSAEA==/lib/arm64:/data/app/~~WRfPI3OSh8fzO3h223O21w==/com.google.android.webview-7Z0UIUZ-fnv9XxskuZSAEA==/WebViewGoogle.apk!/lib/arm64-v8a:/data/app/~~Rr7O83K_eX_VDd5wqxETTg==/com.google.android.trichromelibrary_694313732-k2CES0mRDBZTzKt_2S9uBA==/TrichromeLibrary.apk!/lib/arm64-v8a, permitted_path=/data:/mnt/expand
08-08 00:04:37.961  9922 10389 D BufferPoolAccessor2.0: bufferpool2 0xb4000077e7a7b158 : 0(0 size) total buffers - 0(0 size) used buffers - 2/7 (recycle/alloc) - 5/24 (fetch/transfer)
08-08 00:04:37.977  9922 10389 D BufferPoolAccessor2.0: bufferpool2 0xb4000077e7a824f8 : 0(0 size) total buffers - 0(0 size) used buffers - 2/7 (recycle/alloc) - 5/18 (fetch/transfer)
08-08 00:04:37.977  9922 10389 D BufferPoolAccessor2.0: evictor expired: 2, evicted: 2
08-08 00:04:38.193  9758  9758 I Zygote  : Process 10350 exited due to signal 9 (Killed)
08-08 00:04:38.199  9922  9944 V ActivityManager: Got obituary of 10350:com.android.systemui
08-08 00:04:38.216  9922  9967 I libprocessgroup: Removed cgroup /sys/fs/cgroup/apps/uid_10185/pid_10350
08-08 00:04:38.336   507   507 I adbd    : Remote process closed the socket (on MSG_PEEK)
08-08 00:04:38.582 10372 10372 W WebViewLoader-a: Failed to find entry 'classes.dex': Entry not found
08-08 00:04:38.634 10372 10372 D nativeloader: Configuring clns-9 for other apk /data/app/~~Rr7O83K_eX_VDd5wqxETTg==/com.google.android.trichromelibrary_694313732-k2CES0mRDBZTzKt_2S9uBA==/TrichromeLibrary.apk. target_sdk_version=34, uses_libraries=ALL, library_path=/data/app/~~WRfPI3OSh8fzO3h223O21w==/com.google.android.webview-7Z0UIUZ-fnv9XxskuZSAEA==/lib/arm64:/data/app/~~WRfPI3OSh8fzO3h223O21w==/com.google.android.webview-7Z0UIUZ-fnv9XxskuZSAEA==/WebViewGoogle.apk!/lib/arm64-v8a:/data/app/~~Rr7O83K_eX_VDd5wqxETTg==/com.google.android.trichromelibrary_694313732-k2CES0mRDBZTzKt_2S9uBA==/TrichromeLibrary.apk!/lib/arm64-v8a, permitted_path=/data:/mnt/expand
08-08 00:04:38.663 10372 10372 D ApplicationLoaders: Returning zygote-cached class loader: /system_ext/framework/androidx.window.extensions.jar
08-08 00:04:38.929   595   647 D BufferPoolAccessor2.0: bufferpool2 0xb400007254bf8538 : 0(0 size) total buffers - 0(0 size) used buffers - 3/7 (recycle/alloc) - 4/6 (fetch/transfer)
08-08 00:04:38.960   595   647 D BufferPoolAccessor2.0: bufferpool2 0xb400007254bfbf08 : 0(0 size) total buffers - 0(0 size) used buffers - 6/10 (recycle/alloc) - 4/9 (fetch/transfer)
08-08 00:04:38.963   595   647 D BufferPoolAccessor2.0: evictor expired: 2, evicted: 2
08-08 00:04:38.965 10372 10372 D nativeloader: Configuring clns-10 for other apk /data/app/~~WRfPI3OSh8fzO3h223O21w==/com.google.android.webview-7Z0UIUZ-fnv9XxskuZSAEA==/WebViewGoogle.apk. target_sdk_version=34, uses_libraries=, library_path=/data/app/~~WRfPI3OSh8fzO3h223O21w==/com.google.android.webview-7Z0UIUZ-fnv9XxskuZSAEA==/lib/arm64:/data/app/~~WRfPI3OSh8fzO3h223O21w==/com.google.android.webview-7Z0UIUZ-fnv9XxskuZSAEA==/WebViewGoogle.apk!/lib/arm64-v8a:/data/app/~~Rr7O83K_eX_VDd5wqxETTg==/com.google.android.trichromelibrary_694313732-k2CES0mRDBZTzKt_2S9uBA==/TrichromeLibrary.apk!/lib/arm64-v8a, permitted_path=/data:/mnt/expand
08-08 00:04:39.014  9922  9944 W PackageManager: Invalid dex load report. loadingPackageName=null, uid=1037
08-08 00:04:39.169  9922  9922 W SystemServiceManager: Service com.android.server.notification.NotificationManagerService took 1592 ms in onBootPhase
08-08 00:04:39.172  9922  9922 D SystemServerTiming: OnBootPhase_600_com.android.server.storage.DeviceStorageMonitorService
08-08 00:04:39.173  9922  9922 D SystemServerTiming: OnBootPhase_600_com.android.server.timedetector.TimeDetectorService$Lifecycle
08-08 00:04:39.174  9922  9922 D SystemServerTiming: OnBootPhase_600_com.android.server.location.LocationManagerService$Lifecycle
08-08 00:04:39.545  9922 10226 W InputManager: Input event injection from pid 10438 failed.
08-08 00:04:39.569  9922 10226 W InputManager: Input event injection from pid 10438 failed.
08-08 00:04:39.698  9751  9756 D BootAnimation: Playing files = /product/media/bootanimation.zip/part3, Requested repeat = 0, playUntilComplete = false
08-08 00:04:39.917  9922  9922 I ServiceWatcher: [network] chose new implementation null
08-08 00:04:39.982  9922 10389 D BufferPoolAccessor2.0: bufferpool2 0xb4000077e7a7f6b8 : 0(0 size) total buffers - 0(0 size) used buffers - 1/7 (recycle/alloc) - 6/26 (fetch/transfer)
08-08 00:04:39.983  9922 10389 D BufferPoolAccessor2.0: bufferpool2 0xb4000077e7a7e438 : 0(0 size) total buffers - 0(0 size) used buffers - 2/7 (recycle/alloc) - 5/24 (fetch/transfer)
08-08 00:04:39.983  9922 10389 D BufferPoolAccessor2.0: evictor expired: 2, evicted: 2
08-08 00:04:40.070   595   647 D BufferPoolAccessor2.0: bufferpool2 0xb400007254bf6978 : 0(0 size) total buffers - 0(0 size) used buffers - 6/10 (recycle/alloc) - 4/9 (fetch/transfer)
08-08 00:04:40.138   595   647 D BufferPoolAccessor2.0: bufferpool2 0xb400007254bf72b8 : 0(0 size) total buffers - 0(0 size) used buffers - 7/11 (recycle/alloc) - 4/10 (fetch/transfer)
08-08 00:04:40.138   595   647 D BufferPoolAccessor2.0: evictor expired: 6, evicted: 2
08-08 00:04:41.007  9922  9922 I ServiceWatcher: [fused] chose new implementation 1000/com.android.location.fused/.FusedLocationService@0
08-08 00:04:41.039  9922 10389 D BufferPoolAccessor2.0: bufferpool2 0xb4000077e7a80dd8 : 0(0 size) total buffers - 0(0 size) used buffers - 2/7 (recycle/alloc) - 5/34 (fetch/transfer)
08-08 00:04:41.039  9922 10389 D BufferPoolAccessor2.0: bufferpool2 0xb4000077e7a85a28 : 0(0 size) total buffers - 0(0 size) used buffers - 2/7 (recycle/alloc) - 5/34 (fetch/transfer)
08-08 00:04:41.039  9922 10389 D BufferPoolAccessor2.0: evictor expired: 2, evicted: 2
08-08 00:04:41.253   595   647 D BufferPoolAccessor2.0: bufferpool2 0xb400007254bff1e8 : 0(0 size) total buffers - 0(0 size) used buffers - 11/15 (recycle/alloc) - 4/14 (fetch/transfer)
08-08 00:04:41.253   595   647 D BufferPoolAccessor2.0: bufferpool2 0xb400007254bf7758 : 0(0 size) total buffers - 0(0 size) used buffers - 11/15 (recycle/alloc) - 4/14 (fetch/transfer)
08-08 00:04:41.253   595   647 D BufferPoolAccessor2.0: evictor expired: 4, evicted: 2
08-08 00:04:42.288  9922  9940 W system_server: Suspending all threads took: 1.211s
08-08 00:04:43.532 10372 10372 I WebViewLoader-a: System.exit called, status: 0
08-08 00:04:43.550 10372 10372 I AndroidRuntime: VM exiting with result code 0, cleanup skipped.
08-08 00:04:43.684  9922  9950 W Looper  : Slow delivery took 1718ms android.fg app=system_server main=false group=FOREGROUND h=android.os.Handler c=com.android.server.servicewatcher.ServiceWatcherImpl$$ExternalSyntheticLambda0@21cd2e8 m=0
08-08 00:04:43.685  9922  9950 W Looper  : Slow dispatch took 919ms android.fg app=system_server main=false group=FOREGROUND h=android.os.Handler c=com.android.server.servicewatcher.ServiceWatcherImpl$$ExternalSyntheticLambda0@21cd2e8 m=0
08-08 00:04:43.714 10394 10394 D nativeloader: Load /data/app/~~Rr7O83K_eX_VDd5wqxETTg==/com.google.android.trichromelibrary_694313732-k2CES0mRDBZTzKt_2S9uBA==/TrichromeLibrary.apk!/lib/arm64-v8a/libmonochrome_64.so using class loader ns clns-10 (caller=/data/app/~~WRfPI3OSh8fzO3h223O21w==/com.google.android.webview-7Z0UIUZ-fnv9XxskuZSAEA==/WebViewGoogle.apk): ok
08-08 00:04:44.310   245 10410 I keystore2: system/security/keystore2/watchdog/src/lib.rs:377 - Watchdog thread idle -> terminating. Have a great day.
08-08 00:04:44.325   273   273 I tombstoned: intercept for pid 9922 and type kDebuggerdJavaBacktrace terminated: due to timeout
08-08 00:04:44.395  9922  9956 E system_server: libdebuggerd_client: failed to read status response from tombstoned: timeout reached?
08-08 00:04:44.818  9922  9922 W ServiceManagerCppClient: Waited one second for android.hardware.gnss.IGnss/default (is service started? Number of threads started in the threadpool: 32. Are binder threads started and available?)
08-08 00:04:45.208 10444 10444 I AidlLazyServiceRegistrar: Registering service android.hardware.gnss.IGnss/default
08-08 00:04:45.242 10444 10447 I AidlLazyServiceRegistrar: Process has 1 (of 1 available) client(s) in use after notification android.hardware.gnss.IGnss/default has clients: 1
08-08 00:04:45.567  9922  9922 D GnssJni : Successfully got GNSS AIDL handle. Version=2.
08-08 00:04:45.628  9922  9956 W ActivityManager: Dumping Java threads failed, initiating native stack dump.
08-08 00:04:46.144  9922 10226 W InputManager: Input event injection from pid 10449 failed.
08-08 00:04:46.150  9922  9922 W watchdog: type=1400 audit(0.0:5011): avc:  denied  { read } for  name="transactions" dev="binder" ino=1048587 scontext=u:r:system_server:s0 tcontext=u:object_r:binderfs_logs_transactions:s0 tclass=file permissive=0
08-08 00:04:46.268  9922  9956 E system_server: Could not open /dev/binderfs/binder_logs/transactions. Likely a permissions issue. errno: 2
08-08 00:04:46.271  9922  9956 E android.os.Debug: Failed to get binder state info for pid: 9922 status: -2: No such file or directory
08-08 00:04:46.387  9922  9956 I system_server: libdebuggerd_client: started dumping process 9922
08-08 00:04:46.393  9922 10226 W InputManager: Input event injection from pid 10449 failed.
08-08 00:04:46.517   273   273 I tombstoned: registered intercept for pid 9922 and type kDebuggerdNativeBacktrace
08-08 00:04:46.537  9922  9922 I libc    : Requested dump for pid 9922 (system_server)
08-08 00:04:46.663 10394 10394 I WebViewZygoteInit: Application preload done
08-08 00:04:46.989  9751  9756 D BootAnimation: Playing files = /product/media/bootanimation.zip/part3, Requested repeat = 0, playUntilComplete = false
08-08 00:04:47.062  9758  9758 I Zygote  : Process 10372 exited cleanly (0)
08-08 00:04:48.786   273   273 I tombstoned: received crash request for pid 9922
08-08 00:04:48.888  9922  9956 E system_server: libdebuggerd_client: failed to read status response from tombstoned: Try again
08-08 00:04:48.908   273   273 I tombstoned: intercept for pid 9922 and type kDebuggerdNativeBacktrace terminated: due to input
08-08 00:04:49.060  9922  9936 I system_server: Wrote stack traces to tombstoned
08-08 00:04:49.062   273   273 E tombstoned: Traces for pid 9922 written to: trace_01
08-08 00:04:49.525  9751  9756 D BootAnimation: Playing files = /product/media/bootanimation.zip/part3, Requested repeat = 0, playUntilComplete = false