--------- beginning of main
08-07 23:03:59.748  9322  9322 I TestMarker: TEST_Back Navigation_1754600640
08-07 23:03:59.936  9326  9326 W screencap: Thread Pool max thread count is 0. Cannot cache binder as linkToDeath cannot be implemented. serviceName: SurfaceFlingerAIDL
08-07 23:03:59.936  9326  9326 W BpBinder: Linking to death on android.gui.ISurfaceComposer but there are no threads (yet?) listening to incoming transactions. See ProcessState::startThreadPool and ProcessState::setThreadPoolMaxThreadCount. Generally you should setup the binder threadpool before other initialization steps.
08-07 23:03:59.936  9326  9326 W ProcessState: Extra binder thread started, but 0 threads requested. Do not use *startThreadPool when zero threads are requested.
08-07 23:03:59.941   504  1168 E HwcComposer: getLuts failed Status(-8, EX_SERVICE_SPECIFIC): '8: '
08-07 23:03:59.941   504  1168 E HWComposer: getLuts: getLuts failed for display 4619827259835644672: UNSUPPORTED (8)
08-07 23:04:00.264  1422  1422 I StylusModule: StylusModule.onUpdateToolType():801 Update tool type = 0
--------- beginning of system
08-07 23:04:00.322   944  1049 V WindowManagerShell: Transition requested (#64): android.os.BinderProxy@c82986e TransitionRequestInfo { type = CLOSE, triggerTask = null, pipChange = null, remoteTransition = null, displayChange = null, flags = 0, debugId = 64 }
08-07 23:04:00.327   504  1168 I BpBinder: onLastStrongRef automatically unlinking death recipients: 
08-07 23:04:00.342   504   504 I BpBinder: onLastStrongRef automatically unlinking death recipients: 
08-07 23:04:00.349  6726  6726 D MainActivity: ⏸️ MainActivity paused
08-07 23:04:00.351  6726  6759 D SessionLifecycleClient: Sending lifecycle 2 to service
08-07 23:04:00.357   677   899 D BackgroundInstallControlService: Package event received: 0
08-07 23:04:00.362  6726  6776 D SessionLifecycleService: Activity backgrounding at 10867811
08-07 23:04:00.378   677   899 D BackgroundInstallControlService: Package event received: 0
08-07 23:04:00.378   677   899 D BackgroundInstallControlService: Package event received: 0
08-07 23:04:00.395  6726  6726 D ViewRootImpl: Skipping stats log for color mode
08-07 23:04:00.407  6726  6726 D MainActivity: 📱 MainActivity resumed
08-07 23:04:00.417  6726  6770 D SessionLifecycleClient: Sending lifecycle 1 to service
08-07 23:04:00.418  6726  6776 D SessionLifecycleService: Activity foregrounding at 10867875.
08-07 23:04:00.434   677   899 D BackgroundInstallControlService: Package event received: 0
08-07 23:04:00.439   677   899 D BackgroundInstallControlService: Package event received: 0
08-07 23:04:00.450   677   899 D BackgroundInstallControlService: Package event received: 0
08-07 23:04:00.499  1600  1600 D BoundBrokerSvc: onBind: Intent { act=com.google.android.gms.measurement.START xflg=0x4 pkg=com.google.android.gms }
08-07 23:04:00.500  1600  1600 D BoundBrokerSvc: Loading bound service for intent: Intent { act=com.google.android.gms.measurement.START xflg=0x4 pkg=com.google.android.gms }
08-07 23:04:00.549   677   727 V WindowManager: Sent Transition (#64) createdAt=08-07 23:04:00.319 via request=TransitionRequestInfo { type = CLOSE, triggerTask = null, pipChange = null, remoteTransition = null, displayChange = null, flags = 0, debugId = 64 }
08-07 23:04:00.549   677   727 V WindowManager:     startWCT=WindowContainerTransaction { changes= {} hops= [] errorCallbackToken=null taskFragmentOrganizer=null }
08-07 23:04:00.550   677   727 V WindowManager:     info={id=64 t=CLOSE f=0x0 trk=0 r=[0@Point(0, 0)] c=[
08-07 23:04:00.550   677   727 V WindowManager:         {m=CLOSE f=FILLS_TASK leash=Surface(name=ActivityRecord{49443944 u0 com.voicecontrol.app/.MainActivity)/@0x72d410a sb=Rect(0, 0 - 1080, 2424) eb=Rect(0, 0 - 1080, 2424) epz=Point(1080, 2424) d=0 bc=fffafafa component=com.voicecontrol.app/.MainActivity opt={t=FROM_STYLE mUserId=0}},
08-07 23:04:00.550   677   727 V WindowManager:         {m=TO_FRONT f=FILLS_TASK leash=Surface(name=ActivityRecord{71941648 u0 com.voicecontrol.app/.MainActivity)/@0xbee3c5a sb=Rect(0, 0 - 1080, 2424) eb=Rect(0, 0 - 1080, 2424) epz=Point(1080, 2424) d=0 bc=fffafafa component=com.voicecontrol.app/.MainActivity opt={t=FROM_STYLE mUserId=0}}
08-07 23:04:00.550   677   727 V WindowManager:     ]}
08-07 23:04:00.550   944  1165 V WindowManagerShell: onTransitionReady(transaction=2907692861781)
08-07 23:04:00.551   944  1049 V WindowManagerShell: onTransitionReady (#64) android.os.BinderProxy@c82986e: {id=64 t=CLOSE f=0x0 trk=0 r=[0@Point(0, 0)] c=[
08-07 23:04:00.551   944  1049 V WindowManagerShell:         {m=CLOSE f=FILLS_TASK leash=Surface(name=ActivityRecord{49443944 u0 com.voicecontrol.app/.MainActivity)/@0x1209b0f sb=Rect(0, 0 - 1080, 2424) eb=Rect(0, 0 - 1080, 2424) epz=Point(1080, 2424) d=0 bc=fffafafa component=com.voicecontrol.app/.MainActivity opt={t=FROM_STYLE mUserId=0}},
08-07 23:04:00.551   944  1049 V WindowManagerShell:         {m=TO_FRONT f=FILLS_TASK leash=Surface(name=ActivityRecord{71941648 u0 com.voicecontrol.app/.MainActivity)/@0x6bac79c sb=Rect(0, 0 - 1080, 2424) eb=Rect(0, 0 - 1080, 2424) epz=Point(1080, 2424) d=0 bc=fffafafa component=com.voicecontrol.app/.MainActivity opt={t=FROM_STYLE mUserId=0}}
08-07 23:04:00.551   944  1049 V WindowManagerShell:     ]}
08-07 23:04:00.553   944  1049 V WindowManagerShell: Playing animation for (#64) android.os.BinderProxy@c82986e@0
08-07 23:04:00.553   944  1049 V ShellRecents: RecentsTransitionHandler.startAnimation: no controller found
08-07 23:04:00.555   944  1049 V WindowManagerShell: Transition doesn't have explicit remote, search filters for match for {id=64 t=CLOSE f=0x0 trk=0 r=[0@Point(0, 0)] c=[{m=CLOSE f=FILLS_TASK leash=Surface(name=ActivityRecord{49443944 u0 com.voicecontrol.app/.MainActivity)/@0x1209b0f sb=Rect(0, 0 - 1080, 2424) eb=Rect(0, 0 - 1080, 2424) epz=Point(1080, 2424) d=0 bc=fffafafa component=com.voicecontrol.app/.MainActivity opt={t=FROM_STYLE mUserId=0}},{m=TO_FRONT f=FILLS_TASK leash=Surface(name=ActivityRecord{71941648 u0 com.voicecontrol.app/.MainActivity)/@0x6bac79c sb=Rect(0, 0 - 1080, 2424) eb=Rect(0, 0 - 1080, 2424) epz=Point(1080, 2424) d=0 bc=fffafafa component=com.voicecontrol.app/.MainActivity opt={t=FROM_STYLE mUserId=0}}]}
08-07 23:04:00.555   944  1049 V WindowManagerShell:  Checking filter Pair{{types=[] flags=0x0] notFlags=0x0 checks=[{atype=undefined independent=true modes=[CLOSE,TO_BACK] flags=IN_TASK_WITH_EMBEDDED_ACTIVITY mustBeTask=false order=ANY topActivity=null launchCookie=null taskFragmentToken=android.os.BinderProxy@89bd885 windowingMode=undefined}]} RemoteTransition { remoteTransition = android.window.IRemoteTransition$Stub$Proxy@231e6da, appThread = android.app.IApplicationThread$Stub$Proxy@a31e70b, debugName = overlayBackTransition }}
08-07 23:04:00.556   944  1049 V WindowManagerShell:  Checking filter Pair{{types=[] flags=0x0] notFlags=0x0 checks=[{atype=dream independent=true modes=[OPEN,TO_FRONT] flags=NONE mustBeTask=false order=ANY topActivity=null launchCookie=null windowingMode=undefined},{atype=home independent=true modes=[CLOSE,TO_BACK] flags=NONE mustBeTask=false order=ANY topActivity=null launchCookie=null windowingMode=undefined}]} RemoteTransition { remoteTransition = android.window.IRemoteTransition$Stub$Proxy@926e9e8, appThread = android.app.IApplicationThread$Stub$Proxy@2467801, debugName = LauncherToDream }}
08-07 23:04:00.556   944  1049 V WindowManagerShell:  Checking filter Pair{{types=[] flags=0x0] notFlags=0x100 checks=[{atype=home independent=true modes=[OPEN,TO_FRONT] flags=NONE mustBeTask=false order=TOP topActivity=ComponentInfo{com.google.android.apps.nexuslauncher/com.google.android.apps.nexuslauncher.NexusLauncherActivity} launchCookie=null windowingMode=undefined},{atype=standard independent=true modes=[CLOSE,TO_BACK] flags=NONE mustBeTask=false order=ANY topActivity=null launchCookie=null windowingMode=undefined},{NOT atype=undefined independent=true modes=[] flags=NONE mustBeTask=true order=ANY topActivity=null launchCookie=null customAnim=true windowingMode=undefined}]} RemoteTransition { remoteTransition = android.window.IRemoteTransition$Stub$Proxy@995e8e7, appThread = android.app.IApplicationThread$Stub$Proxy@b74bc94, debugName = QuickstepLaunchHome }}
08-07 23:04:00.556   944  1049 V WindowManagerShell:  Delegate animation for (#64) to null
08-07 23:04:00.556   944  1049 V WindowManagerShell: start default transition animation, info = {id=64 t=CLOSE f=0x0 trk=0 r=[0@Point(0, 0)] c=[{m=CLOSE f=FILLS_TASK leash=Surface(name=ActivityRecord{49443944 u0 com.voicecontrol.app/.MainActivity)/@0x1209b0f sb=Rect(0, 0 - 1080, 2424) eb=Rect(0, 0 - 1080, 2424) epz=Point(1080, 2424) d=0 bc=fffafafa component=com.voicecontrol.app/.MainActivity opt={t=FROM_STYLE mUserId=0}},{m=TO_FRONT f=FILLS_TASK leash=Surface(name=ActivityRecord{71941648 u0 com.voicecontrol.app/.MainActivity)/@0x6bac79c sb=Rect(0, 0 - 1080, 2424) eb=Rect(0, 0 - 1080, 2424) epz=Point(1080, 2424) d=0 bc=fffafafa component=com.voicecontrol.app/.MainActivity opt={t=FROM_STYLE mUserId=0}}]}
08-07 23:04:00.561   944  1049 V WindowManagerShell: loadAnimation: anim=android.view.animation.AnimationSet@ad5d92b animAttr=0x6 type=CLOSE isEntrance=true
08-07 23:04:00.561   677   730 W IPCThreadState: Sending oneway calls to frozen process.
08-07 23:04:00.561   677   730 W IPCThreadState: Sending oneway calls to frozen process.
08-07 23:04:00.561   677   730 W IPCThreadState: Sending oneway calls to frozen process.
08-07 23:04:00.562   944  1049 V WindowManagerShell: loadAnimation: anim=android.view.animation.AnimationSet@5b14746 animAttr=0x7 type=CLOSE isEntrance=false
08-07 23:04:00.562   677   730 W IPCThreadState: Sending oneway calls to frozen process.
08-07 23:04:00.562   677   730 W IPCThreadState: Sending oneway calls to frozen process.
08-07 23:04:00.562   677   730 W IPCThreadState: Sending oneway calls to frozen process.
08-07 23:04:00.562   677   730 W IPCThreadState: Sending oneway calls to frozen process.
08-07 23:04:00.562   944  1049 V WindowManagerShell:  animated by com.android.wm.shell.transition.DefaultTransitionHandler@a94f1c0
08-07 23:04:00.562   677   730 W IPCThreadState: Sending oneway calls to frozen process.
08-07 23:04:00.563   677   730 W IPCThreadState: Sending oneway calls to frozen process.
08-07 23:04:00.563   677   730 W IPCThreadState: Sending oneway calls to frozen process.
08-07 23:04:00.563   677   730 W IPCThreadState: Sending oneway calls to frozen process.
08-07 23:04:00.563   677   730 W IPCThreadState: Sending oneway calls to frozen process.
08-07 23:04:00.563   677   730 W IPCThreadState: Sending oneway calls to frozen process.
08-07 23:04:00.563   677   730 W IPCThreadState: Sending oneway calls to frozen process.
08-07 23:04:00.563   677   730 W IPCThreadState: Sending oneway calls to frozen process.
08-07 23:04:00.564   677   730 W IPCThreadState: Sending oneway calls to frozen process.
08-07 23:04:00.564   677   730 W IPCThreadState: Sending oneway calls to frozen process.
08-07 23:04:00.564   677   730 W IPCThreadState: Sending oneway calls to frozen process.
08-07 23:04:00.564   677   730 W IPCThreadState: Sending oneway calls to frozen process.
08-07 23:04:00.564   677   730 W IPCThreadState: Sending oneway calls to frozen process.
08-07 23:04:00.565   677   730 W IPCThreadState: Sending oneway calls to frozen process.
08-07 23:04:00.568   677   730 W IPCThreadState: Sending oneway calls to frozen process.
08-07 23:04:00.568   677   730 W IPCThreadState: Sending oneway calls to frozen process.
08-07 23:04:00.568   677   730 W IPCThreadState: Sending oneway calls to frozen process.
08-07 23:04:00.569   677   730 W IPCThreadState: Sending oneway calls to frozen process.
08-07 23:04:00.569   677   730 W IPCThreadState: Sending oneway calls to frozen process.
08-07 23:04:00.569   677   730 W IPCThreadState: Sending oneway calls to frozen process.
08-07 23:04:00.569   677   730 W IPCThreadState: Sending oneway calls to frozen process.
08-07 23:04:00.569   677   730 W IPCThreadState: Sending oneway calls to frozen process.
08-07 23:04:00.569   677   730 W IPCThreadState: Sending oneway calls to frozen process.
08-07 23:04:00.569   677   730 W IPCThreadState: Sending oneway calls to frozen process.
08-07 23:04:00.569   677   730 W IPCThreadState: Sending oneway calls to frozen process.
08-07 23:04:00.569   677   730 W IPCThreadState: Sending oneway calls to frozen process.
08-07 23:04:00.569   677   730 W IPCThreadState: Sending oneway calls to frozen process.
08-07 23:04:00.569   677   730 W IPCThreadState: Sending oneway calls to frozen process.
08-07 23:04:00.569   677   730 W IPCThreadState: Sending oneway calls to frozen process.
08-07 23:04:00.570   677   730 W IPCThreadState: Sending oneway calls to frozen process.
08-07 23:04:00.570   677   730 W IPCThreadState: Sending oneway calls to frozen process.
08-07 23:04:00.570   677   730 W IPCThreadState: Sending oneway calls to frozen process.
08-07 23:04:00.570   677   730 W IPCThreadState: Sending oneway calls to frozen process.
08-07 23:04:00.570   677   730 W IPCThreadState: Sending oneway calls to frozen process.
08-07 23:04:00.570   677   730 W IPCThreadState: Sending oneway calls to frozen process.
08-07 23:04:00.590   677   818 I ImeTracker: com.voicecontrol.app:fd0e30e4: onRequestHide at ORIGIN_SERVER reason HIDE_UNSPECIFIED_WINDOW fromUser false
08-07 23:04:00.590  6726  6726 D InsetsController: hide(ime(), fromIme=false)
08-07 23:04:00.590  6726  6726 I ImeTracker: com.voicecontrol.app:fd0e30e4: onCancelled at PHASE_CLIENT_ALREADY_HIDDEN
08-07 23:04:00.592  1600  9265 D AdvertisingIdClient: AdvertisingIdClient already created.
08-07 23:04:00.600  1600  9265 I AdvertisingIdClient: shouldSendLog -1
08-07 23:04:00.600  1600  9265 I AdvertisingIdClient: GetInfoInternal elapse 8ms
08-07 23:04:00.605  1422  1422 I GoogleInputMethodService: GoogleInputMethodService.onFinishInput():2043 
08-07 23:04:00.607   677  1306 I ImeTracker: system_server:c34065bc: onRequestHide at ORIGIN_SERVER reason IME_REQUESTED_CHANGED_LISTENER fromUser false
08-07 23:04:00.614   677   730 I ImeTracker: system_server:c34065bc: onCancelled at PHASE_SERVER_SHOULD_HIDE
08-07 23:04:00.624  1422  1422 I Module  : DeviceLockedStatusModuleProvider$Module.updateDeviceLockedStatus():100 repeatCheckTimes = 0, locked = false
08-07 23:04:00.627  1422  1422 I GoogleInputMethodService: GoogleInputMethodService.onStartInput():1293 onStartInput(EditorInfo{EditorInfo{packageName=com.voicecontrol.app, inputType=0, inputTypeString=NULL, enableLearning=false, autoCorrection=false, autoComplete=false, imeOptions=0, privateImeOptions=null, actionName=UNSPECIFIED, actionLabel=null, initialSelStart=-1, initialSelEnd=-1, initialCapsMode=0, label=null, fieldId=0, fieldName=null, extras=null, hintText=null, hintLocales=[]}}, false)
08-07 23:04:00.630  1422  1422 I Module  : DeviceLockedStatusModuleProvider$Module.updateDeviceLockedStatus():100 repeatCheckTimes = 1, locked = false
08-07 23:04:00.631  1262  1262 D BoundBrokerSvc: onUnbind: Intent { act=com.google.android.gms.presencemanager.service.START dat=chimera-action:/... xflg=0x4 cmp=com.google.android.gms/.chimera.PersistentApiService }
08-07 23:04:00.632   677   716 W PackageConfigPersister: App-specific configuration not found for packageName: com.voicecontrol.app and userId: 0
08-07 23:04:00.641  1262  1262 D BoundBrokerSvc: onUnbind: Intent { act=com.google.android.gms.presencemanager.service.INTERNAL_IDENTITY dat=chimera-action:/... xflg=0x4 cmp=com.google.android.gms/.chimera.PersistentApiService }
08-07 23:04:00.651  1600  1600 I AdvertisingIdClient: getting error as 17: API: ClientTelemetry.API is not available on this device. Connection failed with: ConnectionResult{statusCode=API_DISABLED, resolution=null, message=null}
08-07 23:04:00.664  1262  9145 I NetworkScheduler: (REDACTED) Error inserting %s
08-07 23:04:00.665  1262  9145 I NetworkScheduler: (REDACTED) Error inserting %s
08-07 23:04:01.026   944  1049 V WindowManagerShell: Transition animation finished (aborted=false), notifying core (#64) android.os.BinderProxy@c82986e@0
08-07 23:04:01.030   677   727 V WindowManager: Finish Transition (#64): created at 08-07 23:04:00.319 collect-started=0.468ms request-sent=1.268ms started=11.403ms ready=70.223ms sent=217.507ms commit=43.539ms finished=709.781ms
08-07 23:04:01.033   944  1049 V WindowManagerShell: Track 0 became idle
08-07 23:04:01.033   944  1049 V WindowManagerShell: All active transition animations finished
08-07 23:04:01.033  6726  6726 D VRI[MainActivity]: visibilityChanged oldVisibility=true newVisibility=false
08-07 23:04:01.086  6726  6726 D FirebaseAuthService: 🛑 Stopping Firebase Auth state observation
08-07 23:04:01.087  6726  6726 W WindowOnBackDispatcher: sendCancelIfRunning: isInProgress=false callback=android.app.Activity$$ExternalSyntheticLambda0@dda35bd
08-07 23:04:01.087  6726  6726 D MainActivity: 🛑 MainActivity destroyed
08-07 23:04:01.088   677  2040 D CoreBackPreview: Window{aaf6103 u0 com.voicecontrol.app/com.voicecontrol.app.MainActivity}: Setting back callback null
08-07 23:04:01.090  6726  6726 D ViewRootImpl: Skipping stats log for color mode
08-07 23:04:01.096   677   899 D BackgroundInstallControlService: Package event received: 0
08-07 23:04:02.094  1071  1284 D SatelliteController: iisInCarrierRoamingNbIotNtn: satellite is disabled